#
# There is insufficient memory for the Java Runtime Environment to continue.
# Native memory allocation (malloc) failed to allocate 1452496 bytes. Error detail: Chunk::new
# Possible reasons:
#   The system is out of physical RAM or swap space
#   This process is running with CompressedOops enabled, and the Java Heap may be blocking the growth of the native heap
# Possible solutions:
#   Reduce memory load on the system
#   Increase physical memory or swap space
#   Check if swap backing store is full
#   Decrease Java heap size (-Xmx/-Xms)
#   Decrease number of Java threads
#   Decrease Java thread stack sizes (-Xss)
#   Set larger code cache with -XX:ReservedCodeCacheSize=
#   JVM is running with Unscaled Compressed Oops mode in which the Java heap is
#     placed in the first 4GB address space. The Java Heap base address is the
#     maximum limit for the native heap growth. Please use -XX:HeapBaseMinAddress
#     to set the Java Heap base and to place the Java Heap above 4GB virtual address.
# This output file may be truncated or incomplete.
#
#  Out of Memory Error (arena.cpp:168), pid=25840, tid=11712
#
# JRE version: OpenJDK Runtime Environment Temurin-21.0.9+10 (21.0.9+10) (build 21.0.9+10-LTS)
# Java VM: OpenJDK 64-Bit Server VM Temurin-21.0.9+10 (21.0.9+10-LTS, mixed mode, sharing, tiered, compressed oops, compressed class ptrs, parallel gc, windows-amd64)
# No core dump will be written. Minidumps are not enabled by default on client versions of Windows
#

---------------  S U M M A R Y ------------

Command Line: --add-modules=ALL-SYSTEM --add-opens=java.base/java.util=ALL-UNNAMED --add-opens=java.base/java.lang=ALL-UNNAMED --add-opens=java.base/sun.nio.fs=ALL-UNNAMED -Declipse.application=org.eclipse.jdt.ls.core.id1 -Dosgi.bundles.defaultStartLevel=4 -Declipse.product=org.eclipse.jdt.ls.core.product -Djava.import.generatesMetadataFilesAtProjectRoot=false -DDetectVMInstallationsJob.disabled=true -Dfile.encoding=utf8 -XX:+UseParallelGC -XX:GCTimeRatio=4 -XX:AdaptiveSizePolicyWeight=90 -Dsun.zip.disableMemoryMapping=true -Xmx2G -Xms100m -Xlog:disable -javaagent:c:\Users\gunag\.vscode\extensions\redhat.java-1.51.0-win32-x64\lombok\lombok-1.18.39-4050.jar -XX:+HeapDumpOnOutOfMemoryError -XX:HeapDumpPath=c:\Users\gunag\AppData\Roaming\Code\User\workspaceStorage\03754608f56864d57c6f8800f3b15a86\redhat.java -Daether.dependencyCollector.impl=bf c:\Users\gunag\.vscode\extensions\redhat.java-1.51.0-win32-x64\server\plugins\org.eclipse.equinox.launcher_1.7.100.v20251111-0406.jar -configuration c:\Users\gunag\AppData\Roaming\Code\User\globalStorage\redhat.java\1.51.0\config_win -data c:\Users\gunag\AppData\Roaming\Code\User\workspaceStorage\03754608f56864d57c6f8800f3b15a86\redhat.java\jdt_ws --pipe=\\.\pipe\lsp-68ac81a2d443255382189ed7a284b960-sock

Host: 12th Gen Intel(R) Core(TM) i5-1235U, 12 cores, 7G,  Windows 11 , 64 bit Build 26100 (10.0.26100.7309)
Time: Wed Jan 14 14:27:36 2026 India Standard Time elapsed time: 88.877257 seconds (0d 0h 1m 28s)

---------------  T H R E A D  ---------------

Current thread (0x0000027e97f24fa0):  JavaThread "C2 CompilerThread2" daemon [_thread_in_native, id=11712, stack(0x000000af9a900000,0x000000af9aa00000) (1024K)]


Current CompileTask:
C2:88877 6135   !   4       org.eclipse.osgi.internal.loader.BundleLoader::findLocalClass (159 bytes)

Stack: [0x000000af9a900000,0x000000af9aa00000]
Native frames: (J=compiled Java code, j=interpreted, Vv=VM code, C=native code)
V  [jvm.dll+0x6d6e29]
V  [jvm.dll+0x8b4b76]
V  [jvm.dll+0x8b712e]
V  [jvm.dll+0x8b7813]
V  [jvm.dll+0x283d86]
V  [jvm.dll+0xc66ed]
V  [jvm.dll+0xc6c31]
V  [jvm.dll+0x3be501]
V  [jvm.dll+0x38ab92]
V  [jvm.dll+0x389fda]
V  [jvm.dll+0x24bfa0]
V  [jvm.dll+0x24b580]
V  [jvm.dll+0x1cb13e]
V  [jvm.dll+0x25b29d]
V  [jvm.dll+0x25982a]
V  [jvm.dll+0x3f7ea6]
V  [jvm.dll+0x85e9ad]
V  [jvm.dll+0x6d565d]
C  [ucrtbase.dll+0x37b0]
C  [KERNEL32.DLL+0x2e8d7]
C  [ntdll.dll+0x8c53c]


---------------  P R O C E S S  ---------------

Threads class SMR info:
_java_thread_list=0x0000027e98d7bb20, length=54, elements={
0x0000027e37afc9d0, 0x0000027e37aad700, 0x0000027e914523a0, 0x0000027e91455970,
0x0000027e914565c0, 0x0000027e91459120, 0x0000027e91459b70, 0x0000027e9145a9a0,
0x0000027e914d3d40, 0x0000027e91679710, 0x0000027e96265580, 0x0000027e962f0fd0,
0x0000027e9655fdc0, 0x0000027e91693610, 0x0000027e91848300, 0x0000027e966a5b90,
0x0000027e9683e8e0, 0x0000027e96dcf0c0, 0x0000027e96dd0470, 0x0000027e96dcf750,
0x0000027e96dccff0, 0x0000027e97a5adf0, 0x0000027e97f24fa0, 0x0000027e96dcd680,
0x0000027e96dce3a0, 0x0000027e96dcfde0, 0x0000027e96dcdd10, 0x0000027e97fad320,
0x0000027e97fad9b0, 0x0000027e97fae040, 0x0000027e97facc90, 0x0000027e97fb14c0,
0x0000027e97fb1b50, 0x0000027e97fae6d0, 0x0000027e97fb21e0, 0x0000027e97faf3f0,
0x0000027e97faed60, 0x0000027e97fb2870, 0x0000027e97fb0e30, 0x0000027e97fb2f00,
0x0000027e97fafa80, 0x0000027e97fb3590, 0x0000027e97fb0110, 0x0000027e97fb3c20,
0x0000027e97fb07a0, 0x0000027e97fb42b0, 0x0000027e9a3a1d50, 0x0000027e9a3a16c0,
0x0000027e9a3a3100, 0x0000027e9a3a23e0, 0x0000027e9a3a2a70, 0x0000027e9a3a44b0,
0x0000027e9a3a3790, 0x0000027e9a3a3e20
}

Java Threads: ( => current thread )
  0x0000027e37afc9d0 JavaThread "main"                              [_thread_blocked, id=32760, stack(0x000000af98900000,0x000000af98a00000) (1024K)]
  0x0000027e37aad700 JavaThread "Reference Handler"          daemon [_thread_blocked, id=23932, stack(0x000000af98d00000,0x000000af98e00000) (1024K)]
  0x0000027e914523a0 JavaThread "Finalizer"                  daemon [_thread_blocked, id=34596, stack(0x000000af98e00000,0x000000af98f00000) (1024K)]
  0x0000027e91455970 JavaThread "Signal Dispatcher"          daemon [_thread_blocked, id=23068, stack(0x000000af98f00000,0x000000af99000000) (1024K)]
  0x0000027e914565c0 JavaThread "Attach Listener"            daemon [_thread_blocked, id=35736, stack(0x000000af99000000,0x000000af99100000) (1024K)]
  0x0000027e91459120 JavaThread "Service Thread"             daemon [_thread_blocked, id=23688, stack(0x000000af99100000,0x000000af99200000) (1024K)]
  0x0000027e91459b70 JavaThread "Monitor Deflation Thread"   daemon [_thread_blocked, id=10528, stack(0x000000af99200000,0x000000af99300000) (1024K)]
  0x0000027e9145a9a0 JavaThread "C2 CompilerThread0"         daemon [_thread_in_native, id=24424, stack(0x000000af99300000,0x000000af99400000) (1024K)]
  0x0000027e914d3d40 JavaThread "C1 CompilerThread0"         daemon [_thread_blocked, id=31312, stack(0x000000af99400000,0x000000af99500000) (1024K)]
  0x0000027e91679710 JavaThread "Common-Cleaner"             daemon [_thread_blocked, id=17168, stack(0x000000af99500000,0x000000af99600000) (1024K)]
  0x0000027e96265580 JavaThread "Notification Thread"        daemon [_thread_blocked, id=29848, stack(0x000000af99600000,0x000000af99700000) (1024K)]
  0x0000027e962f0fd0 JavaThread "Active Thread: Equinox Container: b433b0d3-5437-4fe9-9ee9-74935355dbac"        [_thread_blocked, id=20512, stack(0x000000af99d00000,0x000000af99e00000) (1024K)]
  0x0000027e9655fdc0 JavaThread "Refresh Thread: Equinox Container: b433b0d3-5437-4fe9-9ee9-74935355dbac" daemon [_thread_blocked, id=23772, stack(0x000000af99f00000,0x000000af9a000000) (1024K)]
  0x0000027e91693610 JavaThread "Framework Event Dispatcher: Equinox Container: b433b0d3-5437-4fe9-9ee9-74935355dbac" daemon [_thread_blocked, id=26824, stack(0x000000af9a000000,0x000000af9a100000) (1024K)]
  0x0000027e91848300 JavaThread "Start Level: Equinox Container: b433b0d3-5437-4fe9-9ee9-74935355dbac" daemon [_thread_blocked, id=12456, stack(0x000000af9a100000,0x000000af9a200000) (1024K)]
  0x0000027e966a5b90 JavaThread "Bundle File Closer"         daemon [_thread_blocked, id=35432, stack(0x000000af9a200000,0x000000af9a300000) (1024K)]
  0x0000027e9683e8e0 JavaThread "SCR Component Actor"        daemon [_thread_blocked, id=34588, stack(0x000000af9a300000,0x000000af9a400000) (1024K)]
  0x0000027e96dcf0c0 JavaThread "Worker-JM"                         [_thread_blocked, id=1088, stack(0x000000af9a400000,0x000000af9a500000) (1024K)]
  0x0000027e96dd0470 JavaThread "JNA Cleaner"                daemon [_thread_blocked, id=12860, stack(0x000000af9a500000,0x000000af9a600000) (1024K)]
  0x0000027e96dcf750 JavaThread "Worker-0"                          [_thread_blocked, id=34528, stack(0x000000af9a600000,0x000000af9a700000) (1024K)]
  0x0000027e96dccff0 JavaThread "Worker-1"                          [_thread_blocked, id=18912, stack(0x000000af9a700000,0x000000af9a800000) (1024K)]
  0x0000027e97a5adf0 JavaThread "C2 CompilerThread1"         daemon [_thread_in_native, id=19044, stack(0x000000af9a800000,0x000000af9a900000) (1024K)]
=>0x0000027e97f24fa0 JavaThread "C2 CompilerThread2"         daemon [_thread_in_native, id=11712, stack(0x000000af9a900000,0x000000af9aa00000) (1024K)]
  0x0000027e96dcd680 JavaThread "Java indexing"              daemon [_thread_blocked, id=23756, stack(0x000000af9aa00000,0x000000af9ab00000) (1024K)]
  0x0000027e96dce3a0 JavaThread "Worker-2"                          [_thread_blocked, id=5928, stack(0x000000af9ab00000,0x000000af9ac00000) (1024K)]
  0x0000027e96dcfde0 JavaThread "Worker-3"                          [_thread_blocked, id=15860, stack(0x000000af9ae00000,0x000000af9af00000) (1024K)]
  0x0000027e96dcdd10 JavaThread "Worker-4: Initialize Workspace"        [_thread_in_vm, id=16696, stack(0x000000af9af00000,0x000000af9b000000) (1024K)]
  0x0000027e97fad320 JavaThread "Thread-1"                   daemon [_thread_in_native, id=27316, stack(0x000000af9b000000,0x000000af9b100000) (1024K)]
  0x0000027e97fad9b0 JavaThread "Thread-2"                   daemon [_thread_in_native, id=24956, stack(0x000000af9b100000,0x000000af9b200000) (1024K)]
  0x0000027e97fae040 JavaThread "Thread-3"                   daemon [_thread_in_native, id=15828, stack(0x000000af9b200000,0x000000af9b300000) (1024K)]
  0x0000027e97facc90 JavaThread "Thread-4"                   daemon [_thread_in_native, id=15392, stack(0x000000af9b300000,0x000000af9b400000) (1024K)]
  0x0000027e97fb14c0 JavaThread "Thread-5"                   daemon [_thread_in_native, id=18384, stack(0x000000af9b400000,0x000000af9b500000) (1024K)]
  0x0000027e97fb1b50 JavaThread "Thread-6"                   daemon [_thread_in_native, id=34512, stack(0x000000af9b500000,0x000000af9b600000) (1024K)]
  0x0000027e97fae6d0 JavaThread "Thread-7"                   daemon [_thread_in_native, id=8628, stack(0x000000af9b600000,0x000000af9b700000) (1024K)]
  0x0000027e97fb21e0 JavaThread "Thread-8"                   daemon [_thread_in_native, id=25892, stack(0x000000af9b700000,0x000000af9b800000) (1024K)]
  0x0000027e97faf3f0 JavaThread "Thread-9"                   daemon [_thread_in_native, id=3540, stack(0x000000af9b800000,0x000000af9b900000) (1024K)]
  0x0000027e97faed60 JavaThread "Thread-10"                  daemon [_thread_in_native, id=18832, stack(0x000000af9b900000,0x000000af9ba00000) (1024K)]
  0x0000027e97fb2870 JavaThread "Thread-11"                  daemon [_thread_in_native, id=27712, stack(0x000000af9ba00000,0x000000af9bb00000) (1024K)]
  0x0000027e97fb0e30 JavaThread "Thread-12"                  daemon [_thread_in_native, id=28692, stack(0x000000af9bb00000,0x000000af9bc00000) (1024K)]
  0x0000027e97fb2f00 JavaThread "Thread-13"                  daemon [_thread_in_native, id=4752, stack(0x000000af9bc00000,0x000000af9bd00000) (1024K)]
  0x0000027e97fafa80 JavaThread "pool-2-thread-1"                   [_thread_blocked, id=30404, stack(0x000000af9bd00000,0x000000af9be00000) (1024K)]
  0x0000027e97fb3590 JavaThread "WorkspaceEventsHandler"            [_thread_blocked, id=16392, stack(0x000000af9be00000,0x000000af9bf00000) (1024K)]
  0x0000027e97fb0110 JavaThread "pool-1-thread-1"                   [_thread_blocked, id=19260, stack(0x000000af9bf00000,0x000000af9c000000) (1024K)]
  0x0000027e97fb3c20 JavaThread "ForkJoinPool.commonPool-worker-1" daemon [_thread_blocked, id=37344, stack(0x000000af9c000000,0x000000af9c100000) (1024K)]
  0x0000027e97fb07a0 JavaThread "ForkJoinPool.commonPool-worker-2" daemon [_thread_blocked, id=11352, stack(0x000000af9c100000,0x000000af9c200000) (1024K)]
  0x0000027e97fb42b0 JavaThread "ForkJoinPool.commonPool-worker-3" daemon [_thread_blocked, id=10808, stack(0x000000af9c200000,0x000000af9c300000) (1024K)]
  0x0000027e9a3a1d50 JavaThread "ForkJoinPool.commonPool-worker-4" daemon [_thread_blocked, id=26872, stack(0x000000af9c300000,0x000000af9c400000) (1024K)]
  0x0000027e9a3a16c0 JavaThread "ForkJoinPool.commonPool-worker-5" daemon [_thread_blocked, id=6848, stack(0x000000af9c400000,0x000000af9c500000) (1024K)]
  0x0000027e9a3a3100 JavaThread "ForkJoinPool.commonPool-worker-6" daemon [_thread_blocked, id=25444, stack(0x000000af9c500000,0x000000af9c600000) (1024K)]
  0x0000027e9a3a23e0 JavaThread "ForkJoinPool.commonPool-worker-7" daemon [_thread_blocked, id=36632, stack(0x000000af9c600000,0x000000af9c700000) (1024K)]
  0x0000027e9a3a2a70 JavaThread "ForkJoinPool.commonPool-worker-8" daemon [_thread_blocked, id=7736, stack(0x000000af9c700000,0x000000af9c800000) (1024K)]
  0x0000027e9a3a44b0 JavaThread "ForkJoinPool.commonPool-worker-9" daemon [_thread_blocked, id=7544, stack(0x000000af9c800000,0x000000af9c900000) (1024K)]
  0x0000027e9a3a3790 JavaThread "ForkJoinPool.commonPool-worker-10" daemon [_thread_blocked, id=2756, stack(0x000000af9c900000,0x000000af9ca00000) (1024K)]
  0x0000027e9a3a3e20 JavaThread "ForkJoinPool.commonPool-worker-11" daemon [_thread_blocked, id=6468, stack(0x000000af9ca00000,0x000000af9cb00000) (1024K)]
Total: 54

Other Threads:
  0x0000027e37a94530 VMThread "VM Thread"                           [id=16368, stack(0x000000af98c00000,0x000000af98d00000) (1024K)]
  0x0000027e3798ca00 WatcherThread "VM Periodic Task Thread"        [id=11564, stack(0x000000af98b00000,0x000000af98c00000) (1024K)]
  0x0000027e37b1c1a0 WorkerThread "GC Thread#0"                     [id=28376, stack(0x000000af98a00000,0x000000af98b00000) (1024K)]
  0x0000027e961a4cc0 WorkerThread "GC Thread#1"                     [id=33560, stack(0x000000af99700000,0x000000af99800000) (1024K)]
  0x0000027e961a92d0 WorkerThread "GC Thread#2"                     [id=15344, stack(0x000000af99800000,0x000000af99900000) (1024K)]
  0x0000027e961a9670 WorkerThread "GC Thread#3"                     [id=25144, stack(0x000000af99900000,0x000000af99a00000) (1024K)]
  0x0000027e961a9a10 WorkerThread "GC Thread#4"                     [id=10792, stack(0x000000af99a00000,0x000000af99b00000) (1024K)]
  0x0000027e9638a600 WorkerThread "GC Thread#5"                     [id=6400, stack(0x000000af99b00000,0x000000af99c00000) (1024K)]
  0x0000027e9638a9a0 WorkerThread "GC Thread#6"                     [id=14380, stack(0x000000af99c00000,0x000000af99d00000) (1024K)]
  0x0000027e916895f0 WorkerThread "GC Thread#7"                     [id=28380, stack(0x000000af99e00000,0x000000af99f00000) (1024K)]
  0x0000027e9168a470 WorkerThread "GC Thread#8"                     [id=20136, stack(0x000000af98600000,0x000000af98700000) (1024K)]
  0x0000027e91689d30 WorkerThread "GC Thread#9"                     [id=33080, stack(0x000000af98700000,0x000000af98800000) (1024K)]
Total: 12

Threads with active compile tasks:
C2 CompilerThread0  90934 6349   !   4       org.eclipse.osgi.internal.loader.classpath.ClasspathManager::defineClass (636 bytes)
C2 CompilerThread1  90934 6420   !   4       org.eclipse.osgi.internal.loader.BundleLoader::findClass0 (490 bytes)
C2 CompilerThread2  90934 6135   !   4       org.eclipse.osgi.internal.loader.BundleLoader::findLocalClass (159 bytes)
Total: 3

VM state: not at safepoint (normal execution)

VM Mutex/Monitor currently owned by a thread: None

Heap address: 0x0000000080000000, size: 2048 MB, Compressed Oops mode: 32-bit

CDS archive(s) mapped at: [0x0000027e4f000000-0x0000027e4fba0000-0x0000027e4fba0000), size 12189696, SharedBaseAddress: 0x0000027e4f000000, ArchiveRelocationMode: 1.
Compressed class space mapped at: 0x0000027e50000000-0x0000027e90000000, reserved size: 1073741824
Narrow klass base: 0x0000027e4f000000, Narrow klass shift: 0, Narrow klass range: 0x100000000

GC Precious Log:
 CardTable entry size: 512
 CPUs: 12 total, 12 available
 Memory: 7863M
 Large Page Support: Disabled
 NUMA Support: Disabled
 Compressed Oops: Enabled (32-bit)
 Alignments: Space 512K, Generation 512K, Heap 2M
 Heap Min Capacity: 100M
 Heap Initial Capacity: 100M
 Heap Max Capacity: 2G
 Pre-touch: Disabled
 Parallel Workers: 10

Heap:
 PSYoungGen      total 23552K, used 5667K [0x00000000d5580000, 0x00000000d7400000, 0x0000000100000000)
  eden space 22016K, 19% used [0x00000000d5580000,0x00000000d59a0cf0,0x00000000d6b00000)
  from space 1536K, 93% used [0x00000000d6d00000,0x00000000d6e68000,0x00000000d6e80000)
  to   space 3072K, 0% used [0x00000000d7100000,0x00000000d7100000,0x00000000d7400000)
 ParOldGen       total 68608K, used 34787K [0x0000000080000000, 0x0000000084300000, 0x00000000d5580000)
  object space 68608K, 50% used [0x0000000080000000,0x00000000821f8d70,0x0000000084300000)
 Metaspace       used 46791K, committed 48064K, reserved 1114112K
  class space    used 5117K, committed 5632K, reserved 1048576K

Card table byte_map: [0x0000027e374a0000,0x0000027e378b0000] _byte_map_base: 0x0000027e370a0000

Marking Bits: (ParMarkBitMap*) 0x00007ffb64c92460
 Begin Bits: [0x0000027e49fb0000, 0x0000027e4bfb0000)
 End Bits:   [0x0000027e4bfb0000, 0x0000027e4dfb0000)

Polling page: 0x0000027e35920000

Metaspace:

Usage:
  Non-class:     40.70 MB used.
      Class:      5.00 MB used.
       Both:     45.69 MB used.

Virtual space:
  Non-class space:       64.00 MB reserved,      41.44 MB ( 65%) committed,  1 nodes.
      Class space:        1.00 GB reserved,       5.50 MB ( <1%) committed,  1 nodes.
             Both:        1.06 GB reserved,      46.94 MB (  4%) committed. 

Chunk freelists:
   Non-Class:  6.05 MB
       Class:  10.51 MB
        Both:  16.55 MB

MaxMetaspaceSize: unlimited
CompressedClassSpaceSize: 1.00 GB
Initial GC threshold: 21.00 MB
Current GC threshold: 58.38 MB
CDS: on
 - commit_granule_bytes: 65536.
 - commit_granule_words: 8192.
 - virtual_space_node_default_size: 8388608.
 - enlarge_chunks_in_place: 1.
 - use_allocation_guard: 0.


Internal statistics:

num_allocs_failed_limit: 6.
num_arena_births: 982.
num_arena_deaths: 14.
num_vsnodes_births: 2.
num_vsnodes_deaths: 0.
num_space_committed: 751.
num_space_uncommitted: 0.
num_chunks_returned_to_freelist: 20.
num_chunks_taken_from_freelist: 3134.
num_chunk_merges: 11.
num_chunk_splits: 1914.
num_chunks_enlarged: 1041.
num_inconsistent_stats: 0.

CodeHeap 'non-profiled nmethods': size=120000Kb used=2914Kb max_used=2914Kb free=117085Kb
 bounds [0x0000027e427d0000, 0x0000027e42ab0000, 0x0000027e49d00000]
CodeHeap 'profiled nmethods': size=120000Kb used=12041Kb max_used=12041Kb free=107958Kb
 bounds [0x0000027e3ad00000, 0x0000027e3b8d0000, 0x0000027e42230000]
CodeHeap 'non-nmethods': size=5760Kb used=1366Kb max_used=1444Kb free=4393Kb
 bounds [0x0000027e42230000, 0x0000027e424a0000, 0x0000027e427d0000]
CodeCache: size=245760Kb, used=16321Kb, max_used=16399Kb, free=229436Kb
 total_blobs=6511, nmethods=5846, adapters=571, full_count=0
Compilation: enabled, stopped_count=0, restarted_count=0

Compilation events (20 events):
Event: 86.830 Thread 0x0000027e914d3d40 6464       3       org.eclipse.core.internal.registry.RegistryObjectManager::getHandles (235 bytes)
Event: 86.831 Thread 0x0000027e914d3d40 nmethod 6464 0x0000027e3b8b0d10 code [0x0000027e3b8b0fe0, 0x0000027e3b8b2500]
Event: 87.029 Thread 0x0000027e914d3d40 6465       3       org.eclipse.core.internal.jobs.InternalJob::getState (60 bytes)
Event: 87.845 Thread 0x0000027e914d3d40 nmethod 6465 0x0000027e3b8b2b10 code [0x0000027e3b8b2cc0, 0x0000027e3b8b2ee8]
Event: 87.845 Thread 0x0000027e914d3d40 6466       3       org.eclipse.core.runtime.jobs.Job::getState (5 bytes)
Event: 87.845 Thread 0x0000027e914d3d40 nmethod 6466 0x0000027e3b8b2f90 code [0x0000027e3b8b3140, 0x0000027e3b8b3280]
Event: 87.845 Thread 0x0000027e914d3d40 6467       3       org.eclipse.core.internal.jobs.JobQueue::peek (26 bytes)
Event: 87.846 Thread 0x0000027e914d3d40 nmethod 6467 0x0000027e3b8b3310 code [0x0000027e3b8b34c0, 0x0000027e3b8b3658]
Event: 87.921 Thread 0x0000027e914d3d40 6468       3       org.eclipse.core.internal.jobs.JobManager::select (60 bytes)
Event: 88.869 Thread 0x0000027e914d3d40 nmethod 6468 0x0000027e3b8b3710 code [0x0000027e3b8b3900, 0x0000027e3b8b3e78]
Event: 88.869 Thread 0x0000027e914d3d40 6471       3       org.eclipse.core.runtime.Assert::isLegal (15 bytes)
Event: 88.869 Thread 0x0000027e914d3d40 nmethod 6471 0x0000027e3b8b4010 code [0x0000027e3b8b41c0, 0x0000027e3b8b43a8]
Event: 88.869 Thread 0x0000027e914d3d40 6469       3       java.util.concurrent.ConcurrentLinkedQueue::isEmpty (13 bytes)
Event: 88.869 Thread 0x0000027e914d3d40 nmethod 6469 0x0000027e3b8b4490 code [0x0000027e3b8b4640, 0x0000027e3b8b47e8]
Event: 88.869 Thread 0x0000027e914d3d40 6470       3       java.util.concurrent.ConcurrentLinkedQueue::first (65 bytes)
Event: 88.870 Thread 0x0000027e914d3d40 nmethod 6470 0x0000027e3b8b4890 code [0x0000027e3b8b4c20, 0x0000027e3b8b63b8]
Event: 88.870 Thread 0x0000027e914d3d40 6474   !   3       org.eclipse.core.internal.jobs.JobListeners::waitAndSendEvents (445 bytes)
Event: 88.872 Thread 0x0000027e914d3d40 nmethod 6474 0x0000027e3b8b6b90 code [0x0000027e3b8b71c0, 0x0000027e3b8b9fa8]
Event: 88.872 Thread 0x0000027e914d3d40 6472       1       jdk.internal.event.ThreadSleepEvent::isEnabled (2 bytes)
Event: 88.872 Thread 0x0000027e914d3d40 nmethod 6472 0x0000027e42aa7b10 code [0x0000027e42aa7ca0, 0x0000027e42aa7d68]

GC Heap History (20 events):
Event: 83.769 GC heap before
{Heap before GC invocations=12 (full 1):
 PSYoungGen      total 25088K, used 25068K [0x00000000d5580000, 0x00000000d7480000, 0x0000000100000000)
  eden space 23040K, 100% used [0x00000000d5580000,0x00000000d6c00000,0x00000000d6c00000)
  from space 2048K, 99% used [0x00000000d7280000,0x00000000d747b3a8,0x00000000d7480000)
  to   space 4096K, 0% used [0x00000000d6c80000,0x00000000d6c80000,0x00000000d7080000)
 ParOldGen       total 68608K, used 15515K [0x0000000080000000, 0x0000000084300000, 0x00000000d5580000)
  object space 68608K, 22% used [0x0000000080000000,0x0000000080f26e18,0x0000000084300000)
 Metaspace       used 31218K, committed 32256K, reserved 1114112K
  class space    used 3133K, committed 3584K, reserved 1048576K
}
Event: 83.773 GC heap after
{Heap after GC invocations=12 (full 1):
 PSYoungGen      total 26624K, used 1601K [0x00000000d5580000, 0x00000000d7300000, 0x0000000100000000)
  eden space 22528K, 0% used [0x00000000d5580000,0x00000000d5580000,0x00000000d6b80000)
  from space 4096K, 39% used [0x00000000d6c80000,0x00000000d6e10620,0x00000000d7080000)
  to   space 2560K, 0% used [0x00000000d7080000,0x00000000d7080000,0x00000000d7300000)
 ParOldGen       total 68608K, used 17269K [0x0000000080000000, 0x0000000084300000, 0x00000000d5580000)
  object space 68608K, 25% used [0x0000000080000000,0x00000000810dd400,0x0000000084300000)
 Metaspace       used 31218K, committed 32256K, reserved 1114112K
  class space    used 3133K, committed 3584K, reserved 1048576K
}
Event: 84.036 GC heap before
{Heap before GC invocations=13 (full 1):
 PSYoungGen      total 26624K, used 24129K [0x00000000d5580000, 0x00000000d7300000, 0x0000000100000000)
  eden space 22528K, 100% used [0x00000000d5580000,0x00000000d6b80000,0x00000000d6b80000)
  from space 4096K, 39% used [0x00000000d6c80000,0x00000000d6e10620,0x00000000d7080000)
  to   space 2560K, 0% used [0x00000000d7080000,0x00000000d7080000,0x00000000d7300000)
 ParOldGen       total 68608K, used 17340K [0x0000000080000000, 0x0000000084300000, 0x00000000d5580000)
  object space 68608K, 25% used [0x0000000080000000,0x00000000810ef020,0x0000000084300000)
 Metaspace       used 34133K, committed 35200K, reserved 1114112K
  class space    used 3505K, committed 3968K, reserved 1048576K
}
Event: 84.040 GC heap after
{Heap after GC invocations=13 (full 1):
 PSYoungGen      total 24576K, used 1604K [0x00000000d5580000, 0x00000000d7280000, 0x0000000100000000)
  eden space 22528K, 0% used [0x00000000d5580000,0x00000000d5580000,0x00000000d6b80000)
  from space 2048K, 78% used [0x00000000d7080000,0x00000000d7211018,0x00000000d7280000)
  to   space 2048K, 0% used [0x00000000d6e80000,0x00000000d6e80000,0x00000000d7080000)
 ParOldGen       total 68608K, used 18730K [0x0000000080000000, 0x0000000084300000, 0x00000000d5580000)
  object space 68608K, 27% used [0x0000000080000000,0x000000008124a820,0x0000000084300000)
 Metaspace       used 34133K, committed 35200K, reserved 1114112K
  class space    used 3505K, committed 3968K, reserved 1048576K
}
Event: 84.093 GC heap before
{Heap before GC invocations=14 (full 1):
 PSYoungGen      total 24576K, used 6956K [0x00000000d5580000, 0x00000000d7280000, 0x0000000100000000)
  eden space 22528K, 23% used [0x00000000d5580000,0x00000000d5aba0f8,0x00000000d6b80000)
  from space 2048K, 78% used [0x00000000d7080000,0x00000000d7211018,0x00000000d7280000)
  to   space 2048K, 0% used [0x00000000d6e80000,0x00000000d6e80000,0x00000000d7080000)
 ParOldGen       total 68608K, used 18730K [0x0000000080000000, 0x0000000084300000, 0x00000000d5580000)
  object space 68608K, 27% used [0x0000000080000000,0x000000008124a820,0x0000000084300000)
 Metaspace       used 34767K, committed 35840K, reserved 1114112K
  class space    used 3588K, committed 4032K, reserved 1048576K
}
Event: 84.095 GC heap after
{Heap after GC invocations=14 (full 1):
 PSYoungGen      total 23040K, used 416K [0x00000000d5580000, 0x00000000d7100000, 0x0000000100000000)
  eden space 22528K, 0% used [0x00000000d5580000,0x00000000d5580000,0x00000000d6b80000)
  from space 512K, 81% used [0x00000000d6e80000,0x00000000d6ee8000,0x00000000d6f00000)
  to   space 1024K, 0% used [0x00000000d7000000,0x00000000d7000000,0x00000000d7100000)
 ParOldGen       total 68608K, used 20050K [0x0000000080000000, 0x0000000084300000, 0x00000000d5580000)
  object space 68608K, 29% used [0x0000000080000000,0x0000000081394b60,0x0000000084300000)
 Metaspace       used 34767K, committed 35840K, reserved 1114112K
  class space    used 3588K, committed 4032K, reserved 1048576K
}
Event: 84.095 GC heap before
{Heap before GC invocations=15 (full 2):
 PSYoungGen      total 23040K, used 416K [0x00000000d5580000, 0x00000000d7100000, 0x0000000100000000)
  eden space 22528K, 0% used [0x00000000d5580000,0x00000000d5580000,0x00000000d6b80000)
  from space 512K, 81% used [0x00000000d6e80000,0x00000000d6ee8000,0x00000000d6f00000)
  to   space 1024K, 0% used [0x00000000d7000000,0x00000000d7000000,0x00000000d7100000)
 ParOldGen       total 68608K, used 20050K [0x0000000080000000, 0x0000000084300000, 0x00000000d5580000)
  object space 68608K, 29% used [0x0000000080000000,0x0000000081394b60,0x0000000084300000)
 Metaspace       used 34767K, committed 35840K, reserved 1114112K
  class space    used 3588K, committed 4032K, reserved 1048576K
}
Event: 84.142 GC heap after
{Heap after GC invocations=15 (full 2):
 PSYoungGen      total 23040K, used 0K [0x00000000d5580000, 0x00000000d7100000, 0x0000000100000000)
  eden space 22528K, 0% used [0x00000000d5580000,0x00000000d5580000,0x00000000d6b80000)
  from space 512K, 0% used [0x00000000d6e80000,0x00000000d6e80000,0x00000000d6f00000)
  to   space 1024K, 0% used [0x00000000d7000000,0x00000000d7000000,0x00000000d7100000)
 ParOldGen       total 68608K, used 19312K [0x0000000080000000, 0x0000000084300000, 0x00000000d5580000)
  object space 68608K, 28% used [0x0000000080000000,0x00000000812dc198,0x0000000084300000)
 Metaspace       used 34767K, committed 35840K, reserved 1114112K
  class space    used 3588K, committed 4032K, reserved 1048576K
}
Event: 84.478 GC heap before
{Heap before GC invocations=16 (full 2):
 PSYoungGen      total 23040K, used 22528K [0x00000000d5580000, 0x00000000d7100000, 0x0000000100000000)
  eden space 22528K, 100% used [0x00000000d5580000,0x00000000d6b80000,0x00000000d6b80000)
  from space 512K, 0% used [0x00000000d6e80000,0x00000000d6e80000,0x00000000d6f00000)
  to   space 1024K, 0% used [0x00000000d7000000,0x00000000d7000000,0x00000000d7100000)
 ParOldGen       total 68608K, used 19324K [0x0000000080000000, 0x0000000084300000, 0x00000000d5580000)
  object space 68608K, 28% used [0x0000000080000000,0x00000000812df268,0x0000000084300000)
 Metaspace       used 36409K, committed 37632K, reserved 1114112K
  class space    used 3830K, committed 4416K, reserved 1048576K
}
Event: 84.481 GC heap after
{Heap after GC invocations=16 (full 2):
 PSYoungGen      total 23040K, used 1021K [0x00000000d5580000, 0x00000000d7100000, 0x0000000100000000)
  eden space 22016K, 0% used [0x00000000d5580000,0x00000000d5580000,0x00000000d6b00000)
  from space 1024K, 99% used [0x00000000d7000000,0x00000000d70ff600,0x00000000d7100000)
  to   space 2560K, 0% used [0x00000000d6c00000,0x00000000d6c00000,0x00000000d6e80000)
 ParOldGen       total 68608K, used 20508K [0x0000000080000000, 0x0000000084300000, 0x00000000d5580000)
  object space 68608K, 29% used [0x0000000080000000,0x0000000081407278,0x0000000084300000)
 Metaspace       used 36409K, committed 37632K, reserved 1114112K
  class space    used 3830K, committed 4416K, reserved 1048576K
}
Event: 84.806 GC heap before
{Heap before GC invocations=17 (full 2):
 PSYoungGen      total 23040K, used 23037K [0x00000000d5580000, 0x00000000d7100000, 0x0000000100000000)
  eden space 22016K, 100% used [0x00000000d5580000,0x00000000d6b00000,0x00000000d6b00000)
  from space 1024K, 99% used [0x00000000d7000000,0x00000000d70ff600,0x00000000d7100000)
  to   space 2560K, 0% used [0x00000000d6c00000,0x00000000d6c00000,0x00000000d6e80000)
 ParOldGen       total 68608K, used 20508K [0x0000000080000000, 0x0000000084300000, 0x00000000d5580000)
  object space 68608K, 29% used [0x0000000080000000,0x0000000081407278,0x0000000084300000)
 Metaspace       used 38296K, committed 39552K, reserved 1114112K
  class space    used 4062K, committed 4608K, reserved 1048576K
}
Event: 84.809 GC heap after
{Heap after GC invocations=17 (full 2):
 PSYoungGen      total 24576K, used 1320K [0x00000000d5580000, 0x00000000d7080000, 0x0000000100000000)
  eden space 22016K, 0% used [0x00000000d5580000,0x00000000d5580000,0x00000000d6b00000)
  from space 2560K, 51% used [0x00000000d6c00000,0x00000000d6d4a348,0x00000000d6e80000)
  to   space 2048K, 0% used [0x00000000d6e80000,0x00000000d6e80000,0x00000000d7080000)
 ParOldGen       total 68608K, used 21452K [0x0000000080000000, 0x0000000084300000, 0x00000000d5580000)
  object space 68608K, 31% used [0x0000000080000000,0x00000000814f32a8,0x0000000084300000)
 Metaspace       used 38296K, committed 39552K, reserved 1114112K
  class space    used 4062K, committed 4608K, reserved 1048576K
}
Event: 85.167 GC heap before
{Heap before GC invocations=18 (full 2):
 PSYoungGen      total 24576K, used 23336K [0x00000000d5580000, 0x00000000d7080000, 0x0000000100000000)
  eden space 22016K, 100% used [0x00000000d5580000,0x00000000d6b00000,0x00000000d6b00000)
  from space 2560K, 51% used [0x00000000d6c00000,0x00000000d6d4a348,0x00000000d6e80000)
  to   space 2048K, 0% used [0x00000000d6e80000,0x00000000d6e80000,0x00000000d7080000)
 ParOldGen       total 68608K, used 21452K [0x0000000080000000, 0x0000000084300000, 0x00000000d5580000)
  object space 68608K, 31% used [0x0000000080000000,0x00000000814f32a8,0x0000000084300000)
 Metaspace       used 40146K, committed 41408K, reserved 1114112K
  class space    used 4270K, committed 4800K, reserved 1048576K
}
Event: 85.170 GC heap after
{Heap after GC invocations=18 (full 2):
 PSYoungGen      total 23552K, used 1248K [0x00000000d5580000, 0x00000000d7000000, 0x0000000100000000)
  eden space 22016K, 0% used [0x00000000d5580000,0x00000000d5580000,0x00000000d6b00000)
  from space 1536K, 81% used [0x00000000d6e80000,0x00000000d6fb8000,0x00000000d7000000)
  to   space 1536K, 0% used [0x00000000d6d00000,0x00000000d6d00000,0x00000000d6e80000)
 ParOldGen       total 68608K, used 22364K [0x0000000080000000, 0x0000000084300000, 0x00000000d5580000)
  object space 68608K, 32% used [0x0000000080000000,0x00000000815d72b8,0x0000000084300000)
 Metaspace       used 40146K, committed 41408K, reserved 1114112K
  class space    used 4270K, committed 4800K, reserved 1048576K
}
Event: 85.663 GC heap before
{Heap before GC invocations=19 (full 2):
 PSYoungGen      total 23552K, used 23264K [0x00000000d5580000, 0x00000000d7000000, 0x0000000100000000)
  eden space 22016K, 100% used [0x00000000d5580000,0x00000000d6b00000,0x00000000d6b00000)
  from space 1536K, 81% used [0x00000000d6e80000,0x00000000d6fb8000,0x00000000d7000000)
  to   space 1536K, 0% used [0x00000000d6d00000,0x00000000d6d00000,0x00000000d6e80000)
 ParOldGen       total 68608K, used 22364K [0x0000000080000000, 0x0000000084300000, 0x00000000d5580000)
  object space 68608K, 32% used [0x0000000080000000,0x00000000815d72b8,0x0000000084300000)
 Metaspace       used 41862K, committed 43136K, reserved 1114112K
  class space    used 4491K, committed 5056K, reserved 1048576K
}
Event: 85.671 GC heap after
{Heap after GC invocations=19 (full 2):
 PSYoungGen      total 23552K, used 1536K [0x00000000d5580000, 0x00000000d7c00000, 0x0000000100000000)
  eden space 22016K, 0% used [0x00000000d5580000,0x00000000d5580000,0x00000000d6b00000)
  from space 1536K, 100% used [0x00000000d6d00000,0x00000000d6e80000,0x00000000d6e80000)
  to   space 8704K, 0% used [0x00000000d7380000,0x00000000d7380000,0x00000000d7c00000)
 ParOldGen       total 68608K, used 28091K [0x0000000080000000, 0x0000000084300000, 0x00000000d5580000)
  object space 68608K, 40% used [0x0000000080000000,0x0000000081b6edf0,0x0000000084300000)
 Metaspace       used 41862K, committed 43136K, reserved 1114112K
  class space    used 4491K, committed 5056K, reserved 1048576K
}
Event: 86.141 GC heap before
{Heap before GC invocations=20 (full 2):
 PSYoungGen      total 23552K, used 23552K [0x00000000d5580000, 0x00000000d7c00000, 0x0000000100000000)
  eden space 22016K, 100% used [0x00000000d5580000,0x00000000d6b00000,0x00000000d6b00000)
  from space 1536K, 100% used [0x00000000d6d00000,0x00000000d6e80000,0x00000000d6e80000)
  to   space 8704K, 0% used [0x00000000d7380000,0x00000000d7380000,0x00000000d7c00000)
 ParOldGen       total 68608K, used 28091K [0x0000000080000000, 0x0000000084300000, 0x00000000d5580000)
  object space 68608K, 40% used [0x0000000080000000,0x0000000081b6edf0,0x0000000084300000)
 Metaspace       used 43907K, committed 45184K, reserved 1114112K
  class space    used 4770K, committed 5312K, reserved 1048576K
}
Event: 86.146 GC heap after
{Heap after GC invocations=20 (full 2):
 PSYoungGen      total 27648K, used 5393K [0x00000000d5580000, 0x00000000d7900000, 0x0000000100000000)
  eden space 22016K, 0% used [0x00000000d5580000,0x00000000d5580000,0x00000000d6b00000)
  from space 5632K, 95% used [0x00000000d7380000,0x00000000d78c46a0,0x00000000d7900000)
  to   space 6144K, 0% used [0x00000000d6d00000,0x00000000d6d00000,0x00000000d7300000)
 ParOldGen       total 68608K, used 29560K [0x0000000080000000, 0x0000000084300000, 0x00000000d5580000)
  object space 68608K, 43% used [0x0000000080000000,0x0000000081cde150,0x0000000084300000)
 Metaspace       used 43907K, committed 45184K, reserved 1114112K
  class space    used 4770K, committed 5312K, reserved 1048576K
}
Event: 86.663 GC heap before
{Heap before GC invocations=21 (full 2):
 PSYoungGen      total 27648K, used 27409K [0x00000000d5580000, 0x00000000d7900000, 0x0000000100000000)
  eden space 22016K, 100% used [0x00000000d5580000,0x00000000d6b00000,0x00000000d6b00000)
  from space 5632K, 95% used [0x00000000d7380000,0x00000000d78c46a0,0x00000000d7900000)
  to   space 6144K, 0% used [0x00000000d6d00000,0x00000000d6d00000,0x00000000d7300000)
 ParOldGen       total 68608K, used 29560K [0x0000000080000000, 0x0000000084300000, 0x00000000d5580000)
  object space 68608K, 43% used [0x0000000080000000,0x0000000081cde150,0x0000000084300000)
 Metaspace       used 46249K, committed 47488K, reserved 1114112K
  class space    used 5069K, committed 5632K, reserved 1048576K
}
Event: 86.671 GC heap after
{Heap after GC invocations=21 (full 2):
 PSYoungGen      total 23552K, used 1440K [0x00000000d5580000, 0x00000000d7400000, 0x0000000100000000)
  eden space 22016K, 0% used [0x00000000d5580000,0x00000000d5580000,0x00000000d6b00000)
  from space 1536K, 93% used [0x00000000d6d00000,0x00000000d6e68000,0x00000000d6e80000)
  to   space 3072K, 0% used [0x00000000d7100000,0x00000000d7100000,0x00000000d7400000)
 ParOldGen       total 68608K, used 34787K [0x0000000080000000, 0x0000000084300000, 0x00000000d5580000)
  object space 68608K, 50% used [0x0000000080000000,0x00000000821f8d70,0x0000000084300000)
 Metaspace       used 46249K, committed 47488K, reserved 1114112K
  class space    used 5069K, committed 5632K, reserved 1048576K
}

Dll operation events (10 events):
Event: 2.249 Loaded shared library c:\Users\gunag\.vscode\extensions\redhat.java-1.51.0-win32-x64\jre\21.0.9-win32-x86_64\bin\java.dll
Event: 3.371 Loaded shared library c:\Users\gunag\.vscode\extensions\redhat.java-1.51.0-win32-x64\jre\21.0.9-win32-x86_64\bin\zip.dll
Event: 3.546 Loaded shared library C:\Users\gunag\.vscode\extensions\redhat.java-1.51.0-win32-x64\jre\21.0.9-win32-x86_64\bin\instrument.dll
Event: 3.940 Loaded shared library C:\Users\gunag\.vscode\extensions\redhat.java-1.51.0-win32-x64\jre\21.0.9-win32-x86_64\bin\net.dll
Event: 4.093 Loaded shared library C:\Users\gunag\.vscode\extensions\redhat.java-1.51.0-win32-x64\jre\21.0.9-win32-x86_64\bin\nio.dll
Event: 4.144 Loaded shared library C:\Users\gunag\.vscode\extensions\redhat.java-1.51.0-win32-x64\jre\21.0.9-win32-x86_64\bin\zip.dll
Event: 4.246 Loaded shared library C:\Users\gunag\.vscode\extensions\redhat.java-1.51.0-win32-x64\jre\21.0.9-win32-x86_64\bin\jimage.dll
Event: 7.010 Loaded shared library c:\Users\gunag\.vscode\extensions\redhat.java-1.51.0-win32-x64\jre\21.0.9-win32-x86_64\bin\verify.dll
Event: 54.509 Loaded shared library C:\Users\gunag\AppData\Roaming\Code\User\globalStorage\redhat.java\1.51.0\config_win\org.eclipse.equinox.launcher\org.eclipse.equinox.launcher.win32.win32.x86_64_1.2.1400.v20250801-0854\eclipse_11916.dll
Event: 81.593 Loaded shared library C:\Users\gunag\AppData\Local\Temp\jna-98717030\jna6705081930853787772.dll

Deoptimization events (20 events):
Event: 86.476 Thread 0x0000027e96dcf750 Uncommon trap: trap_request=0xffffffd6 fr.pc=0x0000027e42a93b00 relative=0x0000000000000940
Event: 86.476 Thread 0x0000027e96dcf750 Uncommon trap: reason=array_check action=maybe_recompile pc=0x0000027e42a93b00 method=com.google.inject.internal.MoreTypes$ParameterizedTypeImpl.<init>(Ljava/lang/reflect/Type;Ljava/lang/reflect/Type;[Ljava/lang/reflect/Type;)V @ 200 c2
Event: 86.477 Thread 0x0000027e96dcf750 DEOPT PACKING pc=0x0000027e42a93b00 sp=0x000000af9a6f9bf0
Event: 86.477 Thread 0x0000027e96dcf750 DEOPT UNPACKING pc=0x0000027e42283aa2 sp=0x000000af9a6f9b10 mode 2
Event: 86.617 Thread 0x0000027e96dcf750 Uncommon trap: trap_request=0xffffff45 fr.pc=0x0000027e428f0a38 relative=0x00000000000002d8
Event: 86.617 Thread 0x0000027e96dcf750 Uncommon trap: reason=unstable_if action=reinterpret pc=0x0000027e428f0a38 method=java.lang.invoke.VarHandle.accessModeType(I)Ljava/lang/invoke/MethodType; @ 6 c2
Event: 86.618 Thread 0x0000027e96dcf750 DEOPT PACKING pc=0x0000027e428f0a38 sp=0x000000af9a6fecd0
Event: 86.618 Thread 0x0000027e96dcf750 DEOPT UNPACKING pc=0x0000027e42283aa2 sp=0x000000af9a6febb0 mode 2
Event: 86.618 Thread 0x0000027e96dcf750 Uncommon trap: trap_request=0xffffff45 fr.pc=0x0000027e428ac644 relative=0x00000000000001e4
Event: 86.618 Thread 0x0000027e96dcf750 Uncommon trap: reason=unstable_if action=reinterpret pc=0x0000027e428ac644 method=java.lang.invoke.VarHandle.accessModeType(I)Ljava/lang/invoke/MethodType; @ 26 c2
Event: 86.618 Thread 0x0000027e96dcf750 DEOPT PACKING pc=0x0000027e428ac644 sp=0x000000af9a6febc0
Event: 86.618 Thread 0x0000027e96dcf750 DEOPT UNPACKING pc=0x0000027e42283aa2 sp=0x000000af9a6feaa0 mode 2
Event: 86.618 Thread 0x0000027e96dcf750 Uncommon trap: trap_request=0xffffff45 fr.pc=0x0000027e42823600 relative=0x00000000000000c0
Event: 86.619 Thread 0x0000027e96dcf750 Uncommon trap: reason=unstable_if action=reinterpret pc=0x0000027e42823600 method=jdk.internal.misc.Unsafe.convEndian(ZI)I @ 4 c2
Event: 86.619 Thread 0x0000027e96dcf750 DEOPT PACKING pc=0x0000027e42823600 sp=0x000000af9a6feb60
Event: 86.619 Thread 0x0000027e96dcf750 DEOPT UNPACKING pc=0x0000027e42283aa2 sp=0x000000af9a6fe9f8 mode 2
Event: 86.651 Thread 0x0000027e97fb0110 Uncommon trap: trap_request=0xffffff45 fr.pc=0x0000027e4291f4c0 relative=0x00000000000000a0
Event: 86.651 Thread 0x0000027e97fb0110 Uncommon trap: reason=unstable_if action=reinterpret pc=0x0000027e4291f4c0 method=com.google.gson.stream.JsonReader.peek()Lcom/google/gson/stream/JsonToken; @ 15 c2
Event: 86.651 Thread 0x0000027e97fb0110 DEOPT PACKING pc=0x0000027e4291f4c0 sp=0x000000af9bffe700
Event: 86.651 Thread 0x0000027e97fb0110 DEOPT UNPACKING pc=0x0000027e42283aa2 sp=0x000000af9bffe688 mode 2

Classes loaded (20 events):
Event: 86.754 Loading class java/nio/file/FileTreeWalker$1
Event: 86.755 Loading class java/nio/file/FileTreeWalker$1 done
Event: 86.755 Loading class java/nio/file/FileTreeWalker$DirectoryNode
Event: 86.755 Loading class java/nio/file/FileTreeWalker$DirectoryNode done
Event: 86.755 Loading class java/nio/file/FileTreeWalker$Event
Event: 86.756 Loading class java/nio/file/FileTreeWalker$Event done
Event: 86.756 Loading class java/nio/file/FileTreeWalker$EventType
Event: 86.756 Loading class java/nio/file/FileTreeWalker$EventType done
Event: 86.756 Loading class java/nio/file/Files$3
Event: 86.756 Loading class java/nio/file/Files$3 done
Event: 86.757 Loading class sun/nio/fs/Globs
Event: 86.757 Loading class sun/nio/fs/Globs done
Event: 86.758 Loading class java/util/regex/Pattern$SliceU
Event: 86.758 Loading class java/util/regex/Pattern$SliceU done
Event: 86.758 Loading class sun/nio/fs/WindowsFileSystem$2
Event: 86.758 Loading class java/nio/file/PathMatcher
Event: 86.758 Loading class java/nio/file/PathMatcher done
Event: 86.758 Loading class sun/nio/fs/WindowsFileSystem$2 done
Event: 86.759 Loading class java/nio/file/FileVisitResult
Event: 86.759 Loading class java/nio/file/FileVisitResult done

Classes unloaded (7 events):
Event: 82.312 Thread 0x0000027e37a94530 Unloading class 0x0000027e501a3000 'java/lang/invoke/LambdaForm$MH+0x0000027e501a3000'
Event: 82.312 Thread 0x0000027e37a94530 Unloading class 0x0000027e501a2c00 'java/lang/invoke/LambdaForm$MH+0x0000027e501a2c00'
Event: 82.312 Thread 0x0000027e37a94530 Unloading class 0x0000027e501a2800 'java/lang/invoke/LambdaForm$MH+0x0000027e501a2800'
Event: 82.312 Thread 0x0000027e37a94530 Unloading class 0x0000027e501a2400 'java/lang/invoke/LambdaForm$MH+0x0000027e501a2400'
Event: 82.312 Thread 0x0000027e37a94530 Unloading class 0x0000027e501a2000 'java/lang/invoke/LambdaForm$BMH+0x0000027e501a2000'
Event: 82.312 Thread 0x0000027e37a94530 Unloading class 0x0000027e501a1c00 'java/lang/invoke/LambdaForm$DMH+0x0000027e501a1c00'
Event: 82.312 Thread 0x0000027e37a94530 Unloading class 0x0000027e501a0800 'java/lang/invoke/LambdaForm$DMH+0x0000027e501a0800'

Classes redefined (0 events):
No events

Internal exceptions (20 events):
Event: 86.810 Thread 0x0000027e96dcdd10 Exception <a 'sun/nio/fs/WindowsException'{0x00000000d587d848}> (0x00000000d587d848) 
thrown [s\src\hotspot\share\prims\jni.cpp, line 520]
Event: 86.810 Thread 0x0000027e96dcdd10 Exception <a 'sun/nio/fs/WindowsException'{0x00000000d587df08}> (0x00000000d587df08) 
thrown [s\src\hotspot\share\prims\jni.cpp, line 520]
Event: 86.810 Thread 0x0000027e96dcdd10 Exception <a 'sun/nio/fs/WindowsException'{0x00000000d587e5c8}> (0x00000000d587e5c8) 
thrown [s\src\hotspot\share\prims\jni.cpp, line 520]
Event: 86.810 Thread 0x0000027e96dcdd10 Exception <a 'sun/nio/fs/WindowsException'{0x00000000d587eca8}> (0x00000000d587eca8) 
thrown [s\src\hotspot\share\prims\jni.cpp, line 520]
Event: 86.812 Thread 0x0000027e96dcdd10 Exception <a 'sun/nio/fs/WindowsException'{0x00000000d5882508}> (0x00000000d5882508) 
thrown [s\src\hotspot\share\prims\jni.cpp, line 520]
Event: 86.812 Thread 0x0000027e96dcdd10 Exception <a 'sun/nio/fs/WindowsException'{0x00000000d5882b28}> (0x00000000d5882b28) 
thrown [s\src\hotspot\share\prims\jni.cpp, line 520]
Event: 86.812 Thread 0x0000027e96dcdd10 Exception <a 'sun/nio/fs/WindowsException'{0x00000000d5883148}> (0x00000000d5883148) 
thrown [s\src\hotspot\share\prims\jni.cpp, line 520]
Event: 86.812 Thread 0x0000027e96dcdd10 Exception <a 'sun/nio/fs/WindowsException'{0x00000000d5883780}> (0x00000000d5883780) 
thrown [s\src\hotspot\share\prims\jni.cpp, line 520]
Event: 86.815 Thread 0x0000027e96dcdd10 Exception <a 'sun/nio/fs/WindowsException'{0x00000000d58874b8}> (0x00000000d58874b8) 
thrown [s\src\hotspot\share\prims\jni.cpp, line 520]
Event: 86.815 Thread 0x0000027e96dcdd10 Exception <a 'sun/nio/fs/WindowsException'{0x00000000d5887ab8}> (0x00000000d5887ab8) 
thrown [s\src\hotspot\share\prims\jni.cpp, line 520]
Event: 86.815 Thread 0x0000027e96dcdd10 Exception <a 'sun/nio/fs/WindowsException'{0x00000000d58880b8}> (0x00000000d58880b8) 
thrown [s\src\hotspot\share\prims\jni.cpp, line 520]
Event: 86.815 Thread 0x0000027e96dcdd10 Exception <a 'sun/nio/fs/WindowsException'{0x00000000d58886d8}> (0x00000000d58886d8) 
thrown [s\src\hotspot\share\prims\jni.cpp, line 520]
Event: 86.817 Thread 0x0000027e96dcdd10 Exception <a 'sun/nio/fs/WindowsException'{0x00000000d588bb50}> (0x00000000d588bb50) 
thrown [s\src\hotspot\share\prims\jni.cpp, line 520]
Event: 86.817 Thread 0x0000027e96dcdd10 Exception <a 'sun/nio/fs/WindowsException'{0x00000000d588c180}> (0x00000000d588c180) 
thrown [s\src\hotspot\share\prims\jni.cpp, line 520]
Event: 86.817 Thread 0x0000027e96dcdd10 Exception <a 'sun/nio/fs/WindowsException'{0x00000000d588ca08}> (0x00000000d588ca08) 
thrown [s\src\hotspot\share\prims\jni.cpp, line 520]
Event: 86.817 Thread 0x0000027e96dcdd10 Exception <a 'sun/nio/fs/WindowsException'{0x00000000d588d058}> (0x00000000d588d058) 
thrown [s\src\hotspot\share\prims\jni.cpp, line 520]
Event: 86.819 Thread 0x0000027e96dcdd10 Exception <a 'sun/nio/fs/WindowsException'{0x00000000d58907b8}> (0x00000000d58907b8) 
thrown [s\src\hotspot\share\prims\jni.cpp, line 520]
Event: 86.819 Thread 0x0000027e96dcdd10 Exception <a 'sun/nio/fs/WindowsException'{0x00000000d5890e38}> (0x00000000d5890e38) 
thrown [s\src\hotspot\share\prims\jni.cpp, line 520]
Event: 86.819 Thread 0x0000027e96dcdd10 Exception <a 'sun/nio/fs/WindowsException'{0x00000000d58914b8}> (0x00000000d58914b8) 
thrown [s\src\hotspot\share\prims\jni.cpp, line 520]
Event: 86.819 Thread 0x0000027e96dcdd10 Exception <a 'sun/nio/fs/WindowsException'{0x00000000d5891b50}> (0x00000000d5891b50) 
thrown [s\src\hotspot\share\prims\jni.cpp, line 520]

ZGC Phase Switch (0 events):
No events

VM Operations (20 events):
Event: 85.149 Executing VM operation: HandshakeAllThreads (Deoptimize)
Event: 85.149 Executing VM operation: HandshakeAllThreads (Deoptimize) done
Event: 85.166 Executing VM operation: ParallelGCFailedAllocation (Allocation Failure)
Event: 85.170 Executing VM operation: ParallelGCFailedAllocation (Allocation Failure) done
Event: 85.530 Executing VM operation: HandshakeAllThreads (Deoptimize)
Event: 85.530 Executing VM operation: HandshakeAllThreads (Deoptimize) done
Event: 85.663 Executing VM operation: ParallelGCFailedAllocation (Allocation Failure)
Event: 85.671 Executing VM operation: ParallelGCFailedAllocation (Allocation Failure) done
Event: 85.704 Executing VM operation: HandshakeAllThreads (Deoptimize)
Event: 85.704 Executing VM operation: HandshakeAllThreads (Deoptimize) done
Event: 86.032 Executing VM operation: HandshakeAllThreads (Deoptimize)
Event: 86.032 Executing VM operation: HandshakeAllThreads (Deoptimize) done
Event: 86.140 Executing VM operation: ParallelGCFailedAllocation (Allocation Failure)
Event: 86.146 Executing VM operation: ParallelGCFailedAllocation (Allocation Failure) done
Event: 86.481 Executing VM operation: ICBufferFull
Event: 86.481 Executing VM operation: ICBufferFull done
Event: 86.663 Executing VM operation: ParallelGCFailedAllocation (Allocation Failure)
Event: 86.671 Executing VM operation: ParallelGCFailedAllocation (Allocation Failure) done
Event: 87.672 Executing VM operation: Cleanup
Event: 87.672 Executing VM operation: Cleanup done

Memory protections (0 events):
No events

Nmethod flushes (20 events):
Event: 84.120 Thread 0x0000027e37a94530 flushing  nmethod 0x0000027e3b3aef90
Event: 84.120 Thread 0x0000027e37a94530 flushing  nmethod 0x0000027e3b3b0410
Event: 84.120 Thread 0x0000027e37a94530 flushing  nmethod 0x0000027e3b3b0d10
Event: 84.120 Thread 0x0000027e37a94530 flushing  nmethod 0x0000027e3b3b1f10
Event: 84.120 Thread 0x0000027e37a94530 flushing  nmethod 0x0000027e3b3b2b10
Event: 84.120 Thread 0x0000027e37a94530 flushing  nmethod 0x0000027e3b3b3290
Event: 84.120 Thread 0x0000027e37a94530 flushing  nmethod 0x0000027e3b3b5390
Event: 84.120 Thread 0x0000027e37a94530 flushing  nmethod 0x0000027e3b3b5c90
Event: 84.120 Thread 0x0000027e37a94530 flushing  nmethod 0x0000027e3b3b6d90
Event: 84.120 Thread 0x0000027e37a94530 flushing  nmethod 0x0000027e3b3b7a10
Event: 84.120 Thread 0x0000027e37a94530 flushing  nmethod 0x0000027e3b3b8210
Event: 84.120 Thread 0x0000027e37a94530 flushing  nmethod 0x0000027e3b3c2090
Event: 84.120 Thread 0x0000027e37a94530 flushing  nmethod 0x0000027e3b3da410
Event: 84.120 Thread 0x0000027e37a94530 flushing  nmethod 0x0000027e3b3ee290
Event: 84.120 Thread 0x0000027e37a94530 flushing  nmethod 0x0000027e3b3f0e10
Event: 84.120 Thread 0x0000027e37a94530 flushing  nmethod 0x0000027e3b3f6f90
Event: 84.120 Thread 0x0000027e37a94530 flushing  nmethod 0x0000027e3b3fec10
Event: 84.120 Thread 0x0000027e37a94530 flushing  nmethod 0x0000027e3b473a90
Event: 84.120 Thread 0x0000027e37a94530 flushing  nmethod 0x0000027e3b4ad790
Event: 84.120 Thread 0x0000027e37a94530 flushing  nmethod 0x0000027e3b4adc10

Events (20 events):
Event: 84.040 Thread 0x0000027e37afc9d0 Thread added: 0x0000027e97fb21e0
Event: 84.041 Thread 0x0000027e37afc9d0 Thread added: 0x0000027e97faf3f0
Event: 84.041 Thread 0x0000027e37afc9d0 Thread added: 0x0000027e97faed60
Event: 84.041 Thread 0x0000027e37afc9d0 Thread added: 0x0000027e97fb2870
Event: 84.042 Thread 0x0000027e37afc9d0 Thread added: 0x0000027e97fb0e30
Event: 84.043 Thread 0x0000027e37afc9d0 Thread added: 0x0000027e97fb2f00
Event: 84.143 Thread 0x0000027e37afc9d0 Thread added: 0x0000027e97fafa80
Event: 84.698 Thread 0x0000027e37afc9d0 Thread added: 0x0000027e97fb3590
Event: 84.699 Thread 0x0000027e37afc9d0 Thread added: 0x0000027e97fb0110
Event: 85.592 Thread 0x0000027e96dccff0 Thread added: 0x0000027e97fb3c20
Event: 85.593 Thread 0x0000027e96dccff0 Thread added: 0x0000027e97fb07a0
Event: 85.593 Thread 0x0000027e97fb3c20 Thread added: 0x0000027e97fb42b0
Event: 85.593 Thread 0x0000027e97fb07a0 Thread added: 0x0000027e9a3a1d50
Event: 85.594 Thread 0x0000027e97fb42b0 Thread added: 0x0000027e9a3a16c0
Event: 85.594 Thread 0x0000027e9a3a1d50 Thread added: 0x0000027e9a3a3100
Event: 85.595 Thread 0x0000027e9a3a16c0 Thread added: 0x0000027e9a3a23e0
Event: 85.595 Thread 0x0000027e9a3a3100 Thread added: 0x0000027e9a3a2a70
Event: 85.596 Thread 0x0000027e9a3a23e0 Thread added: 0x0000027e9a3a44b0
Event: 85.598 Thread 0x0000027e9a3a2a70 Thread added: 0x0000027e9a3a3790
Event: 85.599 Thread 0x0000027e9a3a44b0 Thread added: 0x0000027e9a3a3e20


Dynamic libraries:
0x00007ff6e3150000 - 0x00007ff6e315e000 	c:\Users\gunag\.vscode\extensions\redhat.java-1.51.0-win32-x64\jre\21.0.9-win32-x86_64\bin\java.exe
0x00007ffc2a820000 - 0x00007ffc2aa87000 	C:\WINDOWS\SYSTEM32\ntdll.dll
0x00007ffc291d0000 - 0x00007ffc29299000 	C:\WINDOWS\System32\KERNEL32.DLL
0x00007ffc27b80000 - 0x00007ffc27f6f000 	C:\WINDOWS\System32\KERNELBASE.dll
0x00007ffc27f80000 - 0x00007ffc280cb000 	C:\WINDOWS\System32\ucrtbase.dll
0x00007ffbdf2c0000 - 0x00007ffbdf2d8000 	c:\Users\gunag\.vscode\extensions\redhat.java-1.51.0-win32-x64\jre\21.0.9-win32-x86_64\bin\jli.dll
0x00007ffbec170000 - 0x00007ffbec18e000 	c:\Users\gunag\.vscode\extensions\redhat.java-1.51.0-win32-x64\jre\21.0.9-win32-x86_64\bin\VCRUNTIME140.dll
0x00007ffc297c0000 - 0x00007ffc29985000 	C:\WINDOWS\System32\USER32.dll
0x00007ffc27a20000 - 0x00007ffc27a47000 	C:\WINDOWS\System32\win32u.dll
0x00007ffc29e20000 - 0x00007ffc29e4b000 	C:\WINDOWS\System32\GDI32.dll
0x00007ffc27a50000 - 0x00007ffc27b7c000 	C:\WINDOWS\System32\gdi32full.dll
0x00007ffc27970000 - 0x00007ffc27a13000 	C:\WINDOWS\System32\msvcp_win.dll
0x00007ffc044c0000 - 0x00007ffc04753000 	C:\WINDOWS\WinSxS\amd64_microsoft.windows.common-controls_6595b64144ccf1df_6.0.26100.7309_none_3e05feeae336a044\COMCTL32.dll
0x00007ffc28850000 - 0x00007ffc288f9000 	C:\WINDOWS\System32\msvcrt.dll
0x00007ffc29780000 - 0x00007ffc297b1000 	C:\WINDOWS\System32\IMM32.DLL
0x00007ffc158b0000 - 0x00007ffc158bc000 	c:\Users\gunag\.vscode\extensions\redhat.java-1.51.0-win32-x64\jre\21.0.9-win32-x86_64\bin\vcruntime140_1.dll
0x00007ffbc35d0000 - 0x00007ffbc365d000 	c:\Users\gunag\.vscode\extensions\redhat.java-1.51.0-win32-x64\jre\21.0.9-win32-x86_64\bin\msvcp140.dll
0x00007ffb63fd0000 - 0x00007ffb64d70000 	c:\Users\gunag\.vscode\extensions\redhat.java-1.51.0-win32-x64\jre\21.0.9-win32-x86_64\bin\server\jvm.dll
0x00007ffc2a6b0000 - 0x00007ffc2a764000 	C:\WINDOWS\System32\ADVAPI32.dll
0x00007ffc28d90000 - 0x00007ffc28e36000 	C:\WINDOWS\System32\sechost.dll
0x00007ffc28b10000 - 0x00007ffc28c28000 	C:\WINDOWS\System32\RPCRT4.dll
0x00007ffc2a5b0000 - 0x00007ffc2a624000 	C:\WINDOWS\System32\WS2_32.dll
0x00007ffc277d0000 - 0x00007ffc2782e000 	C:\WINDOWS\SYSTEM32\POWRPROF.dll
0x00007ffc1d170000 - 0x00007ffc1d1a5000 	C:\WINDOWS\SYSTEM32\WINMM.dll
0x00007ffc14cd0000 - 0x00007ffc14cdb000 	C:\WINDOWS\SYSTEM32\VERSION.dll
0x00007ffc277b0000 - 0x00007ffc277c4000 	C:\WINDOWS\SYSTEM32\UMPDC.dll
0x00007ffc26720000 - 0x00007ffc2673b000 	C:\WINDOWS\SYSTEM32\kernel.appcore.dll
0x00007ffc081e0000 - 0x00007ffc081ea000 	c:\Users\gunag\.vscode\extensions\redhat.java-1.51.0-win32-x64\jre\21.0.9-win32-x86_64\bin\jimage.dll
0x00007ffc24e80000 - 0x00007ffc250c2000 	C:\WINDOWS\SYSTEM32\DBGHELP.DLL
0x00007ffc28e40000 - 0x00007ffc291c5000 	C:\WINDOWS\System32\combase.dll
0x00007ffc28c60000 - 0x00007ffc28d36000 	C:\WINDOWS\System32\OLEAUT32.dll
0x00007ffc04200000 - 0x00007ffc0423c000 	C:\WINDOWS\SYSTEM32\dbgcore.DLL
0x00007ffc283c0000 - 0x00007ffc28465000 	C:\WINDOWS\System32\bcryptPrimitives.dll
0x00007ffc07130000 - 0x00007ffc0713f000 	c:\Users\gunag\.vscode\extensions\redhat.java-1.51.0-win32-x64\jre\21.0.9-win32-x86_64\bin\instrument.dll
0x00007ffbf46d0000 - 0x00007ffbf46f0000 	c:\Users\gunag\.vscode\extensions\redhat.java-1.51.0-win32-x64\jre\21.0.9-win32-x86_64\bin\java.dll
0x00007ffc29e50000 - 0x00007ffc2a5a3000 	C:\WINDOWS\System32\SHELL32.dll
0x00007ffc28250000 - 0x00007ffc283ba000 	C:\WINDOWS\System32\wintypes.dll
0x00007ffc25550000 - 0x00007ffc25dae000 	C:\WINDOWS\SYSTEM32\windows.storage.dll
0x00007ffc29420000 - 0x00007ffc29515000 	C:\WINDOWS\System32\SHCORE.dll
0x00007ffc2a770000 - 0x00007ffc2a7d6000 	C:\WINDOWS\System32\shlwapi.dll
0x00007ffc27890000 - 0x00007ffc278b9000 	C:\WINDOWS\SYSTEM32\profapi.dll
0x00007ffbdf550000 - 0x00007ffbdf568000 	c:\Users\gunag\.vscode\extensions\redhat.java-1.51.0-win32-x64\jre\21.0.9-win32-x86_64\bin\zip.dll
0x00007ffbfa470000 - 0x00007ffbfa480000 	C:\Users\gunag\.vscode\extensions\redhat.java-1.51.0-win32-x64\jre\21.0.9-win32-x86_64\bin\net.dll
0x00007ffc17ba0000 - 0x00007ffc17cc8000 	C:\WINDOWS\SYSTEM32\WINHTTP.dll
0x00007ffc26c90000 - 0x00007ffc26cfb000 	C:\WINDOWS\system32\mswsock.dll
0x00007ffbdbde0000 - 0x00007ffbdbdf6000 	C:\Users\gunag\.vscode\extensions\redhat.java-1.51.0-win32-x64\jre\21.0.9-win32-x86_64\bin\nio.dll
0x00007ffbfa450000 - 0x00007ffbfa460000 	c:\Users\gunag\.vscode\extensions\redhat.java-1.51.0-win32-x64\jre\21.0.9-win32-x86_64\bin\verify.dll
0x00007ffbc7e00000 - 0x00007ffbc7e44000 	C:\Users\gunag\AppData\Roaming\Code\User\globalStorage\redhat.java\1.51.0\config_win\org.eclipse.equinox.launcher\org.eclipse.equinox.launcher.win32.win32.x86_64_1.2.1400.v20250801-0854\eclipse_11916.dll
0x00007ffc295e0000 - 0x00007ffc29777000 	C:\WINDOWS\System32\ole32.dll
0x00007ffc26f50000 - 0x00007ffc26f6b000 	C:\WINDOWS\SYSTEM32\CRYPTSP.dll
0x00007ffc26680000 - 0x00007ffc266ba000 	C:\WINDOWS\system32\rsaenh.dll
0x00007ffc26d40000 - 0x00007ffc26d6b000 	C:\WINDOWS\SYSTEM32\USERENV.dll
0x00007ffc27860000 - 0x00007ffc2788a000 	C:\WINDOWS\SYSTEM32\bcrypt.dll
0x00007ffc26f70000 - 0x00007ffc26f7c000 	C:\WINDOWS\SYSTEM32\CRYPTBASE.dll
0x00007ffc26260000 - 0x00007ffc26294000 	C:\WINDOWS\SYSTEM32\IPHLPAPI.DLL
0x00007ffc29410000 - 0x00007ffc2941a000 	C:\WINDOWS\System32\NSI.dll
0x00007ffbeea70000 - 0x00007ffbeeab9000 	C:\Users\gunag\AppData\Local\Temp\jna-98717030\jna6705081930853787772.dll
0x00007ffc28c50000 - 0x00007ffc28c58000 	C:\WINDOWS\System32\PSAPI.DLL
0x00007ffc20fd0000 - 0x00007ffc20fee000 	C:\WINDOWS\SYSTEM32\dhcpcsvc6.DLL
0x00007ffc20ec0000 - 0x00007ffc20ee3000 	C:\WINDOWS\SYSTEM32\dhcpcsvc.DLL

JVMTI agents:
c:\Users\gunag\.vscode\extensions\redhat.java-1.51.0-win32-x64\lombok\lombok-1.18.39-4050.jar path:c:\Users\gunag\.vscode\extensions\redhat.java-1.51.0-win32-x64\jre\21.0.9-win32-x86_64\bin\instrument.dll, loaded, initialized, instrumentlib options:none

dbghelp: loaded successfully - version: 4.0.5 - missing functions: none
symbol engine: initialized successfully - sym options: 0x614 - pdb path: .;c:\Users\gunag\.vscode\extensions\redhat.java-1.51.0-win32-x64\jre\21.0.9-win32-x86_64\bin;C:\WINDOWS\SYSTEM32;C:\WINDOWS\WinSxS\amd64_microsoft.windows.common-controls_6595b64144ccf1df_6.0.26100.7309_none_3e05feeae336a044;c:\Users\gunag\.vscode\extensions\redhat.java-1.51.0-win32-x64\jre\21.0.9-win32-x86_64\bin\server;C:\Users\gunag\AppData\Roaming\Code\User\globalStorage\redhat.java\1.51.0\config_win\org.eclipse.equinox.launcher\org.eclipse.equinox.launcher.win32.win32.x86_64_1.2.1400.v20250801-0854;C:\Users\gunag\AppData\Local\Temp\jna-98717030

VM Arguments:
jvm_args: --add-modules=ALL-SYSTEM --add-opens=java.base/java.util=ALL-UNNAMED --add-opens=java.base/java.lang=ALL-UNNAMED --add-opens=java.base/sun.nio.fs=ALL-UNNAMED -Declipse.application=org.eclipse.jdt.ls.core.id1 -Dosgi.bundles.defaultStartLevel=4 -Declipse.product=org.eclipse.jdt.ls.core.product -Djava.import.generatesMetadataFilesAtProjectRoot=false -DDetectVMInstallationsJob.disabled=true -Dfile.encoding=utf8 -XX:+UseParallelGC -XX:GCTimeRatio=4 -XX:AdaptiveSizePolicyWeight=90 -Dsun.zip.disableMemoryMapping=true -Xmx2G -Xms100m -Xlog:disable -javaagent:c:\Users\gunag\.vscode\extensions\redhat.java-1.51.0-win32-x64\lombok\lombok-1.18.39-4050.jar -XX:+HeapDumpOnOutOfMemoryError -XX:HeapDumpPath=c:\Users\gunag\AppData\Roaming\Code\User\workspaceStorage\03754608f56864d57c6f8800f3b15a86\redhat.java -Daether.dependencyCollector.impl=bf 
java_command: c:\Users\gunag\.vscode\extensions\redhat.java-1.51.0-win32-x64\server\plugins\org.eclipse.equinox.launcher_1.7.100.v20251111-0406.jar -configuration c:\Users\gunag\AppData\Roaming\Code\User\globalStorage\redhat.java\1.51.0\config_win -data c:\Users\gunag\AppData\Roaming\Code\User\workspaceStorage\03754608f56864d57c6f8800f3b15a86\redhat.java\jdt_ws --pipe=\\.\pipe\lsp-68ac81a2d443255382189ed7a284b960-sock
java_class_path (initial): c:\Users\gunag\.vscode\extensions\redhat.java-1.51.0-win32-x64\server\plugins\org.eclipse.equinox.launcher_1.7.100.v20251111-0406.jar
Launcher Type: SUN_STANDARD

[Global flags]
    uintx AdaptiveSizePolicyWeight                 = 90                                        {product} {command line}
     intx CICompilerCount                          = 4                                         {product} {ergonomic}
    uintx GCTimeRatio                              = 4                                         {product} {command line}
     bool HeapDumpOnOutOfMemoryError               = true                                   {manageable} {command line}
    ccstr HeapDumpPath                             = c:\Users\gunag\AppData\Roaming\Code\User\workspaceStorage\03754608f56864d57c6f8800f3b15a86\redhat.java         {manageable} {command line}
   size_t InitialHeapSize                          = 104857600                                 {product} {command line}
   size_t MaxHeapSize                              = 2147483648                                {product} {command line}
   size_t MaxNewSize                               = 715653120                                 {product} {ergonomic}
   size_t MinHeapDeltaBytes                        = 524288                                    {product} {ergonomic}
   size_t MinHeapSize                              = 104857600                                 {product} {command line}
   size_t NewSize                                  = 34603008                                  {product} {ergonomic}
    uintx NonNMethodCodeHeapSize                   = 5839372                                {pd product} {ergonomic}
    uintx NonProfiledCodeHeapSize                  = 122909434                              {pd product} {ergonomic}
   size_t OldSize                                  = 70254592                                  {product} {ergonomic}
    uintx ProfiledCodeHeapSize                     = 122909434                              {pd product} {ergonomic}
    uintx ReservedCodeCacheSize                    = 251658240                              {pd product} {ergonomic}
     bool SegmentedCodeCache                       = true                                      {product} {ergonomic}
   size_t SoftMaxHeapSize                          = 2147483648                             {manageable} {ergonomic}
     bool UseCompressedOops                        = true                           {product lp64_product} {ergonomic}
     bool UseLargePagesIndividualAllocation        = false                                  {pd product} {ergonomic}
     bool UseParallelGC                            = true                                      {product} {command line}

Logging:
Log output configuration:
 #0: stdout all=off uptime,level,tags foldmultilines=false
 #1: stderr all=off uptime,level,tags foldmultilines=false

Release file:
JAVA_VERSION="21.0.9" 
MODULES="java.base java.compiler java.datatransfer java.xml java.prefs java.desktop java.instrument java.logging java.management java.security.sasl java.naming java.rmi java.management.rmi java.net.http java.scripting java.security.jgss java.transaction.xa java.sql java.sql.rowset java.xml.crypto java.se java.smartcardio jdk.accessibility jdk.internal.jvmstat jdk.attach jdk.charsets jdk.internal.opt jdk.zipfs jdk.compiler jdk.crypto.ec jdk.crypto.cryptoki jdk.crypto.mscapi jdk.dynalink jdk.internal.ed jdk.editpad jdk.hotspot.agent jdk.httpserver jdk.internal.le jdk.internal.vm.ci jdk.internal.vm.compiler jdk.internal.vm.compiler.management jdk.jartool jdk.javadoc jdk.jcmd jdk.management jdk.management.agent jdk.jconsole jdk.jdeps jdk.jdwp.agent jdk.jdi jdk.jfr jdk.jshell jdk.jsobject jdk.jstatd jdk.localedata jdk.management.jfr jdk.naming.dns jdk.naming.rmi jdk.net jdk.nio.mapmode jdk.random jdk.sctp jdk.security.auth jdk.security.jgss jdk.unsupported jdk.unsupported.desktop jdk.xml.dom" 

Environment Variables:
JAVA_HOME=C:\Program Files\Java\jdk-17
PATH=C:\Program Files\Java\jdk-17\bin;C:\WINDOWS\system32;C:\WINDOWS;C:\WINDOWS\System32\Wbem;C:\WINDOWS\System32\WindowsPowerShell\v1.0\;C:\WINDOWS\System32\OpenSSH\;C:\Program Files\MongoDB\Server\7.0\bin;C:\Program Files\Git\cmd;C:\Users\gunag\AppData\Local\nvm;%NVM_SYMLINK%;C:\Program Files\Apache\apache-maven-3.9.11\bin;C:\Program Files\MySQL\MySQL Server 8.0\bin;C:\Program Files\nodejs\;C:\Program Files\MySQL\MySQL Shell 8.0\bin\;C:\Users\gunag\AppData\Local\Microsoft\WindowsApps;C:\Program Files\mongosh\;C:\Users\gunag\AppData\Local\Programs\Microsoft VS Code\bin;C:\Users\gunag\AppData\Local\nvm;%NVM_SYMLINK%;C:\Program Files\heroku\bin;C:\Users\gunag\AppData\Local\Programs\Microsoft VS Code Insiders\bin;C:\Users\gunag\AppData\Roaming\npm
USERNAME=gunag
OS=Windows_NT
PROCESSOR_IDENTIFIER=Intel64 Family 6 Model 154 Stepping 4, GenuineIntel
TMP=C:\Users\gunag\AppData\Local\Temp
TEMP=C:\Users\gunag\AppData\Local\Temp




Periodic native trim disabled

---------------  S Y S T E M  ---------------

OS:
 Windows 11 , 64 bit Build 26100 (10.0.26100.7309)
OS uptime: 1 days 21:20 hours
Hyper-V role detected

CPU: total 12 (initial active 12) (6 cores per cpu, 2 threads per core) family 6 model 154 stepping 4 microcode 0x42c, cx8, cmov, fxsr, ht, mmx, 3dnowpref, sse, sse2, sse3, ssse3, sse4.1, sse4.2, popcnt, lzcnt, tsc, tscinvbit, avx, avx2, aes, erms, clmul, bmi1, bmi2, adx, sha, fma, vzeroupper, clflush, clflushopt, clwb, hv, serialize, rdtscp, rdpid, fsrm, f16c, cet_ibt, cet_ss
Processor Information for processor 0
  Max Mhz: 1300, Current Mhz: 1300, Mhz Limit: 1300
Processor Information for processor 1
  Max Mhz: 1300, Current Mhz: 1300, Mhz Limit: 1300
Processor Information for processor 2
  Max Mhz: 1300, Current Mhz: 1300, Mhz Limit: 1300
Processor Information for processor 3
  Max Mhz: 1300, Current Mhz: 1300, Mhz Limit: 1300
Processor Information for processor 4
  Max Mhz: 1300, Current Mhz: 900, Mhz Limit: 897
Processor Information for processor 5
  Max Mhz: 1300, Current Mhz: 900, Mhz Limit: 897
Processor Information for processor 6
  Max Mhz: 1300, Current Mhz: 900, Mhz Limit: 897
Processor Information for processor 7
  Max Mhz: 1300, Current Mhz: 900, Mhz Limit: 897
Processor Information for processor 8
  Max Mhz: 1300, Current Mhz: 900, Mhz Limit: 897
Processor Information for processor 9
  Max Mhz: 1300, Current Mhz: 900, Mhz Limit: 897
Processor Information for processor 10
  Max Mhz: 1300, Current Mhz: 900, Mhz Limit: 897
Processor Information for processor 11
  Max Mhz: 1300, Current Mhz: 900, Mhz Limit: 897

Memory: 4k page, system-wide physical 7863M (1570M free)
TotalPageFile size 32439M (AvailPageFile size 0M)
current process WorkingSet (physical memory assigned to process): 230M, peak: 230M
current process commit charge ("private bytes"): 359M, peak: 361M

vm_info: OpenJDK 64-Bit Server VM (21.0.9+10-LTS) for windows-amd64 JRE (21.0.9+10-LTS), built on 2025-10-21T00:00:00Z by "admin" with unknown MS VC++:1942

END.
