#
# There is insufficient memory for the Java Runtime Environment to continue.
# Native memory allocation (malloc) failed to allocate 242816 bytes. Error detail: Chunk::new
# Possible reasons:
#   The system is out of physical RAM or swap space
#   This process is running with CompressedOops enabled, and the Java Heap may be blocking the growth of the native heap
# Possible solutions:
#   Reduce memory load on the system
#   Increase physical memory or swap space
#   Check if swap backing store is full
#   Decrease Java heap size (-Xmx/-Xms)
#   Decrease number of Java threads
#   Decrease Java thread stack sizes (-Xss)
#   Set larger code cache with -XX:ReservedCodeCacheSize=
#   JVM is running with Unscaled Compressed Oops mode in which the Java heap is
#     placed in the first 4GB address space. The Java Heap base address is the
#     maximum limit for the native heap growth. Please use -XX:HeapBaseMinAddress
#     to set the Java Heap base and to place the Java Heap above 4GB virtual address.
# This output file may be truncated or incomplete.
#
#  Out of Memory Error (arena.cpp:168), pid=31016, tid=20544
#
# JRE version: OpenJDK Runtime Environment Temurin-21.0.9+10 (21.0.9+10) (build 21.0.9+10-LTS)
# Java VM: OpenJDK 64-Bit Server VM Temurin-21.0.9+10 (21.0.9+10-LTS, mixed mode, sharing, tiered, compressed oops, compressed class ptrs, parallel gc, windows-amd64)
# No core dump will be written. Minidumps are not enabled by default on client versions of Windows
#

---------------  S U M M A R Y ------------

Command Line: --add-modules=ALL-SYSTEM --add-opens=java.base/java.util=ALL-UNNAMED --add-opens=java.base/java.lang=ALL-UNNAMED --add-opens=java.base/sun.nio.fs=ALL-UNNAMED -Declipse.application=org.eclipse.jdt.ls.core.id1 -Dosgi.bundles.defaultStartLevel=4 -Declipse.product=org.eclipse.jdt.ls.core.product -Djava.import.generatesMetadataFilesAtProjectRoot=false -DDetectVMInstallationsJob.disabled=true -Dfile.encoding=utf8 -XX:+UseParallelGC -XX:GCTimeRatio=4 -XX:AdaptiveSizePolicyWeight=90 -Dsun.zip.disableMemoryMapping=true -Xmx2G -Xms100m -Xlog:disable -javaagent:c:\Users\gunag\.vscode\extensions\redhat.java-1.51.0-win32-x64\lombok\lombok-1.18.39-4050.jar -XX:+HeapDumpOnOutOfMemoryError -XX:HeapDumpPath=c:\Users\gunag\AppData\Roaming\Code\User\workspaceStorage\03754608f56864d57c6f8800f3b15a86\redhat.java -Daether.dependencyCollector.impl=bf c:\Users\gunag\.vscode\extensions\redhat.java-1.51.0-win32-x64\server\plugins\org.eclipse.equinox.launcher_1.7.100.v20251111-0406.jar -configuration c:\Users\gunag\AppData\Roaming\Code\User\globalStorage\redhat.java\1.51.0\config_win -data c:\Users\gunag\AppData\Roaming\Code\User\workspaceStorage\03754608f56864d57c6f8800f3b15a86\redhat.java\jdt_ws --pipe=\\.\pipe\lsp-11d2483caa49670adcc7dd0ac2843869-sock

Host: 12th Gen Intel(R) Core(TM) i5-1235U, 12 cores, 7G,  Windows 11 , 64 bit Build 26100 (10.0.26100.7309)
Time: Wed Jan 14 14:27:46 2026 India Standard Time elapsed time: 5.660626 seconds (0d 0h 0m 5s)

---------------  T H R E A D  ---------------

Current thread (0x000001417cfebff0):  JavaThread "C2 CompilerThread0" daemon [_thread_in_native, id=20544, stack(0x00000008b8400000,0x00000008b8500000) (1024K)]


Current CompileTask:
C2:5660 3064 %     4       sun.security.provider.SHA::implCompress0 @ 27 (478 bytes)

Stack: [0x00000008b8400000,0x00000008b8500000]
Native frames: (J=compiled Java code, j=interpreted, Vv=VM code, C=native code)
V  [jvm.dll+0x6d6e29]
V  [jvm.dll+0x8b4b76]
V  [jvm.dll+0x8b712e]
V  [jvm.dll+0x8b7813]
V  [jvm.dll+0x283d86]
V  [jvm.dll+0xc66ed]
V  [jvm.dll+0xc6c31]
V  [jvm.dll+0x2facee]
V  [jvm.dll+0x5fde44]
V  [jvm.dll+0x255557]
V  [jvm.dll+0x25591d]
V  [jvm.dll+0x24df40]
V  [jvm.dll+0x24b482]
V  [jvm.dll+0x1cb13e]
V  [jvm.dll+0x25b29d]
V  [jvm.dll+0x25982a]
V  [jvm.dll+0x3f7ea6]
V  [jvm.dll+0x85e9ad]
V  [jvm.dll+0x6d565d]
C  [ucrtbase.dll+0x37b0]
C  [KERNEL32.DLL+0x2e8d7]
C  [ntdll.dll+0x8c53c]


---------------  P R O C E S S  ---------------

Threads class SMR info:
_java_thread_list=0x000001417e357560, length=18, elements={
0x000001416474c640, 0x000001417cfe0080, 0x000001417cfe0d90, 0x000001417cfe5e80,
0x000001417cfe73a0, 0x000001417cfea160, 0x000001417cfeb1c0, 0x000001417cfebff0,
0x000001417cff9d50, 0x000001417d1f4a80, 0x000001417d4afe60, 0x000001417db428c0,
0x000001417ddc2d60, 0x000001417dd64100, 0x000001417dd89bc0, 0x000001417e0f00b0,
0x000001417df667c0, 0x000001417e1fe090
}

Java Threads: ( => current thread )
  0x000001416474c640 JavaThread "main"                              [_thread_blocked, id=9232, stack(0x00000008b7a00000,0x00000008b7b00000) (1024K)]
  0x000001417cfe0080 JavaThread "Reference Handler"          daemon [_thread_blocked, id=17608, stack(0x00000008b7e00000,0x00000008b7f00000) (1024K)]
  0x000001417cfe0d90 JavaThread "Finalizer"                  daemon [_thread_blocked, id=1716, stack(0x00000008b7f00000,0x00000008b8000000) (1024K)]
  0x000001417cfe5e80 JavaThread "Signal Dispatcher"          daemon [_thread_blocked, id=6880, stack(0x00000008b8000000,0x00000008b8100000) (1024K)]
  0x000001417cfe73a0 JavaThread "Attach Listener"            daemon [_thread_blocked, id=25560, stack(0x00000008b8100000,0x00000008b8200000) (1024K)]
  0x000001417cfea160 JavaThread "Service Thread"             daemon [_thread_blocked, id=10456, stack(0x00000008b8200000,0x00000008b8300000) (1024K)]
  0x000001417cfeb1c0 JavaThread "Monitor Deflation Thread"   daemon [_thread_blocked, id=17232, stack(0x00000008b8300000,0x00000008b8400000) (1024K)]
=>0x000001417cfebff0 JavaThread "C2 CompilerThread0"         daemon [_thread_in_native, id=20544, stack(0x00000008b8400000,0x00000008b8500000) (1024K)]
  0x000001417cff9d50 JavaThread "C1 CompilerThread0"         daemon [_thread_blocked, id=23020, stack(0x00000008b8500000,0x00000008b8600000) (1024K)]
  0x000001417d1f4a80 JavaThread "Common-Cleaner"             daemon [_thread_blocked, id=23080, stack(0x00000008b8600000,0x00000008b8700000) (1024K)]
  0x000001417d4afe60 JavaThread "Notification Thread"        daemon [_thread_blocked, id=1860, stack(0x00000008b8800000,0x00000008b8900000) (1024K)]
  0x000001417db428c0 JavaThread "Active Thread: Equinox Container: 6a1335ba-0d1a-4bd0-86a8-11e52ea0d211"        [_thread_blocked, id=31688, stack(0x00000008b9000000,0x00000008b9100000) (1024K)]
  0x000001417ddc2d60 JavaThread "Refresh Thread: Equinox Container: 6a1335ba-0d1a-4bd0-86a8-11e52ea0d211" daemon [_thread_blocked, id=22876, stack(0x00000008b9200000,0x00000008b9300000) (1024K)]
  0x000001417dd64100 JavaThread "Framework Event Dispatcher: Equinox Container: 6a1335ba-0d1a-4bd0-86a8-11e52ea0d211" daemon [_thread_blocked, id=33012, stack(0x00000008b9300000,0x00000008b9400000) (1024K)]
  0x000001417dd89bc0 JavaThread "Start Level: Equinox Container: 6a1335ba-0d1a-4bd0-86a8-11e52ea0d211" daemon [_thread_in_native, id=20004, stack(0x00000008b9400000,0x00000008b9500000) (1024K)]
  0x000001417e0f00b0 JavaThread "Bundle File Closer"         daemon [_thread_blocked, id=9676, stack(0x00000008b9700000,0x00000008b9800000) (1024K)]
  0x000001417df667c0 JavaThread "SCR Component Actor"        daemon [_thread_blocked, id=29212, stack(0x00000008b9800000,0x00000008b9900000) (1024K)]
  0x000001417e1fe090 JavaThread "Worker-JM"                         [_thread_blocked, id=11328, stack(0x00000008b9900000,0x00000008b9a00000) (1024K)]
Total: 18

Other Threads:
  0x00000141646e4530 VMThread "VM Thread"                           [id=15752, stack(0x00000008b7d00000,0x00000008b7e00000) (1024K)]
  0x00000141645dca00 WatcherThread "VM Periodic Task Thread"        [id=5868, stack(0x00000008b7c00000,0x00000008b7d00000) (1024K)]
  0x000001416476b8c0 WorkerThread "GC Thread#0"                     [id=37644, stack(0x00000008b7b00000,0x00000008b7c00000) (1024K)]
  0x000001417da23580 WorkerThread "GC Thread#1"                     [id=34408, stack(0x00000008b8a00000,0x00000008b8b00000) (1024K)]
  0x000001417daa2de0 WorkerThread "GC Thread#2"                     [id=35076, stack(0x00000008b8b00000,0x00000008b8c00000) (1024K)]
  0x000001417da23920 WorkerThread "GC Thread#3"                     [id=35284, stack(0x00000008b8c00000,0x00000008b8d00000) (1024K)]
  0x000001417d7f3030 WorkerThread "GC Thread#4"                     [id=30992, stack(0x00000008b8d00000,0x00000008b8e00000) (1024K)]
  0x000001417d7f33d0 WorkerThread "GC Thread#5"                     [id=25764, stack(0x00000008b8e00000,0x00000008b8f00000) (1024K)]
  0x000001417da6cf20 WorkerThread "GC Thread#6"                     [id=16504, stack(0x00000008b8f00000,0x00000008b9000000) (1024K)]
  0x000001417dd9d5a0 WorkerThread "GC Thread#7"                     [id=4504, stack(0x00000008b9100000,0x00000008b9200000) (1024K)]
  0x000001417df82d30 WorkerThread "GC Thread#8"                     [id=35208, stack(0x00000008b9500000,0x00000008b9600000) (1024K)]
  0x000001417def2e80 WorkerThread "GC Thread#9"                     [id=22744, stack(0x00000008b9600000,0x00000008b9700000) (1024K)]
Total: 12

Threads with active compile tasks:
C2 CompilerThread0  5688 3064 %     4       sun.security.provider.SHA::implCompress0 @ 27 (478 bytes)
Total: 1

VM state: not at safepoint (normal execution)

VM Mutex/Monitor currently owned by a thread: None

Heap address: 0x0000000080000000, size: 2048 MB, Compressed Oops mode: 32-bit

CDS archive(s) mapped at: [0x0000014100000000-0x0000014100ba0000-0x0000014100ba0000), size 12189696, SharedBaseAddress: 0x0000014100000000, ArchiveRelocationMode: 1.
Compressed class space mapped at: 0x0000014101000000-0x0000014141000000, reserved size: 1073741824
Narrow klass base: 0x0000014100000000, Narrow klass shift: 0, Narrow klass range: 0x100000000

GC Precious Log:
 CardTable entry size: 512
 CPUs: 12 total, 12 available
 Memory: 7863M
 Large Page Support: Disabled
 NUMA Support: Disabled
 Compressed Oops: Enabled (32-bit)
 Alignments: Space 512K, Generation 512K, Heap 2M
 Heap Min Capacity: 100M
 Heap Initial Capacity: 100M
 Heap Max Capacity: 2G
 Pre-touch: Disabled
 Parallel Workers: 10

Heap:
 PSYoungGen      total 29184K, used 8907K [0x00000000d5580000, 0x00000000d7900000, 0x0000000100000000)
  eden space 25088K, 19% used [0x00000000d5580000,0x00000000d5a33250,0x00000000d6e00000)
  from space 4096K, 99% used [0x00000000d6e80000,0x00000000d727f9c0,0x00000000d7280000)
  to   space 5632K, 0% used [0x00000000d7380000,0x00000000d7380000,0x00000000d7900000)
 ParOldGen       total 68608K, used 7908K [0x0000000080000000, 0x0000000084300000, 0x00000000d5580000)
  object space 68608K, 11% used [0x0000000080000000,0x00000000807b91c8,0x0000000084300000)
 Metaspace       used 16316K, committed 16960K, reserved 1114112K
  class space    used 1701K, committed 1984K, reserved 1048576K

Card table byte_map: [0x00000141640f0000,0x0000014164500000] _byte_map_base: 0x0000014163cf0000

Marking Bits: (ParMarkBitMap*) 0x00007ffb64c92460
 Begin Bits: [0x0000014176c00000, 0x0000014178c00000)
 End Bits:   [0x0000014178c00000, 0x000001417ac00000)

Polling page: 0x0000014162540000

Metaspace:

Usage:
  Non-class:     14.27 MB used.
      Class:      1.66 MB used.
       Both:     15.93 MB used.

Virtual space:
  Non-class space:       64.00 MB reserved,      14.62 MB ( 23%) committed,  1 nodes.
      Class space:        1.00 GB reserved,       1.94 MB ( <1%) committed,  1 nodes.
             Both:        1.06 GB reserved,      16.56 MB (  2%) committed. 

Chunk freelists:
   Non-Class:  632.00 KB
       Class:  13.92 MB
        Both:  14.54 MB

MaxMetaspaceSize: unlimited
CompressedClassSpaceSize: 1.00 GB
Initial GC threshold: 21.00 MB
Current GC threshold: 21.00 MB
CDS: on
 - commit_granule_bytes: 65536.
 - commit_granule_words: 8192.
 - virtual_space_node_default_size: 8388608.
 - enlarge_chunks_in_place: 1.
 - use_allocation_guard: 0.


Internal statistics:

num_allocs_failed_limit: 0.
num_arena_births: 448.
num_arena_deaths: 0.
num_vsnodes_births: 2.
num_vsnodes_deaths: 0.
num_space_committed: 265.
num_space_uncommitted: 0.
num_chunks_returned_to_freelist: 0.
num_chunks_taken_from_freelist: 1030.
num_chunk_merges: 0.
num_chunk_splits: 649.
num_chunks_enlarged: 414.
num_inconsistent_stats: 0.

CodeHeap 'non-profiled nmethods': size=120000Kb used=1398Kb max_used=1398Kb free=118601Kb
 bounds [0x000001416f420000, 0x000001416f690000, 0x0000014176950000]
CodeHeap 'profiled nmethods': size=120000Kb used=6119Kb max_used=6119Kb free=113880Kb
 bounds [0x0000014167950000, 0x0000014167f50000, 0x000001416ee80000]
CodeHeap 'non-nmethods': size=5760Kb used=1272Kb max_used=1286Kb free=4487Kb
 bounds [0x000001416ee80000, 0x000001416f0f0000, 0x000001416f420000]
CodeCache: size=245760Kb, used=8789Kb, max_used=8803Kb, free=236968Kb
 total_blobs=3623, nmethods=3077, adapters=452, full_count=0
Compilation: enabled, stopped_count=0, restarted_count=0

Compilation events (20 events):
Event: 3.632 Thread 0x000001417cff9d50 3067  s    3       sun.nio.fs.WindowsDirectoryStream$WindowsDirectoryIterator::hasNext (35 bytes)
Event: 3.632 Thread 0x000001417cff9d50 nmethod 3067 0x0000014167f43c90 code [0x0000014167f43e40, 0x0000014167f44120]
Event: 3.632 Thread 0x000001417cff9d50 3068   !   3       sun.nio.fs.WindowsNativeDispatcher::FindNextFile (30 bytes)
Event: 3.632 Thread 0x000001417cff9d50 nmethod 3068 0x0000014167f44210 code [0x0000014167f443e0, 0x0000014167f445d8]
Event: 3.632 Thread 0x000001417cff9d50 3069       3       sun.nio.fs.WindowsFileAttributes::fromFindData (127 bytes)
Event: 3.633 Thread 0x000001417cff9d50 nmethod 3069 0x0000014167f44710 code [0x0000014167f44920, 0x0000014167f44f40]
Event: 3.633 Thread 0x000001417cff9d50 3070   !   3       sun.nio.fs.WindowsDirectoryStream$WindowsDirectoryIterator::acceptEntry (71 bytes)
Event: 3.634 Thread 0x000001417cff9d50 nmethod 3070 0x0000014167f45210 code [0x0000014167f45460, 0x0000014167f45c18]
Event: 3.634 Thread 0x000001417cff9d50 3071   !   3       sun.nio.fs.WindowsPath::createFromNormalizedPath (65 bytes)
Event: 3.634 Thread 0x000001417cff9d50 nmethod 3071 0x0000014167f46090 code [0x0000014167f462c0, 0x0000014167f468f8]
Event: 3.634 Thread 0x000001417cff9d50 3072       3       sun.nio.fs.WindowsPathParser::parseNormalizedPath (6 bytes)
Event: 3.634 Thread 0x000001417cff9d50 nmethod 3072 0x0000014167f46c10 code [0x0000014167f46dc0, 0x0000014167f46ee0]
Event: 3.634 Thread 0x000001417cff9d50 3073       3       sun.nio.fs.WindowsPath$WindowsPathWithAttributes::<init> (23 bytes)
Event: 3.634 Thread 0x000001417cff9d50 nmethod 3073 0x0000014167f46f90 code [0x0000014167f47160, 0x0000014167f475d8]
Event: 3.634 Thread 0x000001417cff9d50 3074   !   3       sun.nio.fs.WindowsDirectoryStream$WindowsDirectoryIterator::readNextEntry (192 bytes)
Event: 3.636 Thread 0x000001417cff9d50 nmethod 3074 0x0000014167f47810 code [0x0000014167f47ac0, 0x0000014167f48580]
Event: 3.636 Thread 0x000001417cff9d50 3075       3       sun.nio.fs.WindowsDirectoryStream$WindowsDirectoryIterator::next (5 bytes)
Event: 3.636 Thread 0x000001417cff9d50 nmethod 3075 0x0000014167f48b90 code [0x0000014167f48d40, 0x0000014167f48e80]
Event: 3.636 Thread 0x000001417cff9d50 3076  s    3       sun.nio.fs.WindowsDirectoryStream$WindowsDirectoryIterator::next (48 bytes)
Event: 3.636 Thread 0x000001417cff9d50 nmethod 3076 0x0000014167f48f10 code [0x0000014167f490e0, 0x0000014167f49490]

GC Heap History (10 events):
Event: 0.712 GC heap before
{Heap before GC invocations=1 (full 0):
 PSYoungGen      total 29696K, used 25600K [0x00000000d5580000, 0x00000000d7680000, 0x0000000100000000)
  eden space 25600K, 100% used [0x00000000d5580000,0x00000000d6e80000,0x00000000d6e80000)
  from space 4096K, 0% used [0x00000000d7280000,0x00000000d7280000,0x00000000d7680000)
  to   space 4096K, 0% used [0x00000000d6e80000,0x00000000d6e80000,0x00000000d7280000)
 ParOldGen       total 68608K, used 0K [0x0000000080000000, 0x0000000084300000, 0x00000000d5580000)
  object space 68608K, 0% used [0x0000000080000000,0x0000000080000000,0x0000000084300000)
 Metaspace       used 4327K, committed 4544K, reserved 1114112K
  class space    used 472K, committed 576K, reserved 1048576K
}
Event: 0.717 GC heap after
{Heap after GC invocations=1 (full 0):
 PSYoungGen      total 29696K, used 3312K [0x00000000d5580000, 0x00000000d7680000, 0x0000000100000000)
  eden space 25600K, 0% used [0x00000000d5580000,0x00000000d5580000,0x00000000d6e80000)
  from space 4096K, 80% used [0x00000000d6e80000,0x00000000d71bc148,0x00000000d7280000)
  to   space 4096K, 0% used [0x00000000d7280000,0x00000000d7280000,0x00000000d7680000)
 ParOldGen       total 68608K, used 16K [0x0000000080000000, 0x0000000084300000, 0x00000000d5580000)
  object space 68608K, 0% used [0x0000000080000000,0x0000000080004000,0x0000000084300000)
 Metaspace       used 4327K, committed 4544K, reserved 1114112K
  class space    used 472K, committed 576K, reserved 1048576K
}
Event: 1.218 GC heap before
{Heap before GC invocations=2 (full 0):
 PSYoungGen      total 29696K, used 28912K [0x00000000d5580000, 0x00000000d7680000, 0x0000000100000000)
  eden space 25600K, 100% used [0x00000000d5580000,0x00000000d6e80000,0x00000000d6e80000)
  from space 4096K, 80% used [0x00000000d6e80000,0x00000000d71bc148,0x00000000d7280000)
  to   space 4096K, 0% used [0x00000000d7280000,0x00000000d7280000,0x00000000d7680000)
 ParOldGen       total 68608K, used 16K [0x0000000080000000, 0x0000000084300000, 0x00000000d5580000)
  object space 68608K, 0% used [0x0000000080000000,0x0000000080004000,0x0000000084300000)
 Metaspace       used 7940K, committed 8192K, reserved 1114112K
  class space    used 829K, committed 960K, reserved 1048576K
}
Event: 1.224 GC heap after
{Heap after GC invocations=2 (full 0):
 PSYoungGen      total 29696K, used 4086K [0x00000000d5580000, 0x00000000d7680000, 0x0000000100000000)
  eden space 25600K, 0% used [0x00000000d5580000,0x00000000d5580000,0x00000000d6e80000)
  from space 4096K, 99% used [0x00000000d7280000,0x00000000d767d810,0x00000000d7680000)
  to   space 4096K, 0% used [0x00000000d6e80000,0x00000000d6e80000,0x00000000d7280000)
 ParOldGen       total 68608K, used 2065K [0x0000000080000000, 0x0000000084300000, 0x00000000d5580000)
  object space 68608K, 3% used [0x0000000080000000,0x00000000802045e0,0x0000000084300000)
 Metaspace       used 7940K, committed 8192K, reserved 1114112K
  class space    used 829K, committed 960K, reserved 1048576K
}
Event: 1.533 GC heap before
{Heap before GC invocations=3 (full 0):
 PSYoungGen      total 29696K, used 29517K [0x00000000d5580000, 0x00000000d7680000, 0x0000000100000000)
  eden space 25600K, 99% used [0x00000000d5580000,0x00000000d6e55c28,0x00000000d6e80000)
  from space 4096K, 99% used [0x00000000d7280000,0x00000000d767d810,0x00000000d7680000)
  to   space 4096K, 0% used [0x00000000d6e80000,0x00000000d6e80000,0x00000000d7280000)
 ParOldGen       total 68608K, used 2065K [0x0000000080000000, 0x0000000084300000, 0x00000000d5580000)
  object space 68608K, 3% used [0x0000000080000000,0x00000000802045e0,0x0000000084300000)
 Metaspace       used 9400K, committed 9664K, reserved 1114112K
  class space    used 1009K, committed 1152K, reserved 1048576K
}
Event: 1.538 GC heap after
{Heap after GC invocations=3 (full 0):
 PSYoungGen      total 29696K, used 4077K [0x00000000d5580000, 0x00000000d7680000, 0x0000000100000000)
  eden space 25600K, 0% used [0x00000000d5580000,0x00000000d5580000,0x00000000d6e80000)
  from space 4096K, 99% used [0x00000000d6e80000,0x00000000d727b4e0,0x00000000d7280000)
  to   space 4096K, 0% used [0x00000000d7280000,0x00000000d7280000,0x00000000d7680000)
 ParOldGen       total 68608K, used 5151K [0x0000000080000000, 0x0000000084300000, 0x00000000d5580000)
  object space 68608K, 7% used [0x0000000080000000,0x0000000080507e28,0x0000000084300000)
 Metaspace       used 9400K, committed 9664K, reserved 1114112K
  class space    used 1009K, committed 1152K, reserved 1048576K
}
Event: 1.928 GC heap before
{Heap before GC invocations=4 (full 0):
 PSYoungGen      total 29696K, used 29677K [0x00000000d5580000, 0x00000000d7680000, 0x0000000100000000)
  eden space 25600K, 100% used [0x00000000d5580000,0x00000000d6e80000,0x00000000d6e80000)
  from space 4096K, 99% used [0x00000000d6e80000,0x00000000d727b4e0,0x00000000d7280000)
  to   space 4096K, 0% used [0x00000000d7280000,0x00000000d7280000,0x00000000d7680000)
 ParOldGen       total 68608K, used 5151K [0x0000000080000000, 0x0000000084300000, 0x00000000d5580000)
  object space 68608K, 7% used [0x0000000080000000,0x0000000080507e28,0x0000000084300000)
 Metaspace       used 11666K, committed 12032K, reserved 1114112K
  class space    used 1238K, committed 1408K, reserved 1048576K
}
Event: 1.933 GC heap after
{Heap after GC invocations=4 (full 0):
 PSYoungGen      total 29696K, used 4068K [0x00000000d5580000, 0x00000000d7680000, 0x0000000100000000)
  eden space 25600K, 0% used [0x00000000d5580000,0x00000000d5580000,0x00000000d6e80000)
  from space 4096K, 99% used [0x00000000d7280000,0x00000000d76790f8,0x00000000d7680000)
  to   space 4096K, 0% used [0x00000000d6e80000,0x00000000d6e80000,0x00000000d7280000)
 ParOldGen       total 68608K, used 6447K [0x0000000080000000, 0x0000000084300000, 0x00000000d5580000)
  object space 68608K, 9% used [0x0000000080000000,0x000000008064bc00,0x0000000084300000)
 Metaspace       used 11666K, committed 12032K, reserved 1114112K
  class space    used 1238K, committed 1408K, reserved 1048576K
}
Event: 3.445 GC heap before
{Heap before GC invocations=5 (full 0):
 PSYoungGen      total 29696K, used 29668K [0x00000000d5580000, 0x00000000d7680000, 0x0000000100000000)
  eden space 25600K, 100% used [0x00000000d5580000,0x00000000d6e80000,0x00000000d6e80000)
  from space 4096K, 99% used [0x00000000d7280000,0x00000000d76790f8,0x00000000d7680000)
  to   space 4096K, 0% used [0x00000000d6e80000,0x00000000d6e80000,0x00000000d7280000)
 ParOldGen       total 68608K, used 6447K [0x0000000080000000, 0x0000000084300000, 0x00000000d5580000)
  object space 68608K, 9% used [0x0000000080000000,0x000000008064bc00,0x0000000084300000)
 Metaspace       used 15581K, committed 16192K, reserved 1114112K
  class space    used 1626K, committed 1920K, reserved 1048576K
}
Event: 3.449 GC heap after
{Heap after GC invocations=5 (full 0):
 PSYoungGen      total 29184K, used 4094K [0x00000000d5580000, 0x00000000d7900000, 0x0000000100000000)
  eden space 25088K, 0% used [0x00000000d5580000,0x00000000d5580000,0x00000000d6e00000)
  from space 4096K, 99% used [0x00000000d6e80000,0x00000000d727f9c0,0x00000000d7280000)
  to   space 5632K, 0% used [0x00000000d7380000,0x00000000d7380000,0x00000000d7900000)
 ParOldGen       total 68608K, used 7908K [0x0000000080000000, 0x0000000084300000, 0x00000000d5580000)
  object space 68608K, 11% used [0x0000000080000000,0x00000000807b91c8,0x0000000084300000)
 Metaspace       used 15581K, committed 16192K, reserved 1114112K
  class space    used 1626K, committed 1920K, reserved 1048576K
}

Dll operation events (9 events):
Event: 0.025 Loaded shared library c:\Users\gunag\.vscode\extensions\redhat.java-1.51.0-win32-x64\jre\21.0.9-win32-x86_64\bin\java.dll
Event: 0.101 Loaded shared library c:\Users\gunag\.vscode\extensions\redhat.java-1.51.0-win32-x64\jre\21.0.9-win32-x86_64\bin\zip.dll
Event: 0.124 Loaded shared library C:\Users\gunag\.vscode\extensions\redhat.java-1.51.0-win32-x64\jre\21.0.9-win32-x86_64\bin\instrument.dll
Event: 0.131 Loaded shared library C:\Users\gunag\.vscode\extensions\redhat.java-1.51.0-win32-x64\jre\21.0.9-win32-x86_64\bin\net.dll
Event: 0.133 Loaded shared library C:\Users\gunag\.vscode\extensions\redhat.java-1.51.0-win32-x64\jre\21.0.9-win32-x86_64\bin\nio.dll
Event: 0.136 Loaded shared library C:\Users\gunag\.vscode\extensions\redhat.java-1.51.0-win32-x64\jre\21.0.9-win32-x86_64\bin\zip.dll
Event: 0.152 Loaded shared library C:\Users\gunag\.vscode\extensions\redhat.java-1.51.0-win32-x64\jre\21.0.9-win32-x86_64\bin\jimage.dll
Event: 0.230 Loaded shared library c:\Users\gunag\.vscode\extensions\redhat.java-1.51.0-win32-x64\jre\21.0.9-win32-x86_64\bin\verify.dll
Event: 1.237 Loaded shared library C:\Users\gunag\AppData\Roaming\Code\User\globalStorage\redhat.java\1.51.0\config_win\org.eclipse.equinox.launcher\org.eclipse.equinox.launcher.win32.win32.x86_64_1.2.1400.v20250801-0854\eclipse_11916.dll

Deoptimization events (20 events):
Event: 3.291 Thread 0x000001417dd89bc0 DEOPT PACKING pc=0x000001416f4c2554 sp=0x00000008b94f9530
Event: 3.291 Thread 0x000001417dd89bc0 DEOPT UNPACKING pc=0x000001416eed3aa2 sp=0x00000008b94f94b0 mode 2
Event: 3.406 Thread 0x000001417dd89bc0 Uncommon trap: trap_request=0xffffff45 fr.pc=0x000001416f5486c8 relative=0x0000000000000b88
Event: 3.406 Thread 0x000001417dd89bc0 Uncommon trap: reason=unstable_if action=reinterpret pc=0x000001416f5486c8 method=java.io.BufferedInputStream.implRead([BII)I @ 55 c2
Event: 3.406 Thread 0x000001417dd89bc0 DEOPT PACKING pc=0x000001416f5486c8 sp=0x00000008b94f9270
Event: 3.406 Thread 0x000001417dd89bc0 DEOPT UNPACKING pc=0x000001416eed3aa2 sp=0x00000008b94f91a8 mode 2
Event: 3.406 Thread 0x000001417dd89bc0 Uncommon trap: trap_request=0xffffff45 fr.pc=0x000001416f5565dc relative=0x0000000000000bdc
Event: 3.406 Thread 0x000001417dd89bc0 Uncommon trap: reason=unstable_if action=reinterpret pc=0x000001416f5565dc method=java.io.DataInputStream.readFully([BII)V @ 37 c2
Event: 3.406 Thread 0x000001417dd89bc0 DEOPT PACKING pc=0x000001416f5565dc sp=0x00000008b94f9340
Event: 3.406 Thread 0x000001417dd89bc0 DEOPT UNPACKING pc=0x000001416eed3aa2 sp=0x00000008b94f9200 mode 2
Event: 3.458 Thread 0x000001417dd89bc0 DEOPT PACKING pc=0x0000014167f1bebe sp=0x00000008b94f7fe0
Event: 3.458 Thread 0x000001417dd89bc0 DEOPT UNPACKING pc=0x000001416eed4242 sp=0x00000008b94f7520 mode 0
Event: 3.536 Thread 0x000001417dd89bc0 Uncommon trap: trap_request=0xffffff45 fr.pc=0x000001416f49e584 relative=0x00000000000005c4
Event: 3.536 Thread 0x000001417dd89bc0 Uncommon trap: reason=unstable_if action=reinterpret pc=0x000001416f49e584 method=java.io.BufferedInputStream.implRead([BII)I @ 55 c2
Event: 3.536 Thread 0x000001417dd89bc0 DEOPT PACKING pc=0x000001416f49e584 sp=0x00000008b94f8cc0
Event: 3.536 Thread 0x000001417dd89bc0 DEOPT UNPACKING pc=0x000001416eed3aa2 sp=0x00000008b94f8c98 mode 2
Event: 3.585 Thread 0x000001417dd89bc0 Uncommon trap: trap_request=0xffffff45 fr.pc=0x000001416f456a18 relative=0x0000000000000678
Event: 3.585 Thread 0x000001417dd89bc0 Uncommon trap: reason=unstable_if action=reinterpret pc=0x000001416f456a18 method=java.lang.String.replace(Ljava/lang/CharSequence;Ljava/lang/CharSequence;)Ljava/lang/String; @ 42 c2
Event: 3.585 Thread 0x000001417dd89bc0 DEOPT PACKING pc=0x000001416f456a18 sp=0x00000008b94f7540
Event: 3.585 Thread 0x000001417dd89bc0 DEOPT UNPACKING pc=0x000001416eed3aa2 sp=0x00000008b94f74c0 mode 2

Classes loaded (20 events):
Event: 3.604 Loading class sun/security/provider/SHA done
Event: 3.605 Loading class sun/security/provider/SeedGenerator$1
Event: 3.605 Loading class sun/security/provider/SeedGenerator$1 done
Event: 3.622 Loading class java/net/NetworkInterface$1
Event: 3.622 Loading class java/net/NetworkInterface$1 done
Event: 3.623 Loading class java/nio/file/Files$AcceptAllFilter
Event: 3.623 Loading class java/nio/file/DirectoryStream$Filter
Event: 3.623 Loading class java/nio/file/DirectoryStream$Filter done
Event: 3.623 Loading class java/nio/file/Files$AcceptAllFilter done
Event: 3.623 Loading class sun/nio/fs/WindowsDirectoryStream
Event: 3.624 Loading class java/nio/file/DirectoryStream
Event: 3.624 Loading class java/nio/file/DirectoryStream done
Event: 3.624 Loading class sun/nio/fs/WindowsDirectoryStream done
Event: 3.624 Loading class sun/nio/fs/WindowsDirectoryStream$WindowsDirectoryIterator
Event: 3.624 Loading class sun/nio/fs/WindowsDirectoryStream$WindowsDirectoryIterator done
Event: 3.625 Loading class sun/nio/fs/WindowsPath$WindowsPathWithAttributes
Event: 3.625 Loading class sun/nio/fs/BasicFileAttributesHolder
Event: 3.625 Loading class sun/nio/fs/BasicFileAttributesHolder done
Event: 3.625 Loading class sun/nio/fs/WindowsPath$WindowsPathWithAttributes done
Event: 3.638 Loading class sun/security/provider/AbstractDrbg$NonceProvider

Classes unloaded (0 events):
No events

Classes redefined (0 events):
No events

Internal exceptions (20 events):
Event: 1.308 Thread 0x000001417dd89bc0 Exception <a 'java/lang/NoSuchMethodError'{0x00000000d5c2bb60}: 'java.lang.Object java.lang.invoke.DirectMethodHandle$Holder.newInvokeSpecial(java.lang.Object, java.lang.Object, int, java.lang.Object)'> (0x00000000d5c2bb60) 
thrown [s\src\hotspot\share\interpreter\linkResolver.cpp, line 773]
Event: 1.308 Thread 0x000001417dd89bc0 Exception <a 'java/lang/NoSuchMethodError'{0x00000000d5c2f990}: 'java.lang.Object java.lang.invoke.DirectMethodHandle$Holder.invokeSpecial(java.lang.Object, java.lang.Object, java.lang.Object, int, java.lang.Object)'> (0x00000000d5c2f990) 
thrown [s\src\hotspot\share\interpreter\linkResolver.cpp, line 773]
Event: 1.319 Thread 0x000001417dd89bc0 Exception <a 'java/lang/NoClassDefFoundError'{0x00000000d5cd6940}: jakarta/servlet/ServletContainerInitializer> (0x00000000d5cd6940) 
thrown [s\src\hotspot\share\classfile\systemDictionary.cpp, line 301]
Event: 1.336 Thread 0x000001417dd89bc0 Exception <a 'java/lang/ClassNotFoundException'{0x00000000d5e2aba8}: sun/util/logging/resources/spi/loggingProvider> (0x00000000d5e2aba8) 
thrown [s\src\hotspot\share\classfile\systemDictionary.cpp, line 312]
Event: 1.839 Thread 0x000001417dd89bc0 Exception <a 'java/lang/NullPointerException'{0x00000000d66e2c60}> (0x00000000d66e2c60) 
thrown [s\src\hotspot\share\interpreter\linkResolver.cpp, line 1372]
Event: 1.839 Thread 0x000001417dd89bc0 Exception <a 'java/lang/NullPointerException'{0x00000000d66e2f40}> (0x00000000d66e2f40) 
thrown [s\src\hotspot\share\interpreter\linkResolver.cpp, line 1372]
Event: 1.957 Thread 0x000001417dd89bc0 Exception <a 'java/lang/NoSuchMethodError'{0x00000000d57c59c0}: 'long java.lang.invoke.DirectMethodHandle$Holder.invokeSpecial(java.lang.Object, java.lang.Object)'> (0x00000000d57c59c0) 
thrown [s\src\hotspot\share\interpreter\linkResolver.cpp, line 773]
Event: 2.001 Thread 0x000001417dd89bc0 Exception <a 'java/io/FileNotFoundException'{0x00000000d5a08690}> (0x00000000d5a08690) 
thrown [s\src\hotspot\share\prims\jni.cpp, line 520]
Event: 2.108 Thread 0x000001417dd89bc0 Exception <a 'java/lang/NoSuchMethodError'{0x00000000d5f074b0}: 'java.lang.Object java.lang.invoke.Invokers$Holder.linkToTargetMethod(java.lang.Object, long, java.lang.Object)'> (0x00000000d5f074b0) 
thrown [s\src\hotspot\share\interpreter\linkResolver.cpp, line 773]
Event: 2.147 Thread 0x000001417dd89bc0 Exception <a 'java/lang/NoSuchMethodError'{0x00000000d64516d8}: 'void java.lang.invoke.Invokers$Holder.invokeExact_MT(java.lang.Object, java.lang.Object, java.lang.Object)'> (0x00000000d64516d8) 
thrown [s\src\hotspot\share\interpreter\linkResolver.cpp, line 773]
Event: 2.190 Thread 0x000001417dd89bc0 Exception <a 'java/lang/NoSuchMethodError'{0x00000000d6750070}: 'java.lang.Object java.lang.invoke.DirectMethodHandle$Holder.invokeVirtual(java.lang.Object, java.lang.Object, java.lang.Object)'> (0x00000000d6750070) 
thrown [s\src\hotspot\share\interpreter\linkResolver.cpp, line 773]
Event: 2.191 Thread 0x000001417dd89bc0 Exception <a 'java/lang/NoSuchMethodError'{0x00000000d6768658}: 'java.lang.Object java.lang.invoke.DelegatingMethodHandle$Holder.reinvoke_L(java.lang.Object, java.lang.Object, java.lang.Object, java.lang.Object, int, int)'> (0x00000000d6768658) 
thrown [s\src\hotspot\share\interpreter\linkResolver.cpp, line 773]
Event: 2.194 Thread 0x000001417dd89bc0 Exception <a 'java/lang/NoSuchMethodError'{0x00000000d6785128}: 'java.lang.Object java.lang.invoke.DirectMethodHandle$Holder.newInvokeSpecial(java.lang.Object, java.lang.Object, java.lang.Object, java.lang.Object, java.lang.Object, java.lang.Object)'> (0x00000000d6785128) 
thrown [s\src\hotspot\share\interpreter\linkResolver.cpp, line 773]
Event: 2.195 Thread 0x000001417dd89bc0 Exception <a 'java/lang/NoSuchMethodError'{0x00000000d67b1588}: 'void java.lang.invoke.Invokers$Holder.invokeExact_MT(java.lang.Object, java.lang.Object, java.lang.Object, java.lang.Object)'> (0x00000000d67b1588) 
thrown [s\src\hotspot\share\interpreter\linkResolver.cpp, line 773]
Event: 2.232 Thread 0x000001417dd89bc0 Exception <a 'java/io/FileNotFoundException'{0x00000000d6a90a20}> (0x00000000d6a90a20) 
thrown [s\src\hotspot\share\prims\jni.cpp, line 520]
Event: 2.233 Thread 0x000001417dd89bc0 Exception <a 'java/io/FileNotFoundException'{0x00000000d6aa4958}> (0x00000000d6aa4958) 
thrown [s\src\hotspot\share\prims\jni.cpp, line 520]
Event: 3.383 Thread 0x000001417dd89bc0 Exception <a 'java/lang/NoSuchMethodError'{0x00000000d6d8df90}: 'java.lang.Object java.lang.invoke.DirectMethodHandle$Holder.newInvokeSpecial(java.lang.Object, java.lang.Object, java.lang.Object, java.lang.Object, java.lang.Object)'> (0x00000000d6d8df90) 
thrown [s\src\hotspot\share\interpreter\linkResolver.cpp, line 773]
Event: 3.471 Thread 0x000001417dd89bc0 Exception <a 'java/lang/NoSuchMethodError'{0x00000000d564e130}: 'java.lang.Object java.lang.invoke.DirectMethodHandle$Holder.invokeStaticInit(java.lang.Object, int)'> (0x00000000d564e130) 
thrown [s\src\hotspot\share\interpreter\linkResolver.cpp, line 773]
Event: 3.591 Thread 0x000001417dd89bc0 Exception <a 'java/lang/NoSuchMethodError'{0x00000000d58e0890}: 'java.lang.Object java.lang.invoke.DirectMethodHandle$Holder.invokeStaticInit(java.lang.Object, int, int, int, int)'> (0x00000000d58e0890) 
thrown [s\src\hotspot\share\interpreter\linkResolver.cpp, line 773]
Event: 3.635 Thread 0x000001417dd89bc0 Exception <a 'java/lang/NoSuchMethodError'{0x00000000d59e7508}: 'java.lang.Object java.lang.invoke.DirectMethodHandle$Holder.invokeStaticInit(java.lang.Object, java.lang.Object, int, int, int, int)'> (0x00000000d59e7508) 
thrown [s\src\hotspot\share\interpreter\linkResolver.cpp, line 773]

ZGC Phase Switch (0 events):
No events

VM Operations (20 events):
Event: 1.355 Executing VM operation: HandshakeAllThreads (Deoptimize) done
Event: 1.361 Executing VM operation: HandshakeAllThreads (Deoptimize)
Event: 1.361 Executing VM operation: HandshakeAllThreads (Deoptimize) done
Event: 1.533 Executing VM operation: ParallelGCFailedAllocation (Allocation Failure)
Event: 1.538 Executing VM operation: ParallelGCFailedAllocation (Allocation Failure) done
Event: 1.587 Executing VM operation: HandshakeAllThreads (Deoptimize)
Event: 1.587 Executing VM operation: HandshakeAllThreads (Deoptimize) done
Event: 1.910 Executing VM operation: HandshakeAllThreads (Deoptimize)
Event: 1.910 Executing VM operation: HandshakeAllThreads (Deoptimize) done
Event: 1.928 Executing VM operation: ParallelGCFailedAllocation (Allocation Failure)
Event: 1.933 Executing VM operation: ParallelGCFailedAllocation (Allocation Failure) done
Event: 2.940 Executing VM operation: Cleanup
Event: 2.941 Executing VM operation: Cleanup done
Event: 3.298 Executing VM operation: HandshakeAllThreads (Deoptimize)
Event: 3.298 Executing VM operation: HandshakeAllThreads (Deoptimize) done
Event: 3.445 Executing VM operation: ParallelGCFailedAllocation (Allocation Failure)
Event: 3.449 Executing VM operation: ParallelGCFailedAllocation (Allocation Failure) done
Event: 3.626 Executing VM operation: HandshakeAllThreads (Deoptimize)
Event: 3.627 Executing VM operation: HandshakeAllThreads (Deoptimize) done
Event: 4.631 Executing VM operation: Cleanup

Memory protections (0 events):
No events

Nmethod flushes (0 events):
No events

Events (20 events):
Event: 0.068 Thread 0x000001416474c640 Thread added: 0x000001417cfe0d90
Event: 0.068 Thread 0x000001416474c640 Thread added: 0x000001417cfe5e80
Event: 0.068 Thread 0x000001416474c640 Thread added: 0x000001417cfe73a0
Event: 0.068 Thread 0x000001416474c640 Thread added: 0x000001417cfea160
Event: 0.068 Thread 0x000001416474c640 Thread added: 0x000001417cfeb1c0
Event: 0.068 Thread 0x000001416474c640 Thread added: 0x000001417cfebff0
Event: 0.068 Thread 0x000001416474c640 Thread added: 0x000001417cff9d50
Event: 0.127 Thread 0x000001416474c640 Thread added: 0x000001417d1f4a80
Event: 0.223 Thread 0x000001417cfebff0 Thread added: 0x000001417d319fb0
Event: 0.307 Thread 0x000001416474c640 Thread added: 0x000001417d4afe60
Event: 0.404 Thread 0x000001417cff9d50 Thread added: 0x000001417d3c4bc0
Event: 1.069 Thread 0x000001416474c640 Thread added: 0x000001417db428c0
Event: 1.231 Thread 0x000001416474c640 Thread added: 0x000001417ddc2d60
Event: 1.257 Thread 0x000001417ddc2d60 Thread added: 0x000001417dd64100
Event: 1.258 Thread 0x000001416474c640 Thread added: 0x000001417dd89bc0
Event: 1.585 Thread 0x000001417dd89bc0 Thread added: 0x000001417e0f00b0
Event: 1.900 Thread 0x000001417dd89bc0 Thread added: 0x000001417df667c0
Event: 2.135 Thread 0x000001417dd89bc0 Thread added: 0x000001417e1fe090
Event: 3.418 Thread 0x000001417d3c4bc0 Thread exited: 0x000001417d3c4bc0
Event: 3.612 Thread 0x000001417d319fb0 Thread exited: 0x000001417d319fb0


Dynamic libraries:
0x00007ff6e3150000 - 0x00007ff6e315e000 	c:\Users\gunag\.vscode\extensions\redhat.java-1.51.0-win32-x64\jre\21.0.9-win32-x86_64\bin\java.exe
0x00007ffc2a820000 - 0x00007ffc2aa87000 	C:\WINDOWS\SYSTEM32\ntdll.dll
0x00007ffc291d0000 - 0x00007ffc29299000 	C:\WINDOWS\System32\KERNEL32.DLL
0x00007ffc27b80000 - 0x00007ffc27f6f000 	C:\WINDOWS\System32\KERNELBASE.dll
0x00007ffc27f80000 - 0x00007ffc280cb000 	C:\WINDOWS\System32\ucrtbase.dll
0x00007ffbdf2c0000 - 0x00007ffbdf2d8000 	c:\Users\gunag\.vscode\extensions\redhat.java-1.51.0-win32-x64\jre\21.0.9-win32-x86_64\bin\jli.dll
0x00007ffc297c0000 - 0x00007ffc29985000 	C:\WINDOWS\System32\USER32.dll
0x00007ffc27a20000 - 0x00007ffc27a47000 	C:\WINDOWS\System32\win32u.dll
0x00007ffc29e20000 - 0x00007ffc29e4b000 	C:\WINDOWS\System32\GDI32.dll
0x00007ffc27a50000 - 0x00007ffc27b7c000 	C:\WINDOWS\System32\gdi32full.dll
0x00007ffc27970000 - 0x00007ffc27a13000 	C:\WINDOWS\System32\msvcp_win.dll
0x00007ffbec170000 - 0x00007ffbec18e000 	c:\Users\gunag\.vscode\extensions\redhat.java-1.51.0-win32-x64\jre\21.0.9-win32-x86_64\bin\VCRUNTIME140.dll
0x00007ffc044c0000 - 0x00007ffc04753000 	C:\WINDOWS\WinSxS\amd64_microsoft.windows.common-controls_6595b64144ccf1df_6.0.26100.7309_none_3e05feeae336a044\COMCTL32.dll
0x00007ffc28850000 - 0x00007ffc288f9000 	C:\WINDOWS\System32\msvcrt.dll
0x00007ffc29780000 - 0x00007ffc297b1000 	C:\WINDOWS\System32\IMM32.DLL
0x00007ffc158b0000 - 0x00007ffc158bc000 	c:\Users\gunag\.vscode\extensions\redhat.java-1.51.0-win32-x64\jre\21.0.9-win32-x86_64\bin\vcruntime140_1.dll
0x00007ffbc35d0000 - 0x00007ffbc365d000 	c:\Users\gunag\.vscode\extensions\redhat.java-1.51.0-win32-x64\jre\21.0.9-win32-x86_64\bin\msvcp140.dll
0x00007ffb63fd0000 - 0x00007ffb64d70000 	c:\Users\gunag\.vscode\extensions\redhat.java-1.51.0-win32-x64\jre\21.0.9-win32-x86_64\bin\server\jvm.dll
0x00007ffc2a6b0000 - 0x00007ffc2a764000 	C:\WINDOWS\System32\ADVAPI32.dll
0x00007ffc28d90000 - 0x00007ffc28e36000 	C:\WINDOWS\System32\sechost.dll
0x00007ffc28b10000 - 0x00007ffc28c28000 	C:\WINDOWS\System32\RPCRT4.dll
0x00007ffc2a5b0000 - 0x00007ffc2a624000 	C:\WINDOWS\System32\WS2_32.dll
0x00007ffc277d0000 - 0x00007ffc2782e000 	C:\WINDOWS\SYSTEM32\POWRPROF.dll
0x00007ffc1d170000 - 0x00007ffc1d1a5000 	C:\WINDOWS\SYSTEM32\WINMM.dll
0x00007ffc14cd0000 - 0x00007ffc14cdb000 	C:\WINDOWS\SYSTEM32\VERSION.dll
0x00007ffc277b0000 - 0x00007ffc277c4000 	C:\WINDOWS\SYSTEM32\UMPDC.dll
0x00007ffc26720000 - 0x00007ffc2673b000 	C:\WINDOWS\SYSTEM32\kernel.appcore.dll
0x00007ffc081e0000 - 0x00007ffc081ea000 	c:\Users\gunag\.vscode\extensions\redhat.java-1.51.0-win32-x64\jre\21.0.9-win32-x86_64\bin\jimage.dll
0x00007ffc24e80000 - 0x00007ffc250c2000 	C:\WINDOWS\SYSTEM32\DBGHELP.DLL
0x00007ffc28e40000 - 0x00007ffc291c5000 	C:\WINDOWS\System32\combase.dll
0x00007ffc28c60000 - 0x00007ffc28d36000 	C:\WINDOWS\System32\OLEAUT32.dll
0x00007ffc04200000 - 0x00007ffc0423c000 	C:\WINDOWS\SYSTEM32\dbgcore.DLL
0x00007ffc283c0000 - 0x00007ffc28465000 	C:\WINDOWS\System32\bcryptPrimitives.dll
0x00007ffc07130000 - 0x00007ffc0713f000 	c:\Users\gunag\.vscode\extensions\redhat.java-1.51.0-win32-x64\jre\21.0.9-win32-x86_64\bin\instrument.dll
0x00007ffbf46d0000 - 0x00007ffbf46f0000 	c:\Users\gunag\.vscode\extensions\redhat.java-1.51.0-win32-x64\jre\21.0.9-win32-x86_64\bin\java.dll
0x00007ffc29e50000 - 0x00007ffc2a5a3000 	C:\WINDOWS\System32\SHELL32.dll
0x00007ffc28250000 - 0x00007ffc283ba000 	C:\WINDOWS\System32\wintypes.dll
0x00007ffc25550000 - 0x00007ffc25dae000 	C:\WINDOWS\SYSTEM32\windows.storage.dll
0x00007ffc29420000 - 0x00007ffc29515000 	C:\WINDOWS\System32\SHCORE.dll
0x00007ffc2a770000 - 0x00007ffc2a7d6000 	C:\WINDOWS\System32\shlwapi.dll
0x00007ffc27890000 - 0x00007ffc278b9000 	C:\WINDOWS\SYSTEM32\profapi.dll
0x00007ffbdf550000 - 0x00007ffbdf568000 	c:\Users\gunag\.vscode\extensions\redhat.java-1.51.0-win32-x64\jre\21.0.9-win32-x86_64\bin\zip.dll
0x00007ffbfa470000 - 0x00007ffbfa480000 	C:\Users\gunag\.vscode\extensions\redhat.java-1.51.0-win32-x64\jre\21.0.9-win32-x86_64\bin\net.dll
0x00007ffc17ba0000 - 0x00007ffc17cc8000 	C:\WINDOWS\SYSTEM32\WINHTTP.dll
0x00007ffc26c90000 - 0x00007ffc26cfb000 	C:\WINDOWS\system32\mswsock.dll
0x00007ffbdbde0000 - 0x00007ffbdbdf6000 	C:\Users\gunag\.vscode\extensions\redhat.java-1.51.0-win32-x64\jre\21.0.9-win32-x86_64\bin\nio.dll
0x00007ffbfa450000 - 0x00007ffbfa460000 	c:\Users\gunag\.vscode\extensions\redhat.java-1.51.0-win32-x64\jre\21.0.9-win32-x86_64\bin\verify.dll
0x00007ffbc7e00000 - 0x00007ffbc7e44000 	C:\Users\gunag\AppData\Roaming\Code\User\globalStorage\redhat.java\1.51.0\config_win\org.eclipse.equinox.launcher\org.eclipse.equinox.launcher.win32.win32.x86_64_1.2.1400.v20250801-0854\eclipse_11916.dll
0x00007ffc295e0000 - 0x00007ffc29777000 	C:\WINDOWS\System32\ole32.dll
0x00007ffc26f50000 - 0x00007ffc26f6b000 	C:\WINDOWS\SYSTEM32\CRYPTSP.dll
0x00007ffc26680000 - 0x00007ffc266ba000 	C:\WINDOWS\system32\rsaenh.dll
0x00007ffc26d40000 - 0x00007ffc26d6b000 	C:\WINDOWS\SYSTEM32\USERENV.dll
0x00007ffc27860000 - 0x00007ffc2788a000 	C:\WINDOWS\SYSTEM32\bcrypt.dll
0x00007ffc26f70000 - 0x00007ffc26f7c000 	C:\WINDOWS\SYSTEM32\CRYPTBASE.dll
0x00007ffc26260000 - 0x00007ffc26294000 	C:\WINDOWS\SYSTEM32\IPHLPAPI.DLL
0x00007ffc29410000 - 0x00007ffc2941a000 	C:\WINDOWS\System32\NSI.dll

JVMTI agents:
c:\Users\gunag\.vscode\extensions\redhat.java-1.51.0-win32-x64\lombok\lombok-1.18.39-4050.jar path:c:\Users\gunag\.vscode\extensions\redhat.java-1.51.0-win32-x64\jre\21.0.9-win32-x86_64\bin\instrument.dll, loaded, initialized, instrumentlib options:none

dbghelp: loaded successfully - version: 4.0.5 - missing functions: none
symbol engine: initialized successfully - sym options: 0x614 - pdb path: .;c:\Users\gunag\.vscode\extensions\redhat.java-1.51.0-win32-x64\jre\21.0.9-win32-x86_64\bin;C:\WINDOWS\SYSTEM32;C:\WINDOWS\WinSxS\amd64_microsoft.windows.common-controls_6595b64144ccf1df_6.0.26100.7309_none_3e05feeae336a044;c:\Users\gunag\.vscode\extensions\redhat.java-1.51.0-win32-x64\jre\21.0.9-win32-x86_64\bin\server;C:\Users\gunag\AppData\Roaming\Code\User\globalStorage\redhat.java\1.51.0\config_win\org.eclipse.equinox.launcher\org.eclipse.equinox.launcher.win32.win32.x86_64_1.2.1400.v20250801-0854

VM Arguments:
jvm_args: --add-modules=ALL-SYSTEM --add-opens=java.base/java.util=ALL-UNNAMED --add-opens=java.base/java.lang=ALL-UNNAMED --add-opens=java.base/sun.nio.fs=ALL-UNNAMED -Declipse.application=org.eclipse.jdt.ls.core.id1 -Dosgi.bundles.defaultStartLevel=4 -Declipse.product=org.eclipse.jdt.ls.core.product -Djava.import.generatesMetadataFilesAtProjectRoot=false -DDetectVMInstallationsJob.disabled=true -Dfile.encoding=utf8 -XX:+UseParallelGC -XX:GCTimeRatio=4 -XX:AdaptiveSizePolicyWeight=90 -Dsun.zip.disableMemoryMapping=true -Xmx2G -Xms100m -Xlog:disable -javaagent:c:\Users\gunag\.vscode\extensions\redhat.java-1.51.0-win32-x64\lombok\lombok-1.18.39-4050.jar -XX:+HeapDumpOnOutOfMemoryError -XX:HeapDumpPath=c:\Users\gunag\AppData\Roaming\Code\User\workspaceStorage\03754608f56864d57c6f8800f3b15a86\redhat.java -Daether.dependencyCollector.impl=bf 
java_command: c:\Users\gunag\.vscode\extensions\redhat.java-1.51.0-win32-x64\server\plugins\org.eclipse.equinox.launcher_1.7.100.v20251111-0406.jar -configuration c:\Users\gunag\AppData\Roaming\Code\User\globalStorage\redhat.java\1.51.0\config_win -data c:\Users\gunag\AppData\Roaming\Code\User\workspaceStorage\03754608f56864d57c6f8800f3b15a86\redhat.java\jdt_ws --pipe=\\.\pipe\lsp-11d2483caa49670adcc7dd0ac2843869-sock
java_class_path (initial): c:\Users\gunag\.vscode\extensions\redhat.java-1.51.0-win32-x64\server\plugins\org.eclipse.equinox.launcher_1.7.100.v20251111-0406.jar
Launcher Type: SUN_STANDARD

[Global flags]
    uintx AdaptiveSizePolicyWeight                 = 90                                        {product} {command line}
     intx CICompilerCount                          = 4                                         {product} {ergonomic}
    uintx GCTimeRatio                              = 4                                         {product} {command line}
     bool HeapDumpOnOutOfMemoryError               = true                                   {manageable} {command line}
    ccstr HeapDumpPath                             = c:\Users\gunag\AppData\Roaming\Code\User\workspaceStorage\03754608f56864d57c6f8800f3b15a86\redhat.java         {manageable} {command line}
   size_t InitialHeapSize                          = 104857600                                 {product} {command line}
   size_t MaxHeapSize                              = 2147483648                                {product} {command line}
   size_t MaxNewSize                               = 715653120                                 {product} {ergonomic}
   size_t MinHeapDeltaBytes                        = 524288                                    {product} {ergonomic}
   size_t MinHeapSize                              = 104857600                                 {product} {command line}
   size_t NewSize                                  = 34603008                                  {product} {ergonomic}
    uintx NonNMethodCodeHeapSize                   = 5839372                                {pd product} {ergonomic}
    uintx NonProfiledCodeHeapSize                  = 122909434                              {pd product} {ergonomic}
   size_t OldSize                                  = 70254592                                  {product} {ergonomic}
    uintx ProfiledCodeHeapSize                     = 122909434                              {pd product} {ergonomic}
    uintx ReservedCodeCacheSize                    = 251658240                              {pd product} {ergonomic}
     bool SegmentedCodeCache                       = true                                      {product} {ergonomic}
   size_t SoftMaxHeapSize                          = 2147483648                             {manageable} {ergonomic}
     bool UseCompressedOops                        = true                           {product lp64_product} {ergonomic}
     bool UseLargePagesIndividualAllocation        = false                                  {pd product} {ergonomic}
     bool UseParallelGC                            = true                                      {product} {command line}

Logging:
Log output configuration:
 #0: stdout all=off uptime,level,tags foldmultilines=false
 #1: stderr all=off uptime,level,tags foldmultilines=false

Release file:
JAVA_VERSION="21.0.9" 
MODULES="java.base java.compiler java.datatransfer java.xml java.prefs java.desktop java.instrument java.logging java.management java.security.sasl java.naming java.rmi java.management.rmi java.net.http java.scripting java.security.jgss java.transaction.xa java.sql java.sql.rowset java.xml.crypto java.se java.smartcardio jdk.accessibility jdk.internal.jvmstat jdk.attach jdk.charsets jdk.internal.opt jdk.zipfs jdk.compiler jdk.crypto.ec jdk.crypto.cryptoki jdk.crypto.mscapi jdk.dynalink jdk.internal.ed jdk.editpad jdk.hotspot.agent jdk.httpserver jdk.internal.le jdk.internal.vm.ci jdk.internal.vm.compiler jdk.internal.vm.compiler.management jdk.jartool jdk.javadoc jdk.jcmd jdk.management jdk.management.agent jdk.jconsole jdk.jdeps jdk.jdwp.agent jdk.jdi jdk.jfr jdk.jshell jdk.jsobject jdk.jstatd jdk.localedata jdk.management.jfr jdk.naming.dns jdk.naming.rmi jdk.net jdk.nio.mapmode jdk.random jdk.sctp jdk.security.auth jdk.security.jgss jdk.unsupported jdk.unsupported.desktop jdk.xml.dom" 

Environment Variables:
JAVA_HOME=C:\Program Files\Java\jdk-17
PATH=C:\Program Files\Java\jdk-17\bin;C:\WINDOWS\system32;C:\WINDOWS;C:\WINDOWS\System32\Wbem;C:\WINDOWS\System32\WindowsPowerShell\v1.0\;C:\WINDOWS\System32\OpenSSH\;C:\Program Files\MongoDB\Server\7.0\bin;C:\Program Files\Git\cmd;C:\Users\gunag\AppData\Local\nvm;%NVM_SYMLINK%;C:\Program Files\Apache\apache-maven-3.9.11\bin;C:\Program Files\MySQL\MySQL Server 8.0\bin;C:\Program Files\nodejs\;C:\Program Files\MySQL\MySQL Shell 8.0\bin\;C:\Users\gunag\AppData\Local\Microsoft\WindowsApps;C:\Program Files\mongosh\;C:\Users\gunag\AppData\Local\Programs\Microsoft VS Code\bin;C:\Users\gunag\AppData\Local\nvm;%NVM_SYMLINK%;C:\Program Files\heroku\bin;C:\Users\gunag\AppData\Local\Programs\Microsoft VS Code Insiders\bin;C:\Users\gunag\AppData\Roaming\npm
USERNAME=gunag
OS=Windows_NT
PROCESSOR_IDENTIFIER=Intel64 Family 6 Model 154 Stepping 4, GenuineIntel
TMP=C:\Users\gunag\AppData\Local\Temp
TEMP=C:\Users\gunag\AppData\Local\Temp




Periodic native trim disabled

---------------  S Y S T E M  ---------------

OS:
 Windows 11 , 64 bit Build 26100 (10.0.26100.7309)
OS uptime: 1 days 21:21 hours
Hyper-V role detected

CPU: total 12 (initial active 12) (6 cores per cpu, 2 threads per core) family 6 model 154 stepping 4 microcode 0x42c, cx8, cmov, fxsr, ht, mmx, 3dnowpref, sse, sse2, sse3, ssse3, sse4.1, sse4.2, popcnt, lzcnt, tsc, tscinvbit, avx, avx2, aes, erms, clmul, bmi1, bmi2, adx, sha, fma, vzeroupper, clflush, clflushopt, clwb, hv, serialize, rdtscp, rdpid, fsrm, f16c, cet_ibt, cet_ss
Processor Information for processor 0
  Max Mhz: 1300, Current Mhz: 1300, Mhz Limit: 1300
Processor Information for processor 1
  Max Mhz: 1300, Current Mhz: 1300, Mhz Limit: 1300
Processor Information for processor 2
  Max Mhz: 1300, Current Mhz: 1300, Mhz Limit: 1300
Processor Information for processor 3
  Max Mhz: 1300, Current Mhz: 1300, Mhz Limit: 1300
Processor Information for processor 4
  Max Mhz: 1300, Current Mhz: 900, Mhz Limit: 897
Processor Information for processor 5
  Max Mhz: 1300, Current Mhz: 900, Mhz Limit: 897
Processor Information for processor 6
  Max Mhz: 1300, Current Mhz: 900, Mhz Limit: 897
Processor Information for processor 7
  Max Mhz: 1300, Current Mhz: 900, Mhz Limit: 897
Processor Information for processor 8
  Max Mhz: 1300, Current Mhz: 900, Mhz Limit: 897
Processor Information for processor 9
  Max Mhz: 1300, Current Mhz: 900, Mhz Limit: 897
Processor Information for processor 10
  Max Mhz: 1300, Current Mhz: 900, Mhz Limit: 897
Processor Information for processor 11
  Max Mhz: 1300, Current Mhz: 900, Mhz Limit: 897

Memory: 4k page, system-wide physical 7863M (1068M free)
TotalPageFile size 32439M (AvailPageFile size 68M)
current process WorkingSet (physical memory assigned to process): 120M, peak: 125M
current process commit charge ("private bytes"): 266M, peak: 270M

vm_info: OpenJDK 64-Bit Server VM (21.0.9+10-LTS) for windows-amd64 JRE (21.0.9+10-LTS), built on 2025-10-21T00:00:00Z by "admin" with unknown MS VC++:1942

END.
