#
# There is insufficient memory for the Java Runtime Environment to continue.
# Native memory allocation (malloc) failed to allocate 1048576 bytes. Error detail: AllocateHeap
# Possible reasons:
#   The system is out of physical RAM or swap space
#   This process is running with CompressedOops enabled, and the Java Heap may be blocking the growth of the native heap
# Possible solutions:
#   Reduce memory load on the system
#   Increase physical memory or swap space
#   Check if swap backing store is full
#   Decrease Java heap size (-Xmx/-Xms)
#   Decrease number of Java threads
#   Decrease Java thread stack sizes (-Xss)
#   Set larger code cache with -XX:ReservedCodeCacheSize=
#   JVM is running with Unscaled Compressed Oops mode in which the Java heap is
#     placed in the first 4GB address space. The Java Heap base address is the
#     maximum limit for the native heap growth. Please use -XX:HeapBaseMinAddress
#     to set the Java Heap base and to place the Java Heap above 4GB virtual address.
# This output file may be truncated or incomplete.
#
#  Out of Memory Error (allocation.cpp:44), pid=34832, tid=25624
#
# JRE version: OpenJDK Runtime Environment Temurin-21.0.9+10 (21.0.9+10) (build 21.0.9+10-LTS)
# Java VM: OpenJDK 64-Bit Server VM Temurin-21.0.9+10 (21.0.9+10-LTS, mixed mode, sharing, tiered, compressed oops, compressed class ptrs, parallel gc, windows-amd64)
# No core dump will be written. Minidumps are not enabled by default on client versions of Windows
#

---------------  S U M M A R Y ------------

Command Line: --add-modules=ALL-SYSTEM --add-opens=java.base/java.util=ALL-UNNAMED --add-opens=java.base/java.lang=ALL-UNNAMED --add-opens=java.base/sun.nio.fs=ALL-UNNAMED -Declipse.application=org.eclipse.jdt.ls.core.id1 -Dosgi.bundles.defaultStartLevel=4 -Declipse.product=org.eclipse.jdt.ls.core.product -Djava.import.generatesMetadataFilesAtProjectRoot=false -DDetectVMInstallationsJob.disabled=true -Dfile.encoding=utf8 -XX:+UseParallelGC -XX:GCTimeRatio=4 -XX:AdaptiveSizePolicyWeight=90 -Dsun.zip.disableMemoryMapping=true -Xmx2G -Xms100m -Xlog:disable -javaagent:c:\Users\gunag\.vscode\extensions\redhat.java-1.51.0-win32-x64\lombok\lombok-1.18.39-4050.jar -XX:+HeapDumpOnOutOfMemoryError -XX:HeapDumpPath=c:\Users\gunag\AppData\Roaming\Code\User\workspaceStorage\9506a23cfd996d600f5bca4c4c48a6b8\redhat.java -Daether.dependencyCollector.impl=bf c:\Users\gunag\.vscode\extensions\redhat.java-1.51.0-win32-x64\server\plugins\org.eclipse.equinox.launcher_1.7.100.v20251111-0406.jar -configuration c:\Users\gunag\AppData\Roaming\Code\User\globalStorage\redhat.java\1.51.0\config_win -data c:\Users\gunag\AppData\Roaming\Code\User\workspaceStorage\9506a23cfd996d600f5bca4c4c48a6b8\redhat.java\jdt_ws --pipe=\\.\pipe\lsp-d57b385d958970cd87b75a8a27c3647a-sock

Host: 12th Gen Intel(R) Core(TM) i5-1235U, 12 cores, 7G,  Windows 11 , 64 bit Build 26100 (10.0.26100.7309)
Time: Mon Jan 12 19:56:08 2026 India Standard Time elapsed time: 3900.982486 seconds (0d 1h 5m 0s)

---------------  T H R E A D  ---------------

Current thread (0x0000016e64108700):  JavaThread "Attach Listener" daemon [_thread_in_vm, id=25624, stack(0x0000006cf5600000,0x0000006cf5700000) (1024K)]

Stack: [0x0000006cf5600000,0x0000006cf5700000]
Native frames: (J=compiled Java code, j=interpreted, Vv=VM code, C=native code)
V  [jvm.dll+0x6d6e29]
V  [jvm.dll+0x8b4b76]
V  [jvm.dll+0x8b712e]
V  [jvm.dll+0x8b7813]
V  [jvm.dll+0x283d86]
V  [jvm.dll+0xc1277]
V  [jvm.dll+0x6d76d9]
V  [jvm.dll+0x133466]
V  [jvm.dll+0x3f7ea6]
V  [jvm.dll+0x85e9ad]
V  [jvm.dll+0x6d565d]
C  [ucrtbase.dll+0x37b0]
C  [KERNEL32.DLL+0x2e8d7]
C  [ntdll.dll+0x8c53c]


---------------  P R O C E S S  ---------------

Threads class SMR info:
_java_thread_list=0x0000016e69b679d0, length=38, elements={
0x0000016e0a73c550, 0x0000016e641044b0, 0x0000016e621fe3d0, 0x0000016e64107ab0,
0x0000016e64108700, 0x0000016e64113890, 0x0000016e641162f0, 0x0000016e64117120,
0x0000016e64182f00, 0x0000016e64342140, 0x0000016e6435eb30, 0x0000016e646faab0,
0x0000016e64939e90, 0x0000016e644241e0, 0x0000016e644237e0, 0x0000016e64cec200,
0x0000016e69142d50, 0x0000016e6479b4d0, 0x0000016e6479a7b0, 0x0000016e6479ae40,
0x0000016e647986e0, 0x0000016e64799400, 0x0000016e6aa24b00, 0x0000016e6aa23de0,
0x0000016e6aa24470, 0x0000016e6aa26540, 0x0000016e6aa25190, 0x0000016e6aa25820,
0x0000016e6aa25eb0, 0x0000016e6aa23750, 0x0000016e6aa26bd0, 0x0000016e6ac859b0,
0x0000016e6ac84c90, 0x0000016e6ac88110, 0x0000016e6ac86d60, 0x0000016e6ac866d0,
0x0000016e6ac873f0, 0x0000016e6ac87a80
}

Java Threads: ( => current thread )
  0x0000016e0a73c550 JavaThread "main"                              [_thread_blocked, id=21664, stack(0x0000006cf4f00000,0x0000006cf5000000) (1024K)]
  0x0000016e641044b0 JavaThread "Reference Handler"          daemon [_thread_blocked, id=22472, stack(0x0000006cf5300000,0x0000006cf5400000) (1024K)]
  0x0000016e621fe3d0 JavaThread "Finalizer"                  daemon [_thread_blocked, id=32620, stack(0x0000006cf5400000,0x0000006cf5500000) (1024K)]
  0x0000016e64107ab0 JavaThread "Signal Dispatcher"          daemon [_thread_blocked, id=12348, stack(0x0000006cf5500000,0x0000006cf5600000) (1024K)]
=>0x0000016e64108700 JavaThread "Attach Listener"            daemon [_thread_in_vm, id=25624, stack(0x0000006cf5600000,0x0000006cf5700000) (1024K)]
  0x0000016e64113890 JavaThread "Service Thread"             daemon [_thread_blocked, id=30292, stack(0x0000006cf5700000,0x0000006cf5800000) (1024K)]
  0x0000016e641162f0 JavaThread "Monitor Deflation Thread"   daemon [_thread_blocked, id=34972, stack(0x0000006cf5800000,0x0000006cf5900000) (1024K)]
  0x0000016e64117120 JavaThread "C2 CompilerThread0"         daemon [_thread_blocked, id=25908, stack(0x0000006cf5900000,0x0000006cf5a00000) (1024K)]
  0x0000016e64182f00 JavaThread "C1 CompilerThread0"         daemon [_thread_blocked, id=21148, stack(0x0000006cf5a00000,0x0000006cf5b00000) (1024K)]
  0x0000016e64342140 JavaThread "Common-Cleaner"             daemon [_thread_blocked, id=5560, stack(0x0000006cf5b00000,0x0000006cf5c00000) (1024K)]
  0x0000016e6435eb30 JavaThread "Notification Thread"        daemon [_thread_blocked, id=4384, stack(0x0000006cf5c00000,0x0000006cf5d00000) (1024K)]
  0x0000016e646faab0 JavaThread "Active Thread: Equinox Container: 279e5db9-cf21-484b-a2e4-e742e0042a5c"        [_thread_blocked, id=35544, stack(0x0000006cf4d00000,0x0000006cf4e00000) (1024K)]
  0x0000016e64939e90 JavaThread "Refresh Thread: Equinox Container: 279e5db9-cf21-484b-a2e4-e742e0042a5c" daemon [_thread_blocked, id=35144, stack(0x0000006cf6400000,0x0000006cf6500000) (1024K)]
  0x0000016e644241e0 JavaThread "Framework Event Dispatcher: Equinox Container: 279e5db9-cf21-484b-a2e4-e742e0042a5c" daemon [_thread_blocked, id=3008, stack(0x0000006cf6500000,0x0000006cf6600000) (1024K)]
  0x0000016e644237e0 JavaThread "Start Level: Equinox Container: 279e5db9-cf21-484b-a2e4-e742e0042a5c" daemon [_thread_blocked, id=32316, stack(0x0000006cf6600000,0x0000006cf6700000) (1024K)]
  0x0000016e64cec200 JavaThread "Bundle File Closer"         daemon [_thread_blocked, id=31520, stack(0x0000006cf6900000,0x0000006cf6a00000) (1024K)]
  0x0000016e69142d50 JavaThread "SCR Component Actor"        daemon [_thread_blocked, id=5612, stack(0x0000006cf4e00000,0x0000006cf4f00000) (1024K)]
  0x0000016e6479b4d0 JavaThread "Worker-JM"                         [_thread_blocked, id=26588, stack(0x0000006cf6a00000,0x0000006cf6b00000) (1024K)]
  0x0000016e6479a7b0 JavaThread "JNA Cleaner"                daemon [_thread_blocked, id=19048, stack(0x0000006cf6b00000,0x0000006cf6c00000) (1024K)]
  0x0000016e6479ae40 JavaThread "Worker-0"                          [_thread_blocked, id=5404, stack(0x0000006cf6c00000,0x0000006cf6d00000) (1024K)]
  0x0000016e647986e0 JavaThread "Worker-1"                          [_thread_blocked, id=34020, stack(0x0000006cf6d00000,0x0000006cf6e00000) (1024K)]
  0x0000016e64799400 JavaThread "Java indexing"              daemon [_thread_blocked, id=6392, stack(0x0000006cf6f00000,0x0000006cf7000000) (1024K)]
  0x0000016e6aa24b00 JavaThread "Thread-1"                   daemon [_thread_in_native, id=30436, stack(0x0000006cf7400000,0x0000006cf7500000) (1024K)]
  0x0000016e6aa23de0 JavaThread "Thread-2"                   daemon [_thread_in_native, id=21624, stack(0x0000006cf7500000,0x0000006cf7600000) (1024K)]
  0x0000016e6aa24470 JavaThread "Thread-3"                   daemon [_thread_in_native, id=3280, stack(0x0000006cf7600000,0x0000006cf7700000) (1024K)]
  0x0000016e6aa26540 JavaThread "Thread-4"                   daemon [_thread_in_native, id=14024, stack(0x0000006cf7700000,0x0000006cf7800000) (1024K)]
  0x0000016e6aa25190 JavaThread "Thread-5"                   daemon [_thread_in_native, id=33496, stack(0x0000006cf7800000,0x0000006cf7900000) (1024K)]
  0x0000016e6aa25820 JavaThread "Thread-6"                   daemon [_thread_in_native, id=25220, stack(0x0000006cf7900000,0x0000006cf7a00000) (1024K)]
  0x0000016e6aa25eb0 JavaThread "Thread-7"                   daemon [_thread_in_native, id=10500, stack(0x0000006cf7a00000,0x0000006cf7b00000) (1024K)]
  0x0000016e6aa23750 JavaThread "Thread-8"                   daemon [_thread_in_native, id=32256, stack(0x0000006cf7b00000,0x0000006cf7c00000) (1024K)]
  0x0000016e6aa26bd0 JavaThread "Thread-9"                   daemon [_thread_in_native, id=34580, stack(0x0000006cf7c00000,0x0000006cf7d00000) (1024K)]
  0x0000016e6ac859b0 JavaThread "Thread-10"                  daemon [_thread_in_native, id=33592, stack(0x0000006cf7d00000,0x0000006cf7e00000) (1024K)]
  0x0000016e6ac84c90 JavaThread "Thread-11"                  daemon [_thread_in_native, id=17024, stack(0x0000006cf7e00000,0x0000006cf7f00000) (1024K)]
  0x0000016e6ac88110 JavaThread "Thread-12"                  daemon [_thread_in_native, id=31064, stack(0x0000006cf7f00000,0x0000006cf8000000) (1024K)]
  0x0000016e6ac86d60 JavaThread "Thread-13"                  daemon [_thread_in_native, id=29168, stack(0x0000006cf8000000,0x0000006cf8100000) (1024K)]
  0x0000016e6ac866d0 JavaThread "pool-2-thread-1"                   [_thread_blocked, id=30904, stack(0x0000006cf8100000,0x0000006cf8200000) (1024K)]
  0x0000016e6ac873f0 JavaThread "WorkspaceEventsHandler"            [_thread_blocked, id=30256, stack(0x0000006cf8200000,0x0000006cf8300000) (1024K)]
  0x0000016e6ac87a80 JavaThread "pool-1-thread-1"                   [_thread_blocked, id=33972, stack(0x0000006cf8300000,0x0000006cf8400000) (1024K)]
Total: 38

Other Threads:
  0x0000016e621e4530 VMThread "VM Thread"                           [id=19892, stack(0x0000006cf5200000,0x0000006cf5300000) (1024K)]
  0x0000016e620dca00 WatcherThread "VM Periodic Task Thread"        [id=34992, stack(0x0000006cf5100000,0x0000006cf5200000) (1024K)]
  0x0000016e0a75a530 WorkerThread "GC Thread#0"                     [id=12864, stack(0x0000006cf5000000,0x0000006cf5100000) (1024K)]
  0x0000016e645b5f90 WorkerThread "GC Thread#1"                     [id=27844, stack(0x0000006cf5d00000,0x0000006cf5e00000) (1024K)]
  0x0000016e6417a660 WorkerThread "GC Thread#2"                     [id=34192, stack(0x0000006cf5e00000,0x0000006cf5f00000) (1024K)]
  0x0000016e6417aa00 WorkerThread "GC Thread#3"                     [id=5312, stack(0x0000006cf5f00000,0x0000006cf6000000) (1024K)]
  0x0000016e645b6330 WorkerThread "GC Thread#4"                     [id=19572, stack(0x0000006cf6000000,0x0000006cf6100000) (1024K)]
  0x0000016e645b66d0 WorkerThread "GC Thread#5"                     [id=27856, stack(0x0000006cf6100000,0x0000006cf6200000) (1024K)]
  0x0000016e6464b2b0 WorkerThread "GC Thread#6"                     [id=19068, stack(0x0000006cf6200000,0x0000006cf6300000) (1024K)]
  0x0000016e643f9720 WorkerThread "GC Thread#7"                     [id=7044, stack(0x0000006cf6300000,0x0000006cf6400000) (1024K)]
  0x0000016e64915b80 WorkerThread "GC Thread#8"                     [id=31896, stack(0x0000006cf6700000,0x0000006cf6800000) (1024K)]
  0x0000016e64915f20 WorkerThread "GC Thread#9"                     [id=18616, stack(0x0000006cf6800000,0x0000006cf6900000) (1024K)]
Total: 12

Threads with active compile tasks:
Total: 0

VM state: not at safepoint (normal execution)

VM Mutex/Monitor currently owned by a thread: None

Heap address: 0x0000000080000000, size: 2048 MB, Compressed Oops mode: 32-bit

CDS archive(s) mapped at: [0x0000016e21000000-0x0000016e21ba0000-0x0000016e21ba0000), size 12189696, SharedBaseAddress: 0x0000016e21000000, ArchiveRelocationMode: 1.
Compressed class space mapped at: 0x0000016e22000000-0x0000016e62000000, reserved size: 1073741824
Narrow klass base: 0x0000016e21000000, Narrow klass shift: 0, Narrow klass range: 0x100000000

GC Precious Log:
 CardTable entry size: 512
 CPUs: 12 total, 12 available
 Memory: 7863M
 Large Page Support: Disabled
 NUMA Support: Disabled
 Compressed Oops: Enabled (32-bit)
 Alignments: Space 512K, Generation 512K, Heap 2M
 Heap Min Capacity: 100M
 Heap Initial Capacity: 100M
 Heap Max Capacity: 2G
 Pre-touch: Disabled
 Parallel Workers: 10

Heap:
 PSYoungGen      total 10752K, used 8704K [0x00000000d5580000, 0x00000000d6100000, 0x0000000100000000)
  eden space 10240K, 81% used [0x00000000d5580000,0x00000000d5da03c8,0x00000000d5f80000)
  from space 512K, 75% used [0x00000000d6080000,0x00000000d60e0000,0x00000000d6100000)
  to   space 512K, 0% used [0x00000000d6000000,0x00000000d6000000,0x00000000d6080000)
 ParOldGen       total 80384K, used 66725K [0x0000000080000000, 0x0000000084e80000, 0x00000000d5580000)
  object space 80384K, 83% used [0x0000000080000000,0x0000000084129708,0x0000000084e80000)
 Metaspace       used 61298K, committed 62848K, reserved 1114112K
  class space    used 6408K, committed 7104K, reserved 1048576K

Card table byte_map: [0x0000016e0a0e0000,0x0000016e0a4f0000] _byte_map_base: 0x0000016e09ce0000

Marking Bits: (ParMarkBitMap*) 0x00007ffba2392460
 Begin Bits: [0x0000016e1cbf0000, 0x0000016e1ebf0000)
 End Bits:   [0x0000016e1ebf0000, 0x0000016e20bf0000)

Polling page: 0x0000016e08710000

Metaspace:

Usage:
  Non-class:     53.60 MB used.
      Class:      6.26 MB used.
       Both:     59.86 MB used.

Virtual space:
  Non-class space:       64.00 MB reserved,      54.44 MB ( 85%) committed,  1 nodes.
      Class space:        1.00 GB reserved,       6.94 MB ( <1%) committed,  1 nodes.
             Both:        1.06 GB reserved,      61.38 MB (  6%) committed. 

Chunk freelists:
   Non-Class:  9.48 MB
       Class:  8.91 MB
        Both:  18.39 MB

MaxMetaspaceSize: unlimited
CompressedClassSpaceSize: 1.00 GB
Initial GC threshold: 21.00 MB
Current GC threshold: 97.31 MB
CDS: on
 - commit_granule_bytes: 65536.
 - commit_granule_words: 8192.
 - virtual_space_node_default_size: 8388608.
 - enlarge_chunks_in_place: 1.
 - use_allocation_guard: 0.


Internal statistics:

num_allocs_failed_limit: 9.
num_arena_births: 1192.
num_arena_deaths: 16.
num_vsnodes_births: 2.
num_vsnodes_deaths: 0.
num_space_committed: 982.
num_space_uncommitted: 0.
num_chunks_returned_to_freelist: 26.
num_chunks_taken_from_freelist: 4197.
num_chunk_merges: 12.
num_chunk_splits: 2477.
num_chunks_enlarged: 1261.
num_inconsistent_stats: 0.

CodeHeap 'non-profiled nmethods': size=120000Kb used=7329Kb max_used=7329Kb free=112670Kb
 bounds [0x0000016e15410000, 0x0000016e15b40000, 0x0000016e1c940000]
CodeHeap 'profiled nmethods': size=120000Kb used=24234Kb max_used=24234Kb free=95765Kb
 bounds [0x0000016e0d940000, 0x0000016e0f0f0000, 0x0000016e14e70000]
CodeHeap 'non-nmethods': size=5760Kb used=1426Kb max_used=1512Kb free=4333Kb
 bounds [0x0000016e14e70000, 0x0000016e150e0000, 0x0000016e15410000]
CodeCache: size=245760Kb, used=32989Kb, max_used=33075Kb, free=212768Kb
 total_blobs=11577, nmethods=10838, adapters=645, full_count=0
Compilation: enabled, stopped_count=0, restarted_count=0

Compilation events (20 events):
Event: 2671.680 Thread 0x0000016e64182f00 11684       3       org.eclipse.jdt.ls.core.internal.ParentProcessWatcher::parentProcessStillRunning (62 bytes)
Event: 2671.685 Thread 0x0000016e64182f00 nmethod 11684 0x0000016e0f0e5d10 code [0x0000016e0f0e5f40, 0x0000016e0f0e6648]
Event: 2701.679 Thread 0x0000016e64182f00 11685       3       java.lang.ProcessHandleImpl::<init> (15 bytes)
Event: 2701.683 Thread 0x0000016e64182f00 nmethod 11685 0x0000016e0f0e6890 code [0x0000016e0f0e6a40, 0x0000016e0f0e6bb0]
Event: 3087.701 Thread 0x0000016e64182f00 11686       3       org.eclipse.core.internal.dtree.DataTreeNode::storeStrings (28 bytes)
Event: 3087.722 Thread 0x0000016e64182f00 nmethod 11686 0x0000016e0f0e6c90 code [0x0000016e0f0e6e60, 0x0000016e0f0e72e0]
Event: 3087.723 Thread 0x0000016e64182f00 11687       3       org.eclipse.core.internal.dtree.AbstractDataTreeNode::storeStrings (42 bytes)
Event: 3087.730 Thread 0x0000016e64182f00 nmethod 11687 0x0000016e0f0e7410 code [0x0000016e0f0e75e0, 0x0000016e0f0e7958]
Event: 3087.730 Thread 0x0000016e64182f00 11688       3       org.eclipse.core.internal.utils.StringPool::add (50 bytes)
Event: 3087.754 Thread 0x0000016e64182f00 nmethod 11688 0x0000016e0f0e7b10 code [0x0000016e0f0e7d00, 0x0000016e0f0e81d0]
Event: 3087.755 Thread 0x0000016e64182f00 11689       1       org.eclipse.core.internal.jobs.JobChangeEvent::getJob (5 bytes)
Event: 3087.759 Thread 0x0000016e64182f00 nmethod 11689 0x0000016e15b37e90 code [0x0000016e15b38020, 0x0000016e15b380e8]
Event: 3132.296 Thread 0x0000016e64182f00 11690       3       java.util.concurrent.ThreadPoolExecutor::ensurePrestart (41 bytes)
Event: 3132.327 Thread 0x0000016e64182f00 nmethod 11690 0x0000016e0f0e8390 code [0x0000016e0f0e8560, 0x0000016e0f0e8810]
Event: 3467.438 Thread 0x0000016e64182f00 11691       1       org.eclipse.osgi.internal.location.BasicLocation::isReadOnly (5 bytes)
Event: 3467.445 Thread 0x0000016e64182f00 nmethod 11691 0x0000016e15b38190 code [0x0000016e15b38320, 0x0000016e15b383f0]
Event: 3529.514 Thread 0x0000016e64182f00 11692   !   3       java.util.logging.LogManager::ensureLogManagerInitialized (144 bytes)
Event: 3529.581 Thread 0x0000016e64182f00 nmethod 11692 0x0000016e0f0e8910 code [0x0000016e0f0e8c20, 0x0000016e0f0e9d40]
Event: 3889.741 Thread 0x0000016e64182f00 11693       3       jdk.internal.misc.VM::isSystemDomainLoader (17 bytes)
Event: 3889.757 Thread 0x0000016e64182f00 nmethod 11693 0x0000016e0f0ea310 code [0x0000016e0f0ea4e0, 0x0000016e0f0ea848]

GC Heap History (20 events):
Event: 138.207 GC heap before
{Heap before GC invocations=128 (full 3):
 PSYoungGen      total 10752K, used 10752K [0x00000000d5580000, 0x00000000d6180000, 0x0000000100000000)
  eden space 10240K, 100% used [0x00000000d5580000,0x00000000d5f80000,0x00000000d5f80000)
  from space 512K, 100% used [0x00000000d6080000,0x00000000d6100000,0x00000000d6100000)
  to   space 1024K, 0% used [0x00000000d5f80000,0x00000000d5f80000,0x00000000d6080000)
 ParOldGen       total 80384K, used 65334K [0x0000000080000000, 0x0000000084e80000, 0x00000000d5580000)
  object space 80384K, 81% used [0x0000000080000000,0x0000000083fcda20,0x0000000084e80000)
 Metaspace       used 61046K, committed 62464K, reserved 1114112K
  class space    used 6388K, committed 7040K, reserved 1048576K
}
Event: 138.209 GC heap after
{Heap after GC invocations=128 (full 3):
 PSYoungGen      total 11264K, used 800K [0x00000000d5580000, 0x00000000d6180000, 0x0000000100000000)
  eden space 10240K, 0% used [0x00000000d5580000,0x00000000d5580000,0x00000000d5f80000)
  from space 1024K, 78% used [0x00000000d5f80000,0x00000000d6048000,0x00000000d6080000)
  to   space 1024K, 0% used [0x00000000d6080000,0x00000000d6080000,0x00000000d6180000)
 ParOldGen       total 80384K, used 65790K [0x0000000080000000, 0x0000000084e80000, 0x00000000d5580000)
  object space 80384K, 81% used [0x0000000080000000,0x000000008403fa20,0x0000000084e80000)
 Metaspace       used 61046K, committed 62464K, reserved 1114112K
  class space    used 6388K, committed 7040K, reserved 1048576K
}
Event: 138.300 GC heap before
{Heap before GC invocations=129 (full 3):
 PSYoungGen      total 11264K, used 11040K [0x00000000d5580000, 0x00000000d6180000, 0x0000000100000000)
  eden space 10240K, 100% used [0x00000000d5580000,0x00000000d5f80000,0x00000000d5f80000)
  from space 1024K, 78% used [0x00000000d5f80000,0x00000000d6048000,0x00000000d6080000)
  to   space 1024K, 0% used [0x00000000d6080000,0x00000000d6080000,0x00000000d6180000)
 ParOldGen       total 80384K, used 65790K [0x0000000080000000, 0x0000000084e80000, 0x00000000d5580000)
  object space 80384K, 81% used [0x0000000080000000,0x000000008403fa20,0x0000000084e80000)
 Metaspace       used 61062K, committed 62464K, reserved 1114112K
  class space    used 6388K, committed 7040K, reserved 1048576K
}
Event: 138.301 GC heap after
{Heap after GC invocations=129 (full 3):
 PSYoungGen      total 11264K, used 352K [0x00000000d5580000, 0x00000000d6180000, 0x0000000100000000)
  eden space 10240K, 0% used [0x00000000d5580000,0x00000000d5580000,0x00000000d5f80000)
  from space 1024K, 34% used [0x00000000d6080000,0x00000000d60d8000,0x00000000d6180000)
  to   space 1024K, 0% used [0x00000000d5f80000,0x00000000d5f80000,0x00000000d6080000)
 ParOldGen       total 80384K, used 66046K [0x0000000080000000, 0x0000000084e80000, 0x00000000d5580000)
  object space 80384K, 82% used [0x0000000080000000,0x000000008407fa20,0x0000000084e80000)
 Metaspace       used 61062K, committed 62464K, reserved 1114112K
  class space    used 6388K, committed 7040K, reserved 1048576K
}
Event: 138.400 GC heap before
{Heap before GC invocations=130 (full 3):
 PSYoungGen      total 11264K, used 9561K [0x00000000d5580000, 0x00000000d6180000, 0x0000000100000000)
  eden space 10240K, 89% used [0x00000000d5580000,0x00000000d5e7e680,0x00000000d5f80000)
  from space 1024K, 34% used [0x00000000d6080000,0x00000000d60d8000,0x00000000d6180000)
  to   space 1024K, 0% used [0x00000000d5f80000,0x00000000d5f80000,0x00000000d6080000)
 ParOldGen       total 80384K, used 66046K [0x0000000080000000, 0x0000000084e80000, 0x00000000d5580000)
  object space 80384K, 82% used [0x0000000080000000,0x000000008407fa20,0x0000000084e80000)
 Metaspace       used 61066K, committed 62528K, reserved 1114112K
  class space    used 6388K, committed 7040K, reserved 1048576K
}
Event: 138.401 GC heap after
{Heap after GC invocations=130 (full 3):
 PSYoungGen      total 11264K, used 224K [0x00000000d5580000, 0x00000000d6100000, 0x0000000100000000)
  eden space 10240K, 0% used [0x00000000d5580000,0x00000000d5580000,0x00000000d5f80000)
  from space 1024K, 21% used [0x00000000d5f80000,0x00000000d5fb8000,0x00000000d6080000)
  to   space 512K, 0% used [0x00000000d6080000,0x00000000d6080000,0x00000000d6100000)
 ParOldGen       total 80384K, used 66110K [0x0000000080000000, 0x0000000084e80000, 0x00000000d5580000)
  object space 80384K, 82% used [0x0000000080000000,0x000000008408fa20,0x0000000084e80000)
 Metaspace       used 61066K, committed 62528K, reserved 1114112K
  class space    used 6388K, committed 7040K, reserved 1048576K
}
Event: 138.752 GC heap before
{Heap before GC invocations=131 (full 3):
 PSYoungGen      total 11264K, used 10464K [0x00000000d5580000, 0x00000000d6100000, 0x0000000100000000)
  eden space 10240K, 100% used [0x00000000d5580000,0x00000000d5f80000,0x00000000d5f80000)
  from space 1024K, 21% used [0x00000000d5f80000,0x00000000d5fb8000,0x00000000d6080000)
  to   space 512K, 0% used [0x00000000d6080000,0x00000000d6080000,0x00000000d6100000)
 ParOldGen       total 80384K, used 66110K [0x0000000080000000, 0x0000000084e80000, 0x00000000d5580000)
  object space 80384K, 82% used [0x0000000080000000,0x000000008408fa20,0x0000000084e80000)
 Metaspace       used 61147K, committed 62720K, reserved 1114112K
  class space    used 6396K, committed 7104K, reserved 1048576K
}
Event: 138.755 GC heap after
{Heap after GC invocations=131 (full 3):
 PSYoungGen      total 10752K, used 352K [0x00000000d5580000, 0x00000000d6100000, 0x0000000100000000)
  eden space 10240K, 0% used [0x00000000d5580000,0x00000000d5580000,0x00000000d5f80000)
  from space 512K, 68% used [0x00000000d6080000,0x00000000d60d8000,0x00000000d6100000)
  to   space 512K, 0% used [0x00000000d6000000,0x00000000d6000000,0x00000000d6080000)
 ParOldGen       total 80384K, used 66198K [0x0000000080000000, 0x0000000084e80000, 0x00000000d5580000)
  object space 80384K, 82% used [0x0000000080000000,0x00000000840a5a20,0x0000000084e80000)
 Metaspace       used 61147K, committed 62720K, reserved 1114112K
  class space    used 6396K, committed 7104K, reserved 1048576K
}
Event: 138.848 GC heap before
{Heap before GC invocations=132 (full 3):
 PSYoungGen      total 10752K, used 10592K [0x00000000d5580000, 0x00000000d6100000, 0x0000000100000000)
  eden space 10240K, 100% used [0x00000000d5580000,0x00000000d5f80000,0x00000000d5f80000)
  from space 512K, 68% used [0x00000000d6080000,0x00000000d60d8000,0x00000000d6100000)
  to   space 512K, 0% used [0x00000000d6000000,0x00000000d6000000,0x00000000d6080000)
 ParOldGen       total 80384K, used 66198K [0x0000000080000000, 0x0000000084e80000, 0x00000000d5580000)
  object space 80384K, 82% used [0x0000000080000000,0x00000000840a5a20,0x0000000084e80000)
 Metaspace       used 61150K, committed 62720K, reserved 1114112K
  class space    used 6396K, committed 7104K, reserved 1048576K
}
Event: 138.851 GC heap after
{Heap after GC invocations=132 (full 3):
 PSYoungGen      total 10752K, used 501K [0x00000000d5580000, 0x00000000d6180000, 0x0000000100000000)
  eden space 10240K, 0% used [0x00000000d5580000,0x00000000d5580000,0x00000000d5f80000)
  from space 512K, 97% used [0x00000000d6000000,0x00000000d607d418,0x00000000d6080000)
  to   space 1024K, 0% used [0x00000000d6080000,0x00000000d6080000,0x00000000d6180000)
 ParOldGen       total 80384K, used 66334K [0x0000000080000000, 0x0000000084e80000, 0x00000000d5580000)
  object space 80384K, 82% used [0x0000000080000000,0x00000000840c7a20,0x0000000084e80000)
 Metaspace       used 61150K, committed 62720K, reserved 1114112K
  class space    used 6396K, committed 7104K, reserved 1048576K
}
Event: 138.968 GC heap before
{Heap before GC invocations=133 (full 3):
 PSYoungGen      total 10752K, used 10741K [0x00000000d5580000, 0x00000000d6180000, 0x0000000100000000)
  eden space 10240K, 100% used [0x00000000d5580000,0x00000000d5f80000,0x00000000d5f80000)
  from space 512K, 97% used [0x00000000d6000000,0x00000000d607d418,0x00000000d6080000)
  to   space 1024K, 0% used [0x00000000d6080000,0x00000000d6080000,0x00000000d6180000)
 ParOldGen       total 80384K, used 66334K [0x0000000080000000, 0x0000000084e80000, 0x00000000d5580000)
  object space 80384K, 82% used [0x0000000080000000,0x00000000840c7a20,0x0000000084e80000)
 Metaspace       used 61154K, committed 62720K, reserved 1114112K
  class space    used 6396K, committed 7104K, reserved 1048576K
}
Event: 138.972 GC heap after
{Heap after GC invocations=133 (full 3):
 PSYoungGen      total 11264K, used 448K [0x00000000d5580000, 0x00000000d6180000, 0x0000000100000000)
  eden space 10240K, 0% used [0x00000000d5580000,0x00000000d5580000,0x00000000d5f80000)
  from space 1024K, 43% used [0x00000000d6080000,0x00000000d60f0000,0x00000000d6180000)
  to   space 1024K, 0% used [0x00000000d5f80000,0x00000000d5f80000,0x00000000d6080000)
 ParOldGen       total 80384K, used 66549K [0x0000000080000000, 0x0000000084e80000, 0x00000000d5580000)
  object space 80384K, 82% used [0x0000000080000000,0x00000000840fd708,0x0000000084e80000)
 Metaspace       used 61154K, committed 62720K, reserved 1114112K
  class space    used 6396K, committed 7104K, reserved 1048576K
}
Event: 139.069 GC heap before
{Heap before GC invocations=134 (full 3):
 PSYoungGen      total 11264K, used 10688K [0x00000000d5580000, 0x00000000d6180000, 0x0000000100000000)
  eden space 10240K, 100% used [0x00000000d5580000,0x00000000d5f80000,0x00000000d5f80000)
  from space 1024K, 43% used [0x00000000d6080000,0x00000000d60f0000,0x00000000d6180000)
  to   space 1024K, 0% used [0x00000000d5f80000,0x00000000d5f80000,0x00000000d6080000)
 ParOldGen       total 80384K, used 66549K [0x0000000080000000, 0x0000000084e80000, 0x00000000d5580000)
  object space 80384K, 82% used [0x0000000080000000,0x00000000840fd708,0x0000000084e80000)
 Metaspace       used 61159K, committed 62720K, reserved 1114112K
  class space    used 6396K, committed 7104K, reserved 1048576K
}
Event: 139.070 GC heap after
{Heap after GC invocations=134 (full 3):
 PSYoungGen      total 11264K, used 384K [0x00000000d5580000, 0x00000000d6100000, 0x0000000100000000)
  eden space 10240K, 0% used [0x00000000d5580000,0x00000000d5580000,0x00000000d5f80000)
  from space 1024K, 37% used [0x00000000d5f80000,0x00000000d5fe0000,0x00000000d6080000)
  to   space 512K, 0% used [0x00000000d6080000,0x00000000d6080000,0x00000000d6100000)
 ParOldGen       total 80384K, used 66573K [0x0000000080000000, 0x0000000084e80000, 0x00000000d5580000)
  object space 80384K, 82% used [0x0000000080000000,0x0000000084103708,0x0000000084e80000)
 Metaspace       used 61159K, committed 62720K, reserved 1114112K
  class space    used 6396K, committed 7104K, reserved 1048576K
}
Event: 139.202 GC heap before
{Heap before GC invocations=135 (full 3):
 PSYoungGen      total 11264K, used 10624K [0x00000000d5580000, 0x00000000d6100000, 0x0000000100000000)
  eden space 10240K, 100% used [0x00000000d5580000,0x00000000d5f80000,0x00000000d5f80000)
  from space 1024K, 37% used [0x00000000d5f80000,0x00000000d5fe0000,0x00000000d6080000)
  to   space 512K, 0% used [0x00000000d6080000,0x00000000d6080000,0x00000000d6100000)
 ParOldGen       total 80384K, used 66573K [0x0000000080000000, 0x0000000084e80000, 0x00000000d5580000)
  object space 80384K, 82% used [0x0000000080000000,0x0000000084103708,0x0000000084e80000)
 Metaspace       used 61214K, committed 62720K, reserved 1114112K
  class space    used 6400K, committed 7104K, reserved 1048576K
}
Event: 139.206 GC heap after
{Heap after GC invocations=135 (full 3):
 PSYoungGen      total 10752K, used 320K [0x00000000d5580000, 0x00000000d6100000, 0x0000000100000000)
  eden space 10240K, 0% used [0x00000000d5580000,0x00000000d5580000,0x00000000d5f80000)
  from space 512K, 62% used [0x00000000d6080000,0x00000000d60d0000,0x00000000d6100000)
  to   space 512K, 0% used [0x00000000d6000000,0x00000000d6000000,0x00000000d6080000)
 ParOldGen       total 80384K, used 66597K [0x0000000080000000, 0x0000000084e80000, 0x00000000d5580000)
  object space 80384K, 82% used [0x0000000080000000,0x0000000084109708,0x0000000084e80000)
 Metaspace       used 61214K, committed 62720K, reserved 1114112K
  class space    used 6400K, committed 7104K, reserved 1048576K
}
Event: 139.269 GC heap before
{Heap before GC invocations=136 (full 3):
 PSYoungGen      total 10752K, used 9793K [0x00000000d5580000, 0x00000000d6100000, 0x0000000100000000)
  eden space 10240K, 92% used [0x00000000d5580000,0x00000000d5ec05b0,0x00000000d5f80000)
  from space 512K, 62% used [0x00000000d6080000,0x00000000d60d0000,0x00000000d6100000)
  to   space 512K, 0% used [0x00000000d6000000,0x00000000d6000000,0x00000000d6080000)
 ParOldGen       total 80384K, used 66597K [0x0000000080000000, 0x0000000084e80000, 0x00000000d5580000)
  object space 80384K, 82% used [0x0000000080000000,0x0000000084109708,0x0000000084e80000)
 Metaspace       used 61218K, committed 62720K, reserved 1114112K
  class space    used 6400K, committed 7104K, reserved 1048576K
}
Event: 139.272 GC heap after
{Heap after GC invocations=136 (full 3):
 PSYoungGen      total 10752K, used 192K [0x00000000d5580000, 0x00000000d6100000, 0x0000000100000000)
  eden space 10240K, 0% used [0x00000000d5580000,0x00000000d5580000,0x00000000d5f80000)
  from space 512K, 37% used [0x00000000d6000000,0x00000000d6030000,0x00000000d6080000)
  to   space 512K, 0% used [0x00000000d6080000,0x00000000d6080000,0x00000000d6100000)
 ParOldGen       total 80384K, used 66661K [0x0000000080000000, 0x0000000084e80000, 0x00000000d5580000)
  object space 80384K, 82% used [0x0000000080000000,0x0000000084119708,0x0000000084e80000)
 Metaspace       used 61218K, committed 62720K, reserved 1114112K
  class space    used 6400K, committed 7104K, reserved 1048576K
}
Event: 139.353 GC heap before
{Heap before GC invocations=137 (full 3):
 PSYoungGen      total 10752K, used 10432K [0x00000000d5580000, 0x00000000d6100000, 0x0000000100000000)
  eden space 10240K, 100% used [0x00000000d5580000,0x00000000d5f80000,0x00000000d5f80000)
  from space 512K, 37% used [0x00000000d6000000,0x00000000d6030000,0x00000000d6080000)
  to   space 512K, 0% used [0x00000000d6080000,0x00000000d6080000,0x00000000d6100000)
 ParOldGen       total 80384K, used 66661K [0x0000000080000000, 0x0000000084e80000, 0x00000000d5580000)
  object space 80384K, 82% used [0x0000000080000000,0x0000000084119708,0x0000000084e80000)
 Metaspace       used 61220K, committed 62720K, reserved 1114112K
  class space    used 6400K, committed 7104K, reserved 1048576K
}
Event: 139.355 GC heap after
{Heap after GC invocations=137 (full 3):
 PSYoungGen      total 10752K, used 384K [0x00000000d5580000, 0x00000000d6100000, 0x0000000100000000)
  eden space 10240K, 0% used [0x00000000d5580000,0x00000000d5580000,0x00000000d5f80000)
  from space 512K, 75% used [0x00000000d6080000,0x00000000d60e0000,0x00000000d6100000)
  to   space 512K, 0% used [0x00000000d6000000,0x00000000d6000000,0x00000000d6080000)
 ParOldGen       total 80384K, used 66725K [0x0000000080000000, 0x0000000084e80000, 0x00000000d5580000)
  object space 80384K, 83% used [0x0000000080000000,0x0000000084129708,0x0000000084e80000)
 Metaspace       used 61220K, committed 62720K, reserved 1114112K
  class space    used 6400K, committed 7104K, reserved 1048576K
}

Dll operation events (10 events):
Event: 0.148 Loaded shared library c:\Users\gunag\.vscode\extensions\redhat.java-1.51.0-win32-x64\jre\21.0.9-win32-x86_64\bin\java.dll
Event: 1.880 Loaded shared library c:\Users\gunag\.vscode\extensions\redhat.java-1.51.0-win32-x64\jre\21.0.9-win32-x86_64\bin\zip.dll
Event: 2.330 Loaded shared library C:\Users\gunag\.vscode\extensions\redhat.java-1.51.0-win32-x64\jre\21.0.9-win32-x86_64\bin\instrument.dll
Event: 2.368 Loaded shared library C:\Users\gunag\.vscode\extensions\redhat.java-1.51.0-win32-x64\jre\21.0.9-win32-x86_64\bin\net.dll
Event: 2.381 Loaded shared library C:\Users\gunag\.vscode\extensions\redhat.java-1.51.0-win32-x64\jre\21.0.9-win32-x86_64\bin\nio.dll
Event: 2.475 Loaded shared library C:\Users\gunag\.vscode\extensions\redhat.java-1.51.0-win32-x64\jre\21.0.9-win32-x86_64\bin\zip.dll
Event: 3.001 Loaded shared library C:\Users\gunag\.vscode\extensions\redhat.java-1.51.0-win32-x64\jre\21.0.9-win32-x86_64\bin\jimage.dll
Event: 4.834 Loaded shared library c:\Users\gunag\.vscode\extensions\redhat.java-1.51.0-win32-x64\jre\21.0.9-win32-x86_64\bin\verify.dll
Event: 48.865 Loaded shared library C:\Users\gunag\AppData\Roaming\Code\User\globalStorage\redhat.java\1.51.0\config_win\org.eclipse.equinox.launcher\org.eclipse.equinox.launcher.win32.win32.x86_64_1.2.1400.v20250801-0854\eclipse_11916.dll
Event: 84.484 Loaded shared library C:\Users\gunag\AppData\Local\Temp\jna-98717030\jna11167874786657991763.dll

Deoptimization events (20 events):
Event: 138.929 Thread 0x0000016e6ac8af00 DEOPT PACKING pc=0x0000016e0e7a5662 sp=0x0000006cf8dfdd80
Event: 138.929 Thread 0x0000016e6ac8af00 DEOPT UNPACKING pc=0x0000016e14ec4242 sp=0x0000006cf8dfd2f8 mode 0
Event: 138.937 Thread 0x0000016e6ac8af00 DEOPT PACKING pc=0x0000016e0ef69781 sp=0x0000006cf8dfe110
Event: 138.937 Thread 0x0000016e6ac8af00 DEOPT UNPACKING pc=0x0000016e14ec4242 sp=0x0000006cf8dfd640 mode 0
Event: 138.973 Thread 0x0000016e6ac8af00 DEOPT PACKING pc=0x0000016e0ef69781 sp=0x0000006cf8dfdad0
Event: 138.974 Thread 0x0000016e6ac8af00 DEOPT UNPACKING pc=0x0000016e14ec4242 sp=0x0000006cf8dfd000 mode 0
Event: 138.993 Thread 0x0000016e6ac8af00 DEOPT PACKING pc=0x0000016e0ef69781 sp=0x0000006cf8dfd330
Event: 138.993 Thread 0x0000016e6ac8af00 DEOPT UNPACKING pc=0x0000016e14ec4242 sp=0x0000006cf8dfc860 mode 0
Event: 139.014 Thread 0x0000016e6ac8af00 DEOPT PACKING pc=0x0000016e0ef69781 sp=0x0000006cf8dfdd30
Event: 139.014 Thread 0x0000016e6ac8af00 DEOPT UNPACKING pc=0x0000016e14ec4242 sp=0x0000006cf8dfd260 mode 0
Event: 139.037 Thread 0x0000016e6ac8af00 DEOPT PACKING pc=0x0000016e0ef69781 sp=0x0000006cf8dfce70
Event: 139.037 Thread 0x0000016e6ac8af00 DEOPT UNPACKING pc=0x0000016e14ec4242 sp=0x0000006cf8dfc3a0 mode 0
Event: 139.046 Thread 0x0000016e6ac8af00 DEOPT PACKING pc=0x0000016e0e7a5662 sp=0x0000006cf8dfde80
Event: 139.046 Thread 0x0000016e6ac8af00 DEOPT UNPACKING pc=0x0000016e14ec4242 sp=0x0000006cf8dfd3f8 mode 0
Event: 139.068 Thread 0x0000016e6ac8af00 DEOPT PACKING pc=0x0000016e0ef69781 sp=0x0000006cf8dfcdb0
Event: 139.068 Thread 0x0000016e6ac8af00 DEOPT UNPACKING pc=0x0000016e14ec4242 sp=0x0000006cf8dfc2e0 mode 0
Event: 139.143 Thread 0x0000016e6ac8af00 DEOPT PACKING pc=0x0000016e0ef69781 sp=0x0000006cf8dfda90
Event: 139.143 Thread 0x0000016e6ac8af00 DEOPT UNPACKING pc=0x0000016e14ec4242 sp=0x0000006cf8dfcfc0 mode 0
Event: 139.235 Thread 0x0000016e6ac8af00 DEOPT PACKING pc=0x0000016e0ef69781 sp=0x0000006cf8dfd440
Event: 139.236 Thread 0x0000016e6ac8af00 DEOPT UNPACKING pc=0x0000016e14ec4242 sp=0x0000006cf8dfc970 mode 0

Classes loaded (20 events):
Event: 132.842 Loading class java/util/HashMap$EntrySpliterator
Event: 132.843 Loading class java/util/HashMap$EntrySpliterator done
Event: 133.306 Loading class java/util/Vector$1
Event: 133.307 Loading class java/util/Vector$1 done
Event: 134.879 Loading class java/util/regex/Pattern$Caret
Event: 134.879 Loading class java/util/regex/Pattern$Caret done
Event: 135.985 Loading class java/util/stream/ReduceOps$4
Event: 135.986 Loading class java/util/stream/ReduceOps$4 done
Event: 135.986 Loading class java/util/stream/ReduceOps$4ReducingSink
Event: 135.986 Loading class java/util/stream/ReduceOps$4ReducingSink done
Event: 139.395 Loading class java/util/stream/ReferencePipeline$4
Event: 139.395 Loading class java/util/stream/ReferencePipeline$4 done
Event: 139.396 Loading class java/util/stream/Nodes$IntFixedNodeBuilder
Event: 139.397 Loading class java/util/stream/Node$Builder$OfInt
Event: 139.397 Loading class java/util/stream/Node$Builder$OfInt done
Event: 139.397 Loading class java/util/stream/Nodes$IntArrayNode
Event: 139.398 Loading class java/util/stream/Nodes$IntArrayNode done
Event: 139.398 Loading class java/util/stream/Nodes$IntFixedNodeBuilder done
Event: 139.398 Loading class java/util/stream/ReferencePipeline$4$1
Event: 139.398 Loading class java/util/stream/ReferencePipeline$4$1 done

Classes unloaded (8 events):
Event: 94.664 Thread 0x0000016e621e4530 Unloading class 0x0000016e221a5400 'java/lang/invoke/LambdaForm$MH+0x0000016e221a5400'
Event: 94.664 Thread 0x0000016e621e4530 Unloading class 0x0000016e221a5000 'java/lang/invoke/LambdaForm$MH+0x0000016e221a5000'
Event: 94.664 Thread 0x0000016e621e4530 Unloading class 0x0000016e221a4c00 'java/lang/invoke/LambdaForm$MH+0x0000016e221a4c00'
Event: 94.664 Thread 0x0000016e621e4530 Unloading class 0x0000016e221a4800 'java/lang/invoke/LambdaForm$MH+0x0000016e221a4800'
Event: 94.664 Thread 0x0000016e621e4530 Unloading class 0x0000016e221a4400 'java/lang/invoke/LambdaForm$BMH+0x0000016e221a4400'
Event: 94.664 Thread 0x0000016e621e4530 Unloading class 0x0000016e221a4000 'java/lang/invoke/LambdaForm$DMH+0x0000016e221a4000'
Event: 94.664 Thread 0x0000016e621e4530 Unloading class 0x0000016e221a2c00 'java/lang/invoke/LambdaForm$DMH+0x0000016e221a2c00'
Event: 133.744 Thread 0x0000016e621e4530 Unloading class 0x0000016e22639800 'java/lang/invoke/LambdaForm$DMH+0x0000016e22639800'

Classes redefined (0 events):
No events

Internal exceptions (20 events):
Event: 132.564 Thread 0x0000016e6ac8c2b0 Exception <a 'sun/nio/fs/WindowsException'{0x00000000d5e16540}> (0x00000000d5e16540) 
thrown [s\src\hotspot\share\prims\jni.cpp, line 520]
Event: 132.572 Thread 0x0000016e6ac8c2b0 Exception <a 'sun/nio/fs/WindowsException'{0x00000000d5e683f8}> (0x00000000d5e683f8) 
thrown [s\src\hotspot\share\prims\jni.cpp, line 520]
Event: 132.572 Thread 0x0000016e6ac8c2b0 Exception <a 'sun/nio/fs/WindowsException'{0x00000000d5e68cd8}> (0x00000000d5e68cd8) 
thrown [s\src\hotspot\share\prims\jni.cpp, line 520]
Event: 132.852 Thread 0x0000016e647986e0 Exception <a 'java/lang/NoSuchMethodError'{0x00000000d5cd2fd8}: 'java.lang.Object java.lang.invoke.DirectMethodHandle$Holder.invokeSpecial(java.lang.Object, java.lang.Object, int, long)'> (0x00000000d5cd2fd8) 
thrown [s\src\hotspot\share\interpreter\linkResolver.cpp, line 773]
Event: 135.956 Thread 0x0000016e6ac8af00 Exception <a 'java/lang/NoSuchMethodError'{0x00000000d563dfa0}: 'int java.lang.invoke.DirectMethodHandle$Holder.invokeSpecialIFC(java.lang.Object, java.lang.Object, java.lang.Object)'> (0x00000000d563dfa0) 
thrown [s\src\hotspot\share\interpreter\linkResolver.cpp, line 773]
Event: 136.837 Thread 0x0000016e6ac8af00 Implicit null exception at 0x0000016e15a5e44b to 0x0000016e15a5e5a4
Event: 138.414 Thread 0x0000016e6ac8af00 Exception <a 'sun/nio/fs/WindowsException'{0x00000000d5829fa8}> (0x00000000d5829fa8) 
thrown [s\src\hotspot\share\prims\jni.cpp, line 520]
Event: 138.414 Thread 0x0000016e6ac8af00 Exception <a 'sun/nio/fs/WindowsException'{0x00000000d582a888}> (0x00000000d582a888) 
thrown [s\src\hotspot\share\prims\jni.cpp, line 520]
Event: 138.676 Thread 0x0000016e6ac8af00 Exception <a 'sun/nio/fs/WindowsException'{0x00000000d5c13588}> (0x00000000d5c13588) 
thrown [s\src\hotspot\share\prims\jni.cpp, line 520]
Event: 138.676 Thread 0x0000016e6ac8af00 Exception <a 'sun/nio/fs/WindowsException'{0x00000000d5c13e68}> (0x00000000d5c13e68) 
thrown [s\src\hotspot\share\prims\jni.cpp, line 520]
Event: 139.085 Thread 0x0000016e6ac8af00 Exception <a 'sun/nio/fs/WindowsException'{0x00000000d5722d68}> (0x00000000d5722d68) 
thrown [s\src\hotspot\share\prims\jni.cpp, line 520]
Event: 139.085 Thread 0x0000016e6ac8af00 Exception <a 'sun/nio/fs/WindowsException'{0x00000000d5723648}> (0x00000000d5723648) 
thrown [s\src\hotspot\share\prims\jni.cpp, line 520]
Event: 139.163 Thread 0x0000016e6ac8af00 Exception <a 'sun/nio/fs/WindowsException'{0x00000000d5caad38}> (0x00000000d5caad38) 
thrown [s\src\hotspot\share\prims\jni.cpp, line 520]
Event: 139.163 Thread 0x0000016e6ac8af00 Exception <a 'sun/nio/fs/WindowsException'{0x00000000d5cab618}> (0x00000000d5cab618) 
thrown [s\src\hotspot\share\prims\jni.cpp, line 520]
Event: 139.308 Thread 0x0000016e6ac8af00 Exception <a 'sun/nio/fs/WindowsException'{0x00000000d5794438}> (0x00000000d5794438) 
thrown [s\src\hotspot\share\prims\jni.cpp, line 520]
Event: 139.309 Thread 0x0000016e6ac8af00 Exception <a 'sun/nio/fs/WindowsException'{0x00000000d5b6c810}> (0x00000000d5b6c810) 
thrown [s\src\hotspot\share\prims\jni.cpp, line 520]
Event: 139.364 Thread 0x0000016e6ac8af00 Exception <a 'sun/nio/fs/WindowsException'{0x00000000d5738470}> (0x00000000d5738470) 
thrown [s\src\hotspot\share\prims\jni.cpp, line 520]
Event: 139.365 Thread 0x0000016e6ac8af00 Exception <a 'sun/nio/fs/WindowsException'{0x00000000d5738d50}> (0x00000000d5738d50) 
thrown [s\src\hotspot\share\prims\jni.cpp, line 520]
Event: 139.415 Thread 0x0000016e6ac8af00 Exception <a 'sun/nio/fs/WindowsException'{0x00000000d5d40440}> (0x00000000d5d40440) 
thrown [s\src\hotspot\share\prims\jni.cpp, line 520]
Event: 139.415 Thread 0x0000016e6ac8af00 Exception <a 'sun/nio/fs/WindowsException'{0x00000000d5d40d20}> (0x00000000d5d40d20) 
thrown [s\src\hotspot\share\prims\jni.cpp, line 520]

ZGC Phase Switch (0 events):
No events

VM Operations (20 events):
Event: 3487.275 Executing VM operation: HandshakeAllThreads (HandshakeForDeflation)
Event: 3487.285 Executing VM operation: HandshakeAllThreads (HandshakeForDeflation) done
Event: 3487.285 Executing VM operation: RendezvousGCThreads
Event: 3487.285 Executing VM operation: RendezvousGCThreads done
Event: 3547.390 Executing VM operation: HandshakeAllThreads (HandshakeForDeflation)
Event: 3547.394 Executing VM operation: HandshakeAllThreads (HandshakeForDeflation) done
Event: 3547.394 Executing VM operation: RendezvousGCThreads
Event: 3547.394 Executing VM operation: RendezvousGCThreads done
Event: 3667.688 Executing VM operation: HandshakeAllThreads (HandshakeForDeflation)
Event: 3667.699 Executing VM operation: HandshakeAllThreads (HandshakeForDeflation) done
Event: 3667.699 Executing VM operation: RendezvousGCThreads
Event: 3667.699 Executing VM operation: RendezvousGCThreads done
Event: 3727.952 Executing VM operation: HandshakeAllThreads (HandshakeForDeflation)
Event: 3727.958 Executing VM operation: HandshakeAllThreads (HandshakeForDeflation) done
Event: 3727.959 Executing VM operation: RendezvousGCThreads
Event: 3727.959 Executing VM operation: RendezvousGCThreads done
Event: 3788.156 Executing VM operation: HandshakeAllThreads (HandshakeForDeflation)
Event: 3788.156 Executing VM operation: HandshakeAllThreads (HandshakeForDeflation) done
Event: 3788.156 Executing VM operation: RendezvousGCThreads
Event: 3788.156 Executing VM operation: RendezvousGCThreads done

Memory protections (0 events):
No events

Nmethod flushes (20 events):
Event: 133.798 Thread 0x0000016e621e4530 flushing  nmethod 0x0000016e0e2dee10
Event: 133.798 Thread 0x0000016e621e4530 flushing  nmethod 0x0000016e0e2df290
Event: 133.798 Thread 0x0000016e621e4530 flushing  nmethod 0x0000016e0e2e0190
Event: 133.798 Thread 0x0000016e621e4530 flushing  nmethod 0x0000016e0e2e0590
Event: 133.798 Thread 0x0000016e621e4530 flushing  nmethod 0x0000016e0e2e2190
Event: 133.798 Thread 0x0000016e621e4530 flushing  nmethod 0x0000016e0e2ffc90
Event: 133.798 Thread 0x0000016e621e4530 flushing  nmethod 0x0000016e0e30c490
Event: 133.798 Thread 0x0000016e621e4530 flushing  nmethod 0x0000016e0e316f90
Event: 133.798 Thread 0x0000016e621e4530 flushing  nmethod 0x0000016e0e345b90
Event: 133.798 Thread 0x0000016e621e4530 flushing osr nmethod 0x0000016e0e346990
Event: 133.798 Thread 0x0000016e621e4530 flushing  nmethod 0x0000016e0e349e90
Event: 133.798 Thread 0x0000016e621e4530 flushing  nmethod 0x0000016e0e34b890
Event: 133.798 Thread 0x0000016e621e4530 flushing  nmethod 0x0000016e0e35da10
Event: 133.798 Thread 0x0000016e621e4530 flushing  nmethod 0x0000016e0e363d10
Event: 133.798 Thread 0x0000016e621e4530 flushing  nmethod 0x0000016e0e389a10
Event: 133.798 Thread 0x0000016e621e4530 flushing  nmethod 0x0000016e0e3bb310
Event: 133.798 Thread 0x0000016e621e4530 flushing  nmethod 0x0000016e0e3d2190
Event: 133.798 Thread 0x0000016e621e4530 flushing  nmethod 0x0000016e0e400790
Event: 133.798 Thread 0x0000016e621e4530 flushing  nmethod 0x0000016e0e400d90
Event: 133.798 Thread 0x0000016e621e4530 flushing  nmethod 0x0000016e0e401110

Events (20 events):
Event: 134.627 Thread 0x0000016e64182f00 Thread added: 0x0000016e695c7000
Event: 134.882 Thread 0x0000016e695c7000 Thread exited: 0x0000016e695c7000
Event: 135.341 Thread 0x0000016e64182f00 Thread added: 0x0000016e695c7000
Event: 135.808 Thread 0x0000016e695c7000 Thread exited: 0x0000016e695c7000
Event: 136.381 Thread 0x0000016e64182f00 Thread added: 0x0000016e6cb436d0
Event: 146.619 Thread 0x0000016e6cb436d0 Thread exited: 0x0000016e6cb436d0
Event: 183.006 Thread 0x0000016e6479a120 Thread exited: 0x0000016e6479a120
Event: 192.709 Thread 0x0000016e64798d70 Thread exited: 0x0000016e64798d70
Event: 194.634 Thread 0x0000016e64799a90 Thread exited: 0x0000016e64799a90
Event: 199.433 Thread 0x0000016e6ac8af00 Thread exited: 0x0000016e6ac8af00
Event: 259.555 Thread 0x0000016e6ac8c2b0 Thread exited: 0x0000016e6ac8c2b0
Event: 319.494 Thread 0x0000016e6ac887a0 Thread exited: 0x0000016e6ac887a0
Event: 379.547 Thread 0x0000016e6ac86040 Thread exited: 0x0000016e6ac86040
Event: 439.563 Thread 0x0000016e6ac8a870 Thread exited: 0x0000016e6ac8a870
Event: 499.629 Thread 0x0000016e6ac85320 Thread exited: 0x0000016e6ac85320
Event: 559.646 Thread 0x0000016e6ac88e30 Thread exited: 0x0000016e6ac88e30
Event: 619.662 Thread 0x0000016e6ac89b50 Thread exited: 0x0000016e6ac89b50
Event: 679.710 Thread 0x0000016e6ac8a1e0 Thread exited: 0x0000016e6ac8a1e0
Event: 739.727 Thread 0x0000016e6ac894c0 Thread exited: 0x0000016e6ac894c0
Event: 799.749 Thread 0x0000016e6ac8bc20 Thread exited: 0x0000016e6ac8bc20


Dynamic libraries:
0x00007ff7cb600000 - 0x00007ff7cb60e000 	c:\Users\gunag\.vscode\extensions\redhat.java-1.51.0-win32-x64\jre\21.0.9-win32-x86_64\bin\java.exe
0x00007ffc2a820000 - 0x00007ffc2aa87000 	C:\WINDOWS\SYSTEM32\ntdll.dll
0x00007ffc291d0000 - 0x00007ffc29299000 	C:\WINDOWS\System32\KERNEL32.DLL
0x00007ffc27b80000 - 0x00007ffc27f6f000 	C:\WINDOWS\System32\KERNELBASE.dll
0x00007ffc27f80000 - 0x00007ffc280cb000 	C:\WINDOWS\System32\ucrtbase.dll
0x00007ffbb1d30000 - 0x00007ffbb1d4e000 	c:\Users\gunag\.vscode\extensions\redhat.java-1.51.0-win32-x64\jre\21.0.9-win32-x86_64\bin\VCRUNTIME140.dll
0x00007ffbafd10000 - 0x00007ffbafd28000 	c:\Users\gunag\.vscode\extensions\redhat.java-1.51.0-win32-x64\jre\21.0.9-win32-x86_64\bin\jli.dll
0x00007ffc044c0000 - 0x00007ffc04753000 	C:\WINDOWS\WinSxS\amd64_microsoft.windows.common-controls_6595b64144ccf1df_6.0.26100.7309_none_3e05feeae336a044\COMCTL32.dll
0x00007ffc28850000 - 0x00007ffc288f9000 	C:\WINDOWS\System32\msvcrt.dll
0x00007ffc29e20000 - 0x00007ffc29e4b000 	C:\WINDOWS\System32\GDI32.dll
0x00007ffc297c0000 - 0x00007ffc29985000 	C:\WINDOWS\System32\USER32.dll
0x00007ffc27a20000 - 0x00007ffc27a47000 	C:\WINDOWS\System32\win32u.dll
0x00007ffc27a50000 - 0x00007ffc27b7c000 	C:\WINDOWS\System32\gdi32full.dll
0x00007ffc27970000 - 0x00007ffc27a13000 	C:\WINDOWS\System32\msvcp_win.dll
0x00007ffc29780000 - 0x00007ffc297b1000 	C:\WINDOWS\System32\IMM32.DLL
0x00007ffbbbb00000 - 0x00007ffbbbb0c000 	c:\Users\gunag\.vscode\extensions\redhat.java-1.51.0-win32-x64\jre\21.0.9-win32-x86_64\bin\vcruntime140_1.dll
0x00007ffbafc80000 - 0x00007ffbafd0d000 	c:\Users\gunag\.vscode\extensions\redhat.java-1.51.0-win32-x64\jre\21.0.9-win32-x86_64\bin\msvcp140.dll
0x00007ffba16d0000 - 0x00007ffba2470000 	c:\Users\gunag\.vscode\extensions\redhat.java-1.51.0-win32-x64\jre\21.0.9-win32-x86_64\bin\server\jvm.dll
0x00007ffc2a6b0000 - 0x00007ffc2a764000 	C:\WINDOWS\System32\ADVAPI32.dll
0x00007ffc28d90000 - 0x00007ffc28e36000 	C:\WINDOWS\System32\sechost.dll
0x00007ffc28b10000 - 0x00007ffc28c28000 	C:\WINDOWS\System32\RPCRT4.dll
0x00007ffc2a5b0000 - 0x00007ffc2a624000 	C:\WINDOWS\System32\WS2_32.dll
0x00007ffc277d0000 - 0x00007ffc2782e000 	C:\WINDOWS\SYSTEM32\POWRPROF.dll
0x00007ffc1d170000 - 0x00007ffc1d1a5000 	C:\WINDOWS\SYSTEM32\WINMM.dll
0x00007ffc14cd0000 - 0x00007ffc14cdb000 	C:\WINDOWS\SYSTEM32\VERSION.dll
0x00007ffc277b0000 - 0x00007ffc277c4000 	C:\WINDOWS\SYSTEM32\UMPDC.dll
0x00007ffc26720000 - 0x00007ffc2673b000 	C:\WINDOWS\SYSTEM32\kernel.appcore.dll
0x00007ffbb69d0000 - 0x00007ffbb69da000 	c:\Users\gunag\.vscode\extensions\redhat.java-1.51.0-win32-x64\jre\21.0.9-win32-x86_64\bin\jimage.dll
0x00007ffc24e80000 - 0x00007ffc250c2000 	C:\WINDOWS\SYSTEM32\DBGHELP.DLL
0x00007ffc28e40000 - 0x00007ffc291c5000 	C:\WINDOWS\System32\combase.dll
0x00007ffc28c60000 - 0x00007ffc28d36000 	C:\WINDOWS\System32\OLEAUT32.dll
0x00007ffc04200000 - 0x00007ffc0423c000 	C:\WINDOWS\SYSTEM32\dbgcore.DLL
0x00007ffc283c0000 - 0x00007ffc28465000 	C:\WINDOWS\System32\bcryptPrimitives.dll
0x00007ffbb5c70000 - 0x00007ffbb5c7f000 	c:\Users\gunag\.vscode\extensions\redhat.java-1.51.0-win32-x64\jre\21.0.9-win32-x86_64\bin\instrument.dll
0x00007ffbafc60000 - 0x00007ffbafc80000 	c:\Users\gunag\.vscode\extensions\redhat.java-1.51.0-win32-x64\jre\21.0.9-win32-x86_64\bin\java.dll
0x00007ffc29e50000 - 0x00007ffc2a5a3000 	C:\WINDOWS\System32\SHELL32.dll
0x00007ffc28250000 - 0x00007ffc283ba000 	C:\WINDOWS\System32\wintypes.dll
0x00007ffc25550000 - 0x00007ffc25dae000 	C:\WINDOWS\SYSTEM32\windows.storage.dll
0x00007ffc29420000 - 0x00007ffc29515000 	C:\WINDOWS\System32\SHCORE.dll
0x00007ffc2a770000 - 0x00007ffc2a7d6000 	C:\WINDOWS\System32\shlwapi.dll
0x00007ffc27890000 - 0x00007ffc278b9000 	C:\WINDOWS\SYSTEM32\profapi.dll
0x00007ffbaf4a0000 - 0x00007ffbaf4b8000 	c:\Users\gunag\.vscode\extensions\redhat.java-1.51.0-win32-x64\jre\21.0.9-win32-x86_64\bin\zip.dll
0x00007ffbb3f10000 - 0x00007ffbb3f20000 	C:\Users\gunag\.vscode\extensions\redhat.java-1.51.0-win32-x64\jre\21.0.9-win32-x86_64\bin\net.dll
0x00007ffc17ba0000 - 0x00007ffc17cc8000 	C:\WINDOWS\SYSTEM32\WINHTTP.dll
0x00007ffc26c90000 - 0x00007ffc26cfb000 	C:\WINDOWS\system32\mswsock.dll
0x00007ffbaf480000 - 0x00007ffbaf496000 	C:\Users\gunag\.vscode\extensions\redhat.java-1.51.0-win32-x64\jre\21.0.9-win32-x86_64\bin\nio.dll
0x00007ffbb2b40000 - 0x00007ffbb2b50000 	c:\Users\gunag\.vscode\extensions\redhat.java-1.51.0-win32-x64\jre\21.0.9-win32-x86_64\bin\verify.dll
0x00007ffbda390000 - 0x00007ffbda3d4000 	C:\Users\gunag\AppData\Roaming\Code\User\globalStorage\redhat.java\1.51.0\config_win\org.eclipse.equinox.launcher\org.eclipse.equinox.launcher.win32.win32.x86_64_1.2.1400.v20250801-0854\eclipse_11916.dll
0x00007ffc295e0000 - 0x00007ffc29777000 	C:\WINDOWS\System32\ole32.dll
0x00007ffc26f50000 - 0x00007ffc26f6b000 	C:\WINDOWS\SYSTEM32\CRYPTSP.dll
0x00007ffc26680000 - 0x00007ffc266ba000 	C:\WINDOWS\system32\rsaenh.dll
0x00007ffc26d40000 - 0x00007ffc26d6b000 	C:\WINDOWS\SYSTEM32\USERENV.dll
0x00007ffc27860000 - 0x00007ffc2788a000 	C:\WINDOWS\SYSTEM32\bcrypt.dll
0x00007ffc26f70000 - 0x00007ffc26f7c000 	C:\WINDOWS\SYSTEM32\CRYPTBASE.dll
0x00007ffc26260000 - 0x00007ffc26294000 	C:\WINDOWS\SYSTEM32\IPHLPAPI.DLL
0x00007ffc29410000 - 0x00007ffc2941a000 	C:\WINDOWS\System32\NSI.dll
0x00007ffc06ff0000 - 0x00007ffc07039000 	C:\Users\gunag\AppData\Local\Temp\jna-98717030\jna11167874786657991763.dll
0x00007ffc28c50000 - 0x00007ffc28c58000 	C:\WINDOWS\System32\PSAPI.DLL
0x00007ffc20fd0000 - 0x00007ffc20fee000 	C:\WINDOWS\SYSTEM32\dhcpcsvc6.DLL
0x00007ffc20ec0000 - 0x00007ffc20ee3000 	C:\WINDOWS\SYSTEM32\dhcpcsvc.DLL

JVMTI agents:
c:\Users\gunag\.vscode\extensions\redhat.java-1.51.0-win32-x64\lombok\lombok-1.18.39-4050.jar path:c:\Users\gunag\.vscode\extensions\redhat.java-1.51.0-win32-x64\jre\21.0.9-win32-x86_64\bin\instrument.dll, loaded, initialized, instrumentlib options:none

dbghelp: loaded successfully - version: 4.0.5 - missing functions: none
symbol engine: initialized successfully - sym options: 0x614 - pdb path: .;c:\Users\gunag\.vscode\extensions\redhat.java-1.51.0-win32-x64\jre\21.0.9-win32-x86_64\bin;C:\WINDOWS\SYSTEM32;C:\WINDOWS\WinSxS\amd64_microsoft.windows.common-controls_6595b64144ccf1df_6.0.26100.7309_none_3e05feeae336a044;c:\Users\gunag\.vscode\extensions\redhat.java-1.51.0-win32-x64\jre\21.0.9-win32-x86_64\bin\server;C:\Users\gunag\AppData\Roaming\Code\User\globalStorage\redhat.java\1.51.0\config_win\org.eclipse.equinox.launcher\org.eclipse.equinox.launcher.win32.win32.x86_64_1.2.1400.v20250801-0854;C:\Users\gunag\AppData\Local\Temp\jna-98717030

VM Arguments:
jvm_args: --add-modules=ALL-SYSTEM --add-opens=java.base/java.util=ALL-UNNAMED --add-opens=java.base/java.lang=ALL-UNNAMED --add-opens=java.base/sun.nio.fs=ALL-UNNAMED -Declipse.application=org.eclipse.jdt.ls.core.id1 -Dosgi.bundles.defaultStartLevel=4 -Declipse.product=org.eclipse.jdt.ls.core.product -Djava.import.generatesMetadataFilesAtProjectRoot=false -DDetectVMInstallationsJob.disabled=true -Dfile.encoding=utf8 -XX:+UseParallelGC -XX:GCTimeRatio=4 -XX:AdaptiveSizePolicyWeight=90 -Dsun.zip.disableMemoryMapping=true -Xmx2G -Xms100m -Xlog:disable -javaagent:c:\Users\gunag\.vscode\extensions\redhat.java-1.51.0-win32-x64\lombok\lombok-1.18.39-4050.jar -XX:+HeapDumpOnOutOfMemoryError -XX:HeapDumpPath=c:\Users\gunag\AppData\Roaming\Code\User\workspaceStorage\9506a23cfd996d600f5bca4c4c48a6b8\redhat.java -Daether.dependencyCollector.impl=bf 
java_command: c:\Users\gunag\.vscode\extensions\redhat.java-1.51.0-win32-x64\server\plugins\org.eclipse.equinox.launcher_1.7.100.v20251111-0406.jar -configuration c:\Users\gunag\AppData\Roaming\Code\User\globalStorage\redhat.java\1.51.0\config_win -data c:\Users\gunag\AppData\Roaming\Code\User\workspaceStorage\9506a23cfd996d600f5bca4c4c48a6b8\redhat.java\jdt_ws --pipe=\\.\pipe\lsp-d57b385d958970cd87b75a8a27c3647a-sock
java_class_path (initial): c:\Users\gunag\.vscode\extensions\redhat.java-1.51.0-win32-x64\server\plugins\org.eclipse.equinox.launcher_1.7.100.v20251111-0406.jar
Launcher Type: SUN_STANDARD

[Global flags]
    uintx AdaptiveSizePolicyWeight                 = 90                                        {product} {command line}
     intx CICompilerCount                          = 4                                         {product} {ergonomic}
    uintx GCTimeRatio                              = 4                                         {product} {command line}
     bool HeapDumpOnOutOfMemoryError               = true                                   {manageable} {command line}
    ccstr HeapDumpPath                             = c:\Users\gunag\AppData\Roaming\Code\User\workspaceStorage\9506a23cfd996d600f5bca4c4c48a6b8\redhat.java         {manageable} {command line}
   size_t InitialHeapSize                          = 104857600                                 {product} {command line}
   size_t MaxHeapSize                              = 2147483648                                {product} {command line}
   size_t MaxNewSize                               = 715653120                                 {product} {ergonomic}
   size_t MinHeapDeltaBytes                        = 524288                                    {product} {ergonomic}
   size_t MinHeapSize                              = 104857600                                 {product} {command line}
   size_t NewSize                                  = 34603008                                  {product} {ergonomic}
    uintx NonNMethodCodeHeapSize                   = 5839372                                {pd product} {ergonomic}
    uintx NonProfiledCodeHeapSize                  = 122909434                              {pd product} {ergonomic}
   size_t OldSize                                  = 70254592                                  {product} {ergonomic}
    uintx ProfiledCodeHeapSize                     = 122909434                              {pd product} {ergonomic}
    uintx ReservedCodeCacheSize                    = 251658240                              {pd product} {ergonomic}
     bool SegmentedCodeCache                       = true                                      {product} {ergonomic}
   size_t SoftMaxHeapSize                          = 2147483648                             {manageable} {ergonomic}
     bool UseCompressedOops                        = true                           {product lp64_product} {ergonomic}
     bool UseLargePagesIndividualAllocation        = false                                  {pd product} {ergonomic}
     bool UseParallelGC                            = true                                      {product} {command line}

Logging:
Log output configuration:
 #0: stdout all=off uptime,level,tags foldmultilines=false
 #1: stderr all=off uptime,level,tags foldmultilines=false

Release file:
JAVA_VERSION="21.0.9" 
MODULES="java.base java.compiler java.datatransfer java.xml java.prefs java.desktop java.instrument java.logging java.management java.security.sasl java.naming java.rmi java.management.rmi java.net.http java.scripting java.security.jgss java.transaction.xa java.sql java.sql.rowset java.xml.crypto java.se java.smartcardio jdk.accessibility jdk.internal.jvmstat jdk.attach jdk.charsets jdk.internal.opt jdk.zipfs jdk.compiler jdk.crypto.ec jdk.crypto.cryptoki jdk.crypto.mscapi jdk.dynalink jdk.internal.ed jdk.editpad jdk.hotspot.agent jdk.httpserver jdk.internal.le jdk.internal.vm.ci jdk.internal.vm.compiler jdk.internal.vm.compiler.management jdk.jartool jdk.javadoc jdk.jcmd jdk.management jdk.management.agent jdk.jconsole jdk.jdeps jdk.jdwp.agent jdk.jdi jdk.jfr jdk.jshell jdk.jsobject jdk.jstatd jdk.localedata jdk.management.jfr jdk.naming.dns jdk.naming.rmi jdk.net jdk.nio.mapmode jdk.random jdk.sctp jdk.security.auth jdk.security.jgss jdk.unsupported jdk.unsupported.desktop jdk.xml.dom" 

Environment Variables:
JAVA_HOME=C:\Program Files\Java\jdk-17
PATH=C:\Program Files\Java\jdk-17\bin;C:\WINDOWS\system32;C:\WINDOWS;C:\WINDOWS\System32\Wbem;C:\WINDOWS\System32\WindowsPowerShell\v1.0\;C:\WINDOWS\System32\OpenSSH\;C:\Program Files\MongoDB\Server\7.0\bin;C:\Program Files\Git\cmd;C:\Users\gunag\AppData\Local\nvm;%NVM_SYMLINK%;C:\Program Files\Apache\apache-maven-3.9.11\bin;C:\Program Files\MySQL\MySQL Server 8.0\bin;C:\Program Files\nodejs\;C:\Program Files\MySQL\MySQL Shell 8.0\bin\;C:\Users\gunag\AppData\Local\Microsoft\WindowsApps;C:\Program Files\mongosh\;C:\Users\gunag\AppData\Local\Programs\Microsoft VS Code\bin;C:\Users\gunag\AppData\Local\nvm;%NVM_SYMLINK%;C:\Program Files\heroku\bin;C:\Users\gunag\AppData\Local\Programs\Microsoft VS Code Insiders\bin;C:\Users\gunag\AppData\Roaming\npm
USERNAME=gunag
OS=Windows_NT
PROCESSOR_IDENTIFIER=Intel64 Family 6 Model 154 Stepping 4, GenuineIntel
TMP=C:\Users\gunag\AppData\Local\Temp
TEMP=C:\Users\gunag\AppData\Local\Temp




Periodic native trim disabled

---------------  S Y S T E M  ---------------

OS:
 Windows 11 , 64 bit Build 26100 (10.0.26100.7309)
OS uptime: 0 days 2:49 hours
Hyper-V role detected

CPU: total 12 (initial active 12) (6 cores per cpu, 2 threads per core) family 6 model 154 stepping 4 microcode 0x42c, cx8, cmov, fxsr, ht, mmx, 3dnowpref, sse, sse2, sse3, ssse3, sse4.1, sse4.2, popcnt, lzcnt, tsc, tscinvbit, avx, avx2, aes, erms, clmul, bmi1, bmi2, adx, sha, fma, vzeroupper, clflush, clflushopt, clwb, hv, serialize, rdtscp, rdpid, fsrm, f16c, cet_ibt, cet_ss
Processor Information for processor 0
  Max Mhz: 1300, Current Mhz: 1300, Mhz Limit: 1300
Processor Information for processor 1
  Max Mhz: 1300, Current Mhz: 1300, Mhz Limit: 1300
Processor Information for processor 2
  Max Mhz: 1300, Current Mhz: 1300, Mhz Limit: 1300
Processor Information for processor 3
  Max Mhz: 1300, Current Mhz: 1300, Mhz Limit: 1300
Processor Information for processor 4
  Max Mhz: 1300, Current Mhz: 900, Mhz Limit: 897
Processor Information for processor 5
  Max Mhz: 1300, Current Mhz: 900, Mhz Limit: 897
Processor Information for processor 6
  Max Mhz: 1300, Current Mhz: 900, Mhz Limit: 897
Processor Information for processor 7
  Max Mhz: 1300, Current Mhz: 900, Mhz Limit: 897
Processor Information for processor 8
  Max Mhz: 1300, Current Mhz: 900, Mhz Limit: 897
Processor Information for processor 9
  Max Mhz: 1300, Current Mhz: 900, Mhz Limit: 897
Processor Information for processor 10
  Max Mhz: 1300, Current Mhz: 900, Mhz Limit: 897
Processor Information for processor 11
  Max Mhz: 1300, Current Mhz: 900, Mhz Limit: 897

Memory: 4k page, system-wide physical 7863M (500M free)
TotalPageFile size 32439M (AvailPageFile size 2M)
current process WorkingSet (physical memory assigned to process): 9M, peak: 290M
current process commit charge ("private bytes"): 348M, peak: 397M

vm_info: OpenJDK 64-Bit Server VM (21.0.9+10-LTS) for windows-amd64 JRE (21.0.9+10-LTS), built on 2025-10-21T00:00:00Z by "admin" with unknown MS VC++:1942

END.
